Archive member included to satisfy reference by file (symbol)

I:/ARM-GN~1.3/133167~1.3RE/bin/../lib/gcc/arm-none-eabi/13.3.1/thumb/v7-m/nofp\libgcc.a(_arm_muldf3.o)
                              CMakeFiles/Liu_c8t6.elf.dir/USER/AHT10.c.obj (__aeabi_dmul)
I:/ARM-GN~1.3/133167~1.3RE/bin/../lib/gcc/arm-none-eabi/13.3.1/thumb/v7-m/nofp\libgcc.a(_arm_mulsf3.o)
                              CMakeFiles/Liu_c8t6.elf.dir/Core/Src/main.c.obj (__aeabi_fmul)
I:/ARM-GN~1.3/133167~1.3RE/bin/../lib/gcc/arm-none-eabi/13.3.1/thumb/v7-m/nofp\libgcc.a(_arm_addsubdf3.o)
                              CMakeFiles/Liu_c8t6.elf.dir/USER/HCSR04.c.obj (__aeabi_dadd)
I:/ARM-GN~1.3/133167~1.3RE/bin/../lib/gcc/arm-none-eabi/13.3.1/thumb/v7-m/nofp\libgcc.a(_arm_truncdfsf2.o)
                              CMakeFiles/Liu_c8t6.elf.dir/USER/AHT10.c.obj (__aeabi_d2f)
I:/ARM-GN~1.3/133167~1.3RE/bin/../lib/gcc/arm-none-eabi/13.3.1/thumb/v7-m/nofp\libgcc.a(_arm_addsubsf3.o)
                              CMakeFiles/Liu_c8t6.elf.dir/USER/AHT10.c.obj (__aeabi_fsub)
I:/ARM-GN~1.3/133167~1.3RE/bin/../lib/gcc/arm-none-eabi/13.3.1/thumb/v7-m/nofp\libgcc.a(_arm_muldivsf3.o)
                              CMakeFiles/Liu_c8t6.elf.dir/USER/HCSR04.c.obj (__aeabi_fdiv)
I:/ARM-GN~1.3/133167~1.3RE/bin/../lib/gcc/arm-none-eabi/13.3.1/thumb/v7-m/nofp\libgcc.a(_arm_cmpsf2.o)
                              CMakeFiles/Liu_c8t6.elf.dir/USER/HCSR04.c.obj (__aeabi_fcmple)
I:/ARM-GN~1.3/133167~1.3RE/bin/../lib/gcc/arm-none-eabi/13.3.1/thumb/v7-m/nofp\libgcc.a(_arm_fixsfsi.o)
                              CMakeFiles/Liu_c8t6.elf.dir/Core/Src/main.c.obj (__aeabi_f2iz)
I:/ARM-GN~1.3/133167~1.3RE/bin/../lib/gcc/arm-none-eabi/13.3.1/thumb/v7-m/nofp\libgcc.a(_arm_fixunssfsi.o)
                              CMakeFiles/Liu_c8t6.elf.dir/Core/Src/main.c.obj (__aeabi_f2uiz)
I:/ARM-GN~1.3/133167~1.3RE/bin/../lib/gcc/arm-none-eabi/13.3.1/thumb/v7-m/nofp\libg.a(libc_a-exit.o)
                              I:/ARM-GN~1.3/133167~1.3RE/bin/../lib/gcc/arm-none-eabi/13.3.1/thumb/v7-m/nofp/crt0.o (exit)
I:/ARM-GN~1.3/133167~1.3RE/bin/../lib/gcc/arm-none-eabi/13.3.1/thumb/v7-m/nofp\libg.a(libc_a-findfp.o)
                              I:/ARM-GN~1.3/133167~1.3RE/bin/../lib/gcc/arm-none-eabi/13.3.1/thumb/v7-m/nofp\libg.a(libc_a-exit.o) (__stdio_exit_handler)
I:/ARM-GN~1.3/133167~1.3RE/bin/../lib/gcc/arm-none-eabi/13.3.1/thumb/v7-m/nofp\libg.a(libc_a-fwalk.o)
                              I:/ARM-GN~1.3/133167~1.3RE/bin/../lib/gcc/arm-none-eabi/13.3.1/thumb/v7-m/nofp\libg.a(libc_a-findfp.o) (_fwalk_sglue)
I:/ARM-GN~1.3/133167~1.3RE/bin/../lib/gcc/arm-none-eabi/13.3.1/thumb/v7-m/nofp\libg.a(libc_a-printf.o)
                              CMakeFiles/Liu_c8t6.elf.dir/Core/Src/main.c.obj (printf)
I:/ARM-GN~1.3/133167~1.3RE/bin/../lib/gcc/arm-none-eabi/13.3.1/thumb/v7-m/nofp\libg.a(libc_a-puts.o)
                              CMakeFiles/Liu_c8t6.elf.dir/Core/Src/main.c.obj (puts)
I:/ARM-GN~1.3/133167~1.3RE/bin/../lib/gcc/arm-none-eabi/13.3.1/thumb/v7-m/nofp\libg.a(libc_a-stdio.o)
                              I:/ARM-GN~1.3/133167~1.3RE/bin/../lib/gcc/arm-none-eabi/13.3.1/thumb/v7-m/nofp\libg.a(libc_a-findfp.o) (__sread)
I:/ARM-GN~1.3/133167~1.3RE/bin/../lib/gcc/arm-none-eabi/13.3.1/thumb/v7-m/nofp\libg.a(libc_a-memset.o)
                              I:/ARM-GN~1.3/133167~1.3RE/bin/../lib/gcc/arm-none-eabi/13.3.1/thumb/v7-m/nofp/crt0.o (memset)
I:/ARM-GN~1.3/133167~1.3RE/bin/../lib/gcc/arm-none-eabi/13.3.1/thumb/v7-m/nofp\libg.a(libc_a-closer.o)
                              I:/ARM-GN~1.3/133167~1.3RE/bin/../lib/gcc/arm-none-eabi/13.3.1/thumb/v7-m/nofp\libg.a(libc_a-stdio.o) (_close_r)
I:/ARM-GN~1.3/133167~1.3RE/bin/../lib/gcc/arm-none-eabi/13.3.1/thumb/v7-m/nofp\libg.a(libc_a-reent.o)
                              I:/ARM-GN~1.3/133167~1.3RE/bin/../lib/gcc/arm-none-eabi/13.3.1/thumb/v7-m/nofp\libg.a(libc_a-closer.o) (errno)
I:/ARM-GN~1.3/133167~1.3RE/bin/../lib/gcc/arm-none-eabi/13.3.1/thumb/v7-m/nofp\libg.a(libc_a-impure.o)
                              I:/ARM-GN~1.3/133167~1.3RE/bin/../lib/gcc/arm-none-eabi/13.3.1/thumb/v7-m/nofp\libg.a(libc_a-printf.o) (_impure_ptr)
I:/ARM-GN~1.3/133167~1.3RE/bin/../lib/gcc/arm-none-eabi/13.3.1/thumb/v7-m/nofp\libg.a(libc_a-lseekr.o)
                              I:/ARM-GN~1.3/133167~1.3RE/bin/../lib/gcc/arm-none-eabi/13.3.1/thumb/v7-m/nofp\libg.a(libc_a-stdio.o) (_lseek_r)
I:/ARM-GN~1.3/133167~1.3RE/bin/../lib/gcc/arm-none-eabi/13.3.1/thumb/v7-m/nofp\libg.a(libc_a-readr.o)
                              I:/ARM-GN~1.3/133167~1.3RE/bin/../lib/gcc/arm-none-eabi/13.3.1/thumb/v7-m/nofp\libg.a(libc_a-stdio.o) (_read_r)
I:/ARM-GN~1.3/133167~1.3RE/bin/../lib/gcc/arm-none-eabi/13.3.1/thumb/v7-m/nofp\libg.a(libc_a-writer.o)
                              I:/ARM-GN~1.3/133167~1.3RE/bin/../lib/gcc/arm-none-eabi/13.3.1/thumb/v7-m/nofp\libg.a(libc_a-stdio.o) (_write_r)
I:/ARM-GN~1.3/133167~1.3RE/bin/../lib/gcc/arm-none-eabi/13.3.1/thumb/v7-m/nofp\libg.a(libc_a-errno.o)
[...]
Memory Configuration

Name             Origin             Length             Attributes
RAM              0x20000000         0x00005000         xrw
FLASH            0x08000000         0x00010000         xr
*default*        0x00000000         0xffffffff

Linker script and memory map

LOAD I:/ARM-GN~1.3/133167~1.3RE/bin/../lib/gcc/arm-none-eabi/13.3.1/thumb/v7-m/nofp/crti.o
LOAD I:/ARM-GN~1.3/133167~1.3RE/bin/../lib/gcc/arm-none-eabi/13.3.1/thumb/v7-m/nofp/crtbegin.o
LOAD I:/ARM-GN~1.3/133167~1.3RE/bin/../lib/gcc/arm-none-eabi/13.3.1/thumb/v7-m/nofp/crt0.o
LOAD CMakeFiles/Liu_c8t6.elf.dir/Core/Src/gpio.c.obj
LOAD CMakeFiles/Liu_c8t6.elf.dir/Core/Src/i2c.c.obj
LOAD CMakeFiles/Liu_c8t6.elf.dir/Core/Src/iwdg.c.obj
LOAD CMakeFiles/Liu_c8t6.elf.dir/Core/Src/main.c.obj
LOAD CMakeFiles/Liu_c8t6.elf.dir/Core/Src/rtc.c.obj
LOAD CMakeFiles/Liu_c8t6.elf.dir/Core/Src/stm32f1xx_hal_msp.c.obj
LOAD CMakeFiles/Liu_c8t6.elf.dir/Core/Src/stm32f1xx_it.c.obj
LOAD CMakeFiles/Liu_c8t6.elf.dir/Core/Src/syscalls.c.obj
LOAD CMakeFiles/Liu_c8t6.elf.dir/Core/Src/sysmem.c.obj
LOAD CMakeFiles/Liu_c8t6.elf.dir/Core/Src/system_stm32f1xx.c.obj
LOAD CMakeFiles/Liu_c8t6.elf.dir/Core/Src/tim.c.obj
LOAD CMakeFiles/Liu_c8t6.elf.dir/Core/Src/usart.c.obj
LOAD CMakeFiles/Liu_c8t6.elf.dir/Core/Startup/startup_stm32f103c8tx.s.obj
LOAD CMakeFiles/Liu_c8t6.elf.dir/Drivers/STM32F1xx_HAL_Driver/Src/stm32f1xx_hal.c.obj
LOAD CMakeFiles/Liu_c8t6.elf.dir/Drivers/STM32F1xx_HAL_Driver/Src/stm32f1xx_hal_cortex.c.obj
LOAD CMakeFiles/Liu_c8t6.elf.dir/Drivers/STM32F1xx_HAL_Driver/Src/stm32f1xx_hal_dma.c.obj
LOAD CMakeFiles/Liu_c8t6.elf.dir/Drivers/STM32F1xx_HAL_Driver/Src/stm32f1xx_hal_exti.c.obj
LOAD CMakeFiles/Liu_c8t6.elf.dir/Drivers/STM32F1xx_HAL_Driver/Src/stm32f1xx_hal_flash.c.obj
LOAD CMakeFiles/Liu_c8t6.elf.dir/Drivers/STM32F1xx_HAL_Driver/Src/stm32f1xx_hal_flash_ex.c.obj
LOAD CMakeFiles/Liu_c8t6.elf.dir/Drivers/STM32F1xx_HAL_Driver/Src/stm32f1xx_hal_gpio.c.obj
LOAD CMakeFiles/Liu_c8t6.elf.dir/Drivers/STM32F1xx_HAL_Driver/Src/stm32f1xx_hal_gpio_ex.c.obj
LOAD CMakeFiles/Liu_c8t6.elf.dir/Drivers/STM32F1xx_HAL_Driver/Src/stm32f1xx_hal_i2c.c.obj
LOAD CMakeFiles/Liu_c8t6.elf.dir/Drivers/STM32F1xx_HAL_Driver/Src/stm32f1xx_hal_iwdg.c.obj
LOAD CMakeFiles/Liu_c8t6.elf.dir/Drivers/STM32F1xx_HAL_Driver/Src/stm32f1xx_hal_pwr.c.obj
LOAD CMakeFiles/Liu_c8t6.elf.dir/Drivers/STM32F1xx_HAL_Driver/Src/stm32f1xx_hal_rcc.c.obj
LOAD CMakeFiles/Liu_c8t6.elf.dir/Drivers/STM32F1xx_HAL_Driver/Src/stm32f1xx_hal_rcc_ex.c.obj
LOAD CMakeFiles/Liu_c8t6.elf.dir/Drivers/STM32F1xx_HAL_Driver/Src/stm32f1xx_hal_rtc.c.obj
LOAD CMakeFiles/Liu_c8t6.elf.dir/Drivers/STM32F1xx_HAL_Driver/Src/stm32f1xx_hal_rtc_ex.c.obj
LOAD CMakeFiles/Liu_c8t6.elf.dir/Drivers/STM32F1xx_HAL_Driver/Src/stm32f1xx_hal_tim.c.obj
LOAD CMakeFiles/Liu_c8t6.elf.dir/Drivers/STM32F1xx_HAL_Driver/Src/stm32f1xx_hal_tim_ex.c.obj
LOAD CMakeFiles/Liu_c8t6.elf.dir/Drivers/STM32F1xx_HAL_Driver/Src/stm32f1xx_hal_uart.c.obj
LOAD CMakeFiles/Liu_c8t6.elf.dir/MENU/MENU.c.obj
LOAD CMakeFiles/Liu_c8t6.elf.dir/MENU/MYRTC.c.obj
LOAD CMakeFiles/Liu_c8t6.elf.dir/OLED2/OLED2.c.obj
LOAD CMakeFiles/Liu_c8t6.elf.dir/USER/AHT10.c.obj
LOAD CMakeFiles/Liu_c8t6.elf.dir/USER/DS18B20.c.obj
LOAD CMakeFiles/Liu_c8t6.elf.dir/USER/Delay_us.c.obj
LOAD CMakeFiles/Liu_c8t6.elf.dir/USER/HCSR04.c.obj
LOAD CMakeFiles/Liu_c8t6.elf.dir/USER/MAX7219.c.obj
LOAD CMakeFiles/Liu_c8t6.elf.dir/USER/STMflash.c.obj
LOAD CMakeFiles/Liu_c8t6.elf.dir/USER/buzzer.c.obj
START GROUP
LOAD I:/ARM-GN~1.3/133167~1.3RE/bin/../lib/gcc/arm-none-eabi/13.3.1/thumb/v7-m/nofp\libgcc.a
LOAD I:/ARM-GN~1.3/133167~1.3RE/bin/../lib/gcc/arm-none-eabi/13.3.1/thumb/v7-m/nofp\libg.a
LOAD I:/ARM-GN~1.3/133167~1.3RE/bin/../lib/gcc/arm-none-eabi/13.3.1/thumb/v7-m/nofp\libc.a
END GROUP
LOAD I:/ARM-GN~1.3/133167~1.3RE/bin/../lib/gcc/arm-none-eabi/13.3.1/thumb/v7-m/nofp/crtend.o
LOAD I:/ARM-GN~1.3/133167~1.3RE/bin/../lib/gcc/arm-none-eabi/13.3.1/thumb/v7-m/nofp/crtn.o
                0x20005000                        _estack = (ORIGIN (RAM) + LENGTH (RAM))
                0x00000200                        _Min_Heap_Size = 0x200
                0x00000400                        _Min_Stack_Size = 0x400

.isr_vector     0x08000000      0x10c
                0x08000000                        . = ALIGN (0x4)
 *(.isr_vector)
 .isr_vector    0x08000000      0x10c CMakeFiles/Liu_c8t6.elf.dir/Core/Startup/startup_stm32f103c8tx.s.obj
                0x08000000                g_pfnVectors
                0x0800010c                        . = ALIGN (0x4)

.text           0x08000110     0xcb1c
                0x08000110                        . = ALIGN (0x4)
 *(.text)
 .text          0x08000110      0x378 I:/ARM-GN~1.3/133167~1.3RE/bin/../lib/gcc/arm-none-eabi/13.3.1/thumb/v7-m/nofp\libgcc.a(_arm_addsubdf3.o)
                0x08000110                __aeabi_drsub
                0x08000118                __aeabi_dsub
                0x08000118                __subdf3
                0x0800011c                __aeabi_dadd
                0x0800011c                __adddf3
                0x08000394                __floatunsidf
                0x08000394                __aeabi_ui2d
                0x080003b4                __floatsidf
                0x080003b4                __aeabi_i2d
                0x080003d8                __aeabi_f2d
                0x080003d8                __extendsfdf2
                0x0800041c                __floatundidf
                0x0800041c                __aeabi_ul2d
                0x0800042c                __floatdidf
                0x0800042c                __aeabi_l2d
 .text          0x08000488       0xa0 I:/ARM-GN~1.3/133167~1.3RE/bin/../lib/gcc/arm-none-eabi/13.3.1/thumb/v7-m/nofp\libgcc.a(_arm_truncdfsf2.o)
                0x08000488                __truncdfsf2
                0x08000488                __aeabi_d2f
 .text          0x08000528      0x21c I:/ARM-GN~1.3/133167~1.3RE/bin/../lib/gcc/arm-none-eabi/13.3.1/thumb/v7-m/nofp\libgcc.a(_arm_addsubsf3.o)
                0x08000528                __aeabi_frsub
                0x08000530                __subsf3
                0x08000530                __aeabi_fsub
                0x08000534                __aeabi_fadd
                0x08000534                __addsf3
                0x08000694                __aeabi_ui2f
                0x08000694                __floatunsisf
                0x0800069c                __aeabi_i2f
                0x0800069c                __floatsisf
                0x080006b8                __aeabi_ul2f
                0x080006b8                __floatundisf
                0x080006c8                __aeabi_l2f
                0x080006c8                __floatdisf
 .text          0x08000744      0x2a0 I:/ARM-GN~1.3/133167~1.3RE/bin/../lib/gcc/arm-none-eabi/13.3.1/thumb/v7-m/nofp\libgcc.a(_arm_muldivsf3.o)
                0x08000744                __mulsf3
                0x08000744                __aeabi_fmul
                0x080008ac                __aeabi_fdiv
                0x080008ac                __divsf3
 .text          0x080009e4       0x4c I:/ARM-GN~1.3/133167~1.3RE/bin/../lib/gcc/arm-none-eabi/13.3.1/thumb/v7-m/nofp\libgcc.a(_arm_fixsfsi.o)
                0x080009e4                __aeabi_f2iz
                0x080009e4                __fixsfsi
 .text          0x08000a30       0x40 I:/ARM-GN~1.3/133167~1.3RE/bin/../lib/gcc/arm-none-eabi/13.3.1/thumb/v7-m/nofp\libgcc.a(_arm_fixunssfsi.o)
                0x08000a30                __fixunssfsi
                0x08000a30                __aeabi_f2uiz
 .text          0x08000a70       0xec I:/ARM-GN~1.3/133167~1.3RE/bin/../lib/gcc/arm-none-eabi/13.3.1/thumb/v7-m/nofp\libg.a(libc_a-memcpy.o)
                0x08000a70                memcpy
 .text          0x08000b5c      0x424 I:/ARM-GN~1.3/133167~1.3RE/bin/../lib/gcc/arm-none-eabi/13.3.1/thumb/v7-m/nofp\libgcc.a(_arm_muldivdf3.o)
                0x08000b5c                __aeabi_dmul
                0x08000b5c                __muldf3
                0x08000db0                __divdf3
                0x08000db0                __aeabi_ddiv
 .text          0x08000f80      0x110 I:/ARM-GN~1.3/133167~1.3RE/bin/../lib/gcc/arm-none-eabi/13.3.1/thumb/v7-m/nofp\libgcc.a(_arm_cmpdf2.o)
                0x08000f80                __gtdf2
                0x08000f80                __gedf2
                0x08000f88                __ltdf2
                0x08000f88                __ledf2
                0x08000f90                __nedf2
                0x08000f90                __eqdf2
                0x08000f90                __cmpdf2
                0x0800100c                __aeabi_cdrcmple
                0x0800101c                __aeabi_cdcmpeq
                0x0800101c                __aeabi_cdcmple
                0x0800102c                __aeabi_dcmpeq
                0x08001040                __aeabi_dcmplt
                0x08001054                __aeabi_dcmple
                0x08001068                __aeabi_dcmpge
                0x0800107c                __aeabi_dcmpgt
 .text          0x08001090       0x2c I:/ARM-GN~1.3/133167~1.3RE/bin/../lib/gcc/arm-none-eabi/13.3.1/thumb/v7-m/nofp\libgcc.a(_arm_unorddf2.o)
                0x08001090                __unorddf2
                0x08001090                __aeabi_dcmpun
 .text          0x080010bc       0x50 I:/ARM-GN~1.3/133167~1.3RE/bin/../lib/gcc/arm-none-eabi/13.3.1/thumb/v7-m/nofp\libgcc.a(_arm_fixdfsi.o)
                0x080010bc                __aeabi_d2iz
                0x080010bc                __fixdfsi
 *(.text*)
 .text.deregister_tm_clones
                0x0800110c       0x1c I:/ARM-GN~1.3/133167~1.3RE/bin/../lib/gcc/arm-none-eabi/13.3.1/thumb/v7-m/nofp/crtbegin.o
 .text.register_tm_clones
                0x08001128       0x24 I:/ARM-GN~1.3/133167~1.3RE/bin/../lib/gcc/arm-none-eabi/13.3.1/thumb/v7-m/nofp/crtbegin.o
 .text.__do_global_dtors_aux
                0x0800114c       0x28 I:/ARM-GN~1.3/133167~1.3RE/bin/../lib/gcc/arm-none-eabi/13.3.1/thumb/v7-m/nofp/crtbegin.o
 .text.frame_dummy
                0x08001174       0x24 I:/ARM-GN~1.3/133167~1.3RE/bin/../lib/gcc/arm-none-eabi/13.3.1/thumb/v7-m/nofp/crtbegin.o
 .text.MX_GPIO_Init
                0x08001198      0x17c CMakeFiles/Liu_c8t6.elf.dir/Core/Src/gpio.c.obj
                0x08001198                MX_GPIO_Init
 .text.MX_I2C1_Init
                0x08001314       0x3c CMakeFiles/Liu_c8t6.elf.dir/Core/Src/i2c.c.obj
                0x08001314                MX_I2C1_Init
 .text.HAL_I2C_MspInit
                0x08001350       0x78 CMakeFiles/Liu_c8t6.elf.dir/Core/Src/i2c.c.obj
                0x08001350                HAL_I2C_MspInit
 .text.MX_IWDG_Init
                0x080013c8       0x28 CMakeFiles/Liu_c8t6.elf.dir/Core/Src/iwdg.c.obj
                0x080013c8                MX_IWDG_Init
 .text.Error_Handler
                0x080013f0        0x4 CMakeFiles/Liu_c8t6.elf.dir/Core/Src/main.c.obj
                0x080013f0                Error_Handler
 .text.SystemClock_Config
                0x080013f4       0x8a CMakeFiles/Liu_c8t6.elf.dir/Core/Src/main.c.obj
                0x080013f4                SystemClock_Config
 *fill*         0x0800147e        0x2 
 .text.main     0x08001480      0x464 CMakeFiles/Liu_c8t6.elf.dir/Core/Src/main.c.obj
                0x08001480                main
 .text.MX_RTC_Init
                0x080018e4       0x70 CMakeFiles/Liu_c8t6.elf.dir/Core/Src/rtc.c.obj
                0x080018e4                MX_RTC_Init
 .text.HAL_RTC_MspInit
                0x08001954       0x40 CMakeFiles/Liu_c8t6.elf.dir/Core/Src/rtc.c.obj
                0x08001954                HAL_RTC_MspInit
 .text.HAL_MspInit
                0x08001994       0x44 CMakeFiles/Liu_c8t6.elf.dir/Core/Src/stm32f1xx_hal_msp.c.obj
                0x08001994                HAL_MspInit
 .text.NMI_Handler
                0x080019d8        0x2 CMakeFiles/Liu_c8t6.elf.dir/Core/Src/stm32f1xx_it.c.obj
                0x080019d8                NMI_Handler
 .text.HardFault_Handler
                0x080019da        0x2 CMakeFiles/Liu_c8t6.elf.dir/Core/Src/stm32f1xx_it.c.obj
                0x080019da                HardFault_Handler
 .text.MemManage_Handler
                0x080019dc        0x2 CMakeFiles/Liu_c8t6.elf.dir/Core/Src/stm32f1xx_it.c.obj
                0x080019dc                MemManage_Handler
 .text.BusFault_Handler
                0x080019de        0x2 CMakeFiles/Liu_c8t6.elf.dir/Core/Src/stm32f1xx_it.c.obj
                0x080019de                BusFault_Handler
 .text.UsageFault_Handler
                0x080019e0        0x2 CMakeFiles/Liu_c8t6.elf.dir/Core/Src/stm32f1xx_it.c.obj
                0x080019e0                UsageFault_Handler
 .text.SVC_Handler
                0x080019e2        0x2 CMakeFiles/Liu_c8t6.elf.dir/Core/Src/stm32f1xx_it.c.obj
                0x080019e2                SVC_Handler
 .text.DebugMon_Handler
                0x080019e4        0x2 CMakeFiles/Liu_c8t6.elf.dir/Core/Src/stm32f1xx_it.c.obj
                0x080019e4                DebugMon_Handler
 .text.PendSV_Handler
                0x080019e6        0x2 CMakeFiles/Liu_c8t6.elf.dir/Core/Src/stm32f1xx_it.c.obj
                0x080019e6                PendSV_Handler
 .text.SysTick_Handler
                0x080019e8        0x8 CMakeFiles/Liu_c8t6.elf.dir/Core/Src/stm32f1xx_it.c.obj
                0x080019e8                SysTick_Handler
 .text.EXTI4_IRQHandler
                0x080019f0       0x3c CMakeFiles/Liu_c8t6.elf.dir/Core/Src/stm32f1xx_it.c.obj
                0x080019f0                EXTI4_IRQHandler
 .text.EXTI9_5_IRQHandler
                0x08001a2c       0x3c CMakeFiles/Liu_c8t6.elf.dir/Core/Src/stm32f1xx_it.c.obj
                0x08001a2c                EXTI9_5_IRQHandler
 .text.TIM1_UP_IRQHandler
                0x08001a68       0x34 CMakeFiles/Liu_c8t6.elf.dir/Core/Src/stm32f1xx_it.c.obj
                0x08001a68                TIM1_UP_IRQHandler
 .text.TIM2_IRQHandler
                0x08001a9c       0x28 CMakeFiles/Liu_c8t6.elf.dir/Core/Src/stm32f1xx_it.c.obj
                0x08001a9c                TIM2_IRQHandler
 .text.USART1_IRQHandler
                0x08001ac4       0x10 CMakeFiles/Liu_c8t6.elf.dir/Core/Src/stm32f1xx_it.c.obj
                0x08001ac4                USART1_IRQHandler
 .text.EXTI15_10_IRQHandler
                0x08001ad4      0x3d4 CMakeFiles/Liu_c8t6.elf.dir/Core/Src/stm32f1xx_it.c.obj
                0x08001ad4                EXTI15_10_IRQHandler
 .text._getpid  0x08001ea8        0x4 CMakeFiles/Liu_c8t6.elf.dir/Core/Src/syscalls.c.obj
                0x08001ea8                _getpid
 .text._kill    0x08001eac       0x10 CMakeFiles/Liu_c8t6.elf.dir/Core/Src/syscalls.c.obj
                0x08001eac                _kill
 .text._exit    0x08001ebc        0xc CMakeFiles/Liu_c8t6.elf.dir/Core/Src/syscalls.c.obj
                0x08001ebc                _exit
 .text._read    0x08001ec8       0x20 CMakeFiles/Liu_c8t6.elf.dir/Core/Src/syscalls.c.obj
                0x08001ec8                _read
 .text._write   0x08001ee8       0x1c CMakeFiles/Liu_c8t6.elf.dir/Core/Src/syscalls.c.obj
                0x08001ee8                _write
 .text._close   0x08001f04        0x6 CMakeFiles/Liu_c8t6.elf.dir/Core/Src/syscalls.c.obj
                0x08001f04                _close
 .text._fstat   0x08001f0a        0xa CMakeFiles/Liu_c8t6.elf.dir/Core/Src/syscalls.c.obj
                0x08001f0a                _fstat
 .text._isatty  0x08001f14        0x4 CMakeFiles/Liu_c8t6.elf.dir/Core/Src/syscalls.c.obj
                0x08001f14                _isatty
 .text._lseek   0x08001f18        0x4 CMakeFiles/Liu_c8t6.elf.dir/Core/Src/syscalls.c.obj
                0x08001f18                _lseek
 .text._sbrk    0x08001f1c       0x48 CMakeFiles/Liu_c8t6.elf.dir/Core/Src/sysmem.c.obj
                0x08001f1c                _sbrk
 .text.SystemInit
                0x08001f64        0x2 CMakeFiles/Liu_c8t6.elf.dir/Core/Src/system_stm32f1xx.c.obj
                0x08001f64                SystemInit
 *fill*         0x08001f66        0x2 
 .text.MX_TIM1_Init
                0x08001f68       0x70 CMakeFiles/Liu_c8t6.elf.dir/Core/Src/tim.c.obj
                0x08001f68                MX_TIM1_Init
 .text.MX_TIM2_Init
                0x08001fd8       0x6c CMakeFiles/Liu_c8t6.elf.dir/Core/Src/tim.c.obj
                0x08001fd8                MX_TIM2_Init
 .text.HAL_TIM_Base_MspInit
                0x08002044       0x70 CMakeFiles/Liu_c8t6.elf.dir/Core/Src/tim.c.obj
                0x08002044                HAL_TIM_Base_MspInit
 .text.MX_USART1_UART_Init
                0x080020b4       0x34 CMakeFiles/Liu_c8t6.elf.dir/Core/Src/usart.c.obj
                0x080020b4                MX_USART1_UART_Init
 .text.HAL_UART_MspInit
                0x080020e8       0x88 CMakeFiles/Liu_c8t6.elf.dir/Core/Src/usart.c.obj
                0x080020e8                HAL_UART_MspInit
 .text.__io_putchar
                0x08002170       0x20 CMakeFiles/Liu_c8t6.elf.dir/Core/Src/usart.c.obj
                0x08002170                __io_putchar
 .text.Reset_Handler
                0x08002190       0x48 CMakeFiles/Liu_c8t6.elf.dir/Core/Startup/startup_stm32f103c8tx.s.obj
                0x08002190                Reset_Handler
 .text.Default_Handler
                0x080021d8        0x2 CMakeFiles/Liu_c8t6.elf.dir/Core/Startup/startup_stm32f103c8tx.s.obj
                0x080021d8                RTC_Alarm_IRQHandler
                0x080021d8                EXTI2_IRQHandler
                0x080021d8                TIM1_CC_IRQHandler
                0x080021d8                PVD_IRQHandler
                0x080021d8                EXTI3_IRQHandler
                0x080021d8                EXTI0_IRQHandler
                0x080021d8                I2C2_EV_IRQHandler
                0x080021d8                ADC1_2_IRQHandler
                0x080021d8                SPI1_IRQHandler
                0x080021d8                TAMPER_IRQHandler
                0x080021d8                DMA1_Channel4_IRQHandler
                0x080021d8                USART3_IRQHandler
                0x080021d8                RTC_IRQHandler
                0x080021d8                DMA1_Channel7_IRQHandler
                0x080021d8                CAN1_RX1_IRQHandler
                0x080021d8                TIM4_IRQHandler
                0x080021d8                I2C1_EV_IRQHandler
                0x080021d8                DMA1_Channel6_IRQHandler
                0x080021d8                TIM3_IRQHandler
                0x080021d8                RCC_IRQHandler
                0x080021d8                TIM1_TRG_COM_IRQHandler
                0x080021d8                DMA1_Channel1_IRQHandler
                0x080021d8                Default_Handler
                0x080021d8                SPI2_IRQHandler
                0x080021d8                DMA1_Channel5_IRQHandler
                0x080021d8                USB_LP_CAN1_RX0_IRQHandler
                0x080021d8                USB_HP_CAN1_TX_IRQHandler
                0x080021d8                DMA1_Channel3_IRQHandler
                0x080021d8                WWDG_IRQHandler
                0x080021d8                TIM1_BRK_IRQHandler
                0x080021d8                EXTI1_IRQHandler
                0x080021d8                USART2_IRQHandler
                0x080021d8                I2C2_ER_IRQHandler
                0x080021d8                DMA1_Channel2_IRQHandler
                0x080021d8                CAN1_SCE_IRQHandler
                0x080021d8                FLASH_IRQHandler
                0x080021d8                I2C1_ER_IRQHandler
                0x080021d8                USBWakeUp_IRQHandler
 *fill*         0x080021da        0x2 
 .text.HAL_InitTick
                0x080021dc       0x4c CMakeFiles/Liu_c8t6.elf.dir/Drivers/STM32F1xx_HAL_Driver/Src/stm32f1xx_hal.c.obj
                0x080021dc                HAL_InitTick
 .text.HAL_Init
                0x08002228       0x24 CMakeFiles/Liu_c8t6.elf.dir/Drivers/STM32F1xx_HAL_Driver/Src/stm32f1xx_hal.c.obj
                0x08002228                HAL_Init
 .text.HAL_IncTick
                0x0800224c       0x18 CMakeFiles/Liu_c8t6.elf.dir/Drivers/STM32F1xx_HAL_Driver/Src/stm32f1xx_hal.c.obj
                0x0800224c                HAL_IncTick
 .text.HAL_GetTick
                0x08002264        0xc CMakeFiles/Liu_c8t6.elf.dir/Drivers/STM32F1xx_HAL_Driver/Src/stm32f1xx_hal.c.obj
                0x08002264                HAL_GetTick
 .text.HAL_Delay
                0x08002270       0x28 CMakeFiles/Liu_c8t6.elf.dir/Drivers/STM32F1xx_HAL_Driver/Src/stm32f1xx_hal.c.obj
                0x08002270                HAL_Delay
 .text.__NVIC_SetPriority
                0x08002298       0x28 CMakeFiles/Liu_c8t6.elf.dir/Drivers/STM32F1xx_HAL_Driver/Src/stm32f1xx_hal_cortex.c.obj
 .text.NVIC_EncodePriority
                0x080022c0       0x3e CMakeFiles/Liu_c8t6.elf.dir/Drivers/STM32F1xx_HAL_Driver/Src/stm32f1xx_hal_cortex.c.obj
 *fill*         0x080022fe        0x2 
 .text.HAL_NVIC_SetPriorityGrouping
                0x08002300       0x24 CMakeFiles/Liu_c8t6.elf.dir/Drivers/STM32F1xx_HAL_Driver/Src/stm32f1xx_hal_cortex.c.obj
                0x08002300                HAL_NVIC_SetPriorityGrouping
 .text.HAL_NVIC_SetPriority
                0x08002324       0x20 CMakeFiles/Liu_c8t6.elf.dir/Drivers/STM32F1xx_HAL_Driver/Src/stm32f1xx_hal_cortex.c.obj
                0x08002324                HAL_NVIC_SetPriority
 .text.HAL_NVIC_EnableIRQ
                0x08002344       0x1c CMakeFiles/Liu_c8t6.elf.dir/Drivers/STM32F1xx_HAL_Driver/Src/stm32f1xx_hal_cortex.c.obj
                0x08002344                HAL_NVIC_EnableIRQ
 .text.HAL_SYSTICK_Config
                0x08002360       0x28 CMakeFiles/Liu_c8t6.elf.dir/Drivers/STM32F1xx_HAL_Driver/Src/stm32f1xx_hal_cortex.c.obj
                0x08002360                HAL_SYSTICK_Config
 .text.HAL_DMA_Abort
                0x08002388       0x46 CMakeFiles/Liu_c8t6.elf.dir/Drivers/STM32F1xx_HAL_Driver/Src/stm32f1xx_hal_dma.c.obj
                0x08002388                HAL_DMA_Abort
 *fill*         0x080023ce        0x2 
 .text.HAL_DMA_Abort_IT
                0x080023d0       0x98 CMakeFiles/Liu_c8t6.elf.dir/Drivers/STM32F1xx_HAL_Driver/Src/stm32f1xx_hal_dma.c.obj
                0x080023d0                HAL_DMA_Abort_IT
 .text.FLASH_Program_HalfWord
                0x08002468       0x1c CMakeFiles/Liu_c8t6.elf.dir/Drivers/STM32F1xx_HAL_Driver/Src/stm32f1xx_hal_flash.c.obj
 .text.FLASH_SetErrorCode
                0x08002484       0x70 CMakeFiles/Liu_c8t6.elf.dir/Drivers/STM32F1xx_HAL_Driver/Src/stm32f1xx_hal_flash.c.obj
 .text.HAL_FLASH_Unlock
                0x080024f4       0x34 CMakeFiles/Liu_c8t6.elf.dir/Drivers/STM32F1xx_HAL_Driver/Src/stm32f1xx_hal_flash.c.obj
                0x080024f4                HAL_FLASH_Unlock
 .text.HAL_FLASH_Lock
                0x08002528       0x14 CMakeFiles/Liu_c8t6.elf.dir/Drivers/STM32F1xx_HAL_Driver/Src/stm32f1xx_hal_flash.c.obj
                0x08002528                HAL_FLASH_Lock
 .text.FLASH_WaitForLastOperation
                0x0800253c       0x68 CMakeFiles/Liu_c8t6.elf.dir/Drivers/STM32F1xx_HAL_Driver/Src/stm32f1xx_hal_flash.c.obj
                0x0800253c                FLASH_WaitForLastOperation
 .text.HAL_FLASH_Program
                0x080025a4       0xa0 CMakeFiles/Liu_c8t6.elf.dir/Drivers/STM32F1xx_HAL_Driver/Src/stm32f1xx_hal_flash.c.obj
                0x080025a4                HAL_FLASH_Program
 .text.HAL_GPIO_Init
                0x08002644      0x21c CMakeFiles/Liu_c8t6.elf.dir/Drivers/STM32F1xx_HAL_Driver/Src/stm32f1xx_hal_gpio.c.obj
                0x08002644                HAL_GPIO_Init
 .text.HAL_GPIO_ReadPin
                0x08002860        0xe CMakeFiles/Liu_c8t6.elf.dir/Drivers/STM32F1xx_HAL_Driver/Src/stm32f1xx_hal_gpio.c.obj
                0x08002860                HAL_GPIO_ReadPin
 .text.HAL_GPIO_WritePin
                0x0800286e        0xc CMakeFiles/Liu_c8t6.elf.dir/Drivers/STM32F1xx_HAL_Driver/Src/stm32f1xx_hal_gpio.c.obj
                0x0800286e                HAL_GPIO_WritePin
 .text.HAL_GPIO_EXTI_Callback
                0x0800287a        0x2 CMakeFiles/Liu_c8t6.elf.dir/Drivers/STM32F1xx_HAL_Driver/Src/stm32f1xx_hal_gpio.c.obj
                0x0800287a                HAL_GPIO_EXTI_Callback
 .text.HAL_GPIO_EXTI_IRQHandler
                0x0800287c       0x1c CMakeFiles/Liu_c8t6.elf.dir/Drivers/STM32F1xx_HAL_Driver/Src/stm32f1xx_hal_gpio.c.obj
                0x0800287c                HAL_GPIO_EXTI_IRQHandler
 .text.I2C_IsAcknowledgeFailed
                0x08002898       0x32 CMakeFiles/Liu_c8t6.elf.dir/Drivers/STM32F1xx_HAL_Driver/Src/stm32f1xx_hal_i2c.c.obj
 .text.I2C_WaitOnFlagUntilTimeout
                0x080028ca       0xaa CMakeFiles/Liu_c8t6.elf.dir/Drivers/STM32F1xx_HAL_Driver/Src/stm32f1xx_hal_i2c.c.obj
 .text.I2C_WaitOnMasterAddressFlagUntilTimeout
                0x08002974       0xd6 CMakeFiles/Liu_c8t6.elf.dir/Drivers/STM32F1xx_HAL_Driver/Src/stm32f1xx_hal_i2c.c.obj
 *fill*         0x08002a4a        0x2 
 .text.I2C_MasterRequestWrite
                0x08002a4c       0xb4 CMakeFiles/Liu_c8t6.elf.dir/Drivers/STM32F1xx_HAL_Driver/Src/stm32f1xx_hal_i2c.c.obj
 .text.I2C_MasterRequestRead
                0x08002b00      0x120 CMakeFiles/Liu_c8t6.elf.dir/Drivers/STM32F1xx_HAL_Driver/Src/stm32f1xx_hal_i2c.c.obj
 .text.I2C_WaitOnTXEFlagUntilTimeout
                0x08002c20       0x5e CMakeFiles/Liu_c8t6.elf.dir/Drivers/STM32F1xx_HAL_Driver/Src/stm32f1xx_hal_i2c.c.obj
 .text.I2C_WaitOnBTFFlagUntilTimeout
                0x08002c7e       0x5e CMakeFiles/Liu_c8t6.elf.dir/Drivers/STM32F1xx_HAL_Driver/Src/stm32f1xx_hal_i2c.c.obj
 .text.I2C_WaitOnRXNEFlagUntilTimeout
                0x08002cdc       0x78 CMakeFiles/Liu_c8t6.elf.dir/Drivers/STM32F1xx_HAL_Driver/Src/stm32f1xx_hal_i2c.c.obj
 .text.HAL_I2C_Init
                0x08002d54      0x1bc CMakeFiles/Liu_c8t6.elf.dir/Drivers/STM32F1xx_HAL_Driver/Src/stm32f1xx_hal_i2c.c.obj
                0x08002d54                HAL_I2C_Init
 .text.HAL_I2C_Master_Transmit
                0x08002f10      0x178 CMakeFiles/Liu_c8t6.elf.dir/Drivers/STM32F1xx_HAL_Driver/Src/stm32f1xx_hal_i2c.c.obj
                0x08002f10                HAL_I2C_Master_Transmit
 .text.HAL_I2C_Master_Receive
                0x08003088      0x358 CMakeFiles/Liu_c8t6.elf.dir/Drivers/STM32F1xx_HAL_Driver/Src/stm32f1xx_hal_i2c.c.obj
                0x08003088                HAL_I2C_Master_Receive
 .text.HAL_IWDG_Init
                0x080033e0       0x5c CMakeFiles/Liu_c8t6.elf.dir/Drivers/STM32F1xx_HAL_Driver/Src/stm32f1xx_hal_iwdg.c.obj
                0x080033e0                HAL_IWDG_Init
 .text.HAL_IWDG_Refresh
                0x0800343c        0xc CMakeFiles/Liu_c8t6.elf.dir/Drivers/STM32F1xx_HAL_Driver/Src/stm32f1xx_hal_iwdg.c.obj
                0x0800343c                HAL_IWDG_Refresh
 .text.HAL_PWR_EnableBkUpAccess
                0x08003448        0xc CMakeFiles/Liu_c8t6.elf.dir/Drivers/STM32F1xx_HAL_Driver/Src/stm32f1xx_hal_pwr.c.obj
                0x08003448                HAL_PWR_EnableBkUpAccess
 .text.RCC_Delay
                0x08003454       0x2c CMakeFiles/Liu_c8t6.elf.dir/Drivers/STM32F1xx_HAL_Driver/Src/stm32f1xx_hal_rcc.c.obj
 .text.HAL_RCC_OscConfig
                0x08003480      0x410 CMakeFiles/Liu_c8t6.elf.dir/Drivers/STM32F1xx_HAL_Driver/Src/stm32f1xx_hal_rcc.c.obj
                0x08003480                HAL_RCC_OscConfig
 .text.HAL_RCC_GetSysClockFreq
                0x08003890       0x54 CMakeFiles/Liu_c8t6.elf.dir/Drivers/STM32F1xx_HAL_Driver/Src/stm32f1xx_hal_rcc.c.obj
                0x08003890                HAL_RCC_GetSysClockFreq
 .text.HAL_RCC_ClockConfig
                0x080038e4      0x16c CMakeFiles/Liu_c8t6.elf.dir/Drivers/STM32F1xx_HAL_Driver/Src/stm32f1xx_hal_rcc.c.obj
                0x080038e4                HAL_RCC_ClockConfig
 .text.HAL_RCC_GetHCLKFreq
                0x08003a50        0xc CMakeFiles/Liu_c8t6.elf.dir/Drivers/STM32F1xx_HAL_Driver/Src/stm32f1xx_hal_rcc.c.obj
                0x08003a50                HAL_RCC_GetHCLKFreq
 .text.HAL_RCC_GetPCLK1Freq
                0x08003a5c       0x20 CMakeFiles/Liu_c8t6.elf.dir/Drivers/STM32F1xx_HAL_Driver/Src/stm32f1xx_hal_rcc.c.obj
                0x08003a5c                HAL_RCC_GetPCLK1Freq
 .text.HAL_RCC_GetPCLK2Freq
                0x08003a7c       0x20 CMakeFiles/Liu_c8t6.elf.dir/Drivers/STM32F1xx_HAL_Driver/Src/stm32f1xx_hal_rcc.c.obj
                0x08003a7c                HAL_RCC_GetPCLK2Freq
 .text.HAL_RCCEx_PeriphCLKConfig
                0x08003a9c      0x118 CMakeFiles/Liu_c8t6.elf.dir/Drivers/STM32F1xx_HAL_Driver/Src/stm32f1xx_hal_rcc_ex.c.obj
                0x08003a9c                HAL_RCCEx_PeriphCLKConfig
 .text.HAL_RCCEx_GetPeriphCLKFreq
                0x08003bb4       0xd8 CMakeFiles/Liu_c8t6.elf.dir/Drivers/STM32F1xx_HAL_Driver/Src/stm32f1xx_hal_rcc_ex.c.obj
                0x08003bb4                HAL_RCCEx_GetPeriphCLKFreq
 .text.RTC_EnterInitMode
                0x08003c8c       0x30 CMakeFiles/Liu_c8t6.elf.dir/Drivers/STM32F1xx_HAL_Driver/Src/stm32f1xx_hal_rtc.c.obj
 .text.RTC_ExitInitMode
                0x08003cbc       0x32 CMakeFiles/Liu_c8t6.elf.dir/Drivers/STM32F1xx_HAL_Driver/Src/stm32f1xx_hal_rtc.c.obj
 .text.HAL_RTC_WaitForSynchro
                0x08003cee       0x38 CMakeFiles/Liu_c8t6.elf.dir/Drivers/STM32F1xx_HAL_Driver/Src/stm32f1xx_hal_rtc.c.obj
                0x08003cee                HAL_RTC_WaitForSynchro
 *fill*         0x08003d26        0x2 
 .text.HAL_RTC_Init
                0x08003d28       0xb0 CMakeFiles/Liu_c8t6.elf.dir/Drivers/STM32F1xx_HAL_Driver/Src/stm32f1xx_hal_rtc.c.obj
                0x08003d28                HAL_RTC_Init
 .text.HAL_RTCEx_BKUPWrite
                0x08003dd8       0x10 CMakeFiles/Liu_c8t6.elf.dir/Drivers/STM32F1xx_HAL_Driver/Src/stm32f1xx_hal_rtc_ex.c.obj
                0x08003dd8                HAL_RTCEx_BKUPWrite
 .text.HAL_RTCEx_BKUPRead
                0x08003de8       0x10 CMakeFiles/Liu_c8t6.elf.dir/Drivers/STM32F1xx_HAL_Driver/Src/stm32f1xx_hal_rtc_ex.c.obj
                0x08003de8                HAL_RTCEx_BKUPRead
 .text.TIM_TI1_ConfigInputStage
                0x08003df8       0x24 CMakeFiles/Liu_c8t6.elf.dir/Drivers/STM32F1xx_HAL_Driver/Src/stm32f1xx_hal_tim.c.obj
 .text.TIM_TI2_ConfigInputStage
                0x08003e1c       0x26 CMakeFiles/Liu_c8t6.elf.dir/Drivers/STM32F1xx_HAL_Driver/Src/stm32f1xx_hal_tim.c.obj
 .text.TIM_ITRx_SetConfig
                0x08003e42       0x10 CMakeFiles/Liu_c8t6.elf.dir/Drivers/STM32F1xx_HAL_Driver/Src/stm32f1xx_hal_tim.c.obj
 *fill*         0x08003e52        0x2 
 .text.HAL_TIM_Base_Start_IT
                0x08003e54       0x68 CMakeFiles/Liu_c8t6.elf.dir/Drivers/STM32F1xx_HAL_Driver/Src/stm32f1xx_hal_tim.c.obj
                0x08003e54                HAL_TIM_Base_Start_IT
 .text.HAL_TIM_Base_Stop_IT
                0x08003ebc       0x32 CMakeFiles/Liu_c8t6.elf.dir/Drivers/STM32F1xx_HAL_Driver/Src/stm32f1xx_hal_tim.c.obj
                0x08003ebc                HAL_TIM_Base_Stop_IT
 .text.HAL_TIM_PeriodElapsedCallback
                0x08003eee        0x2 CMakeFiles/Liu_c8t6.elf.dir/Drivers/STM32F1xx_HAL_Driver/Src/stm32f1xx_hal_tim.c.obj
                0x08003eee                HAL_TIM_PeriodElapsedCallback
 .text.HAL_TIM_OC_DelayElapsedCallback
                0x08003ef0        0x2 CMakeFiles/Liu_c8t6.elf.dir/Drivers/STM32F1xx_HAL_Driver/Src/stm32f1xx_hal_tim.c.obj
                0x08003ef0                HAL_TIM_OC_DelayElapsedCallback
 .text.HAL_TIM_IC_CaptureCallback
                0x08003ef2        0x2 CMakeFiles/Liu_c8t6.elf.dir/Drivers/STM32F1xx_HAL_Driver/Src/stm32f1xx_hal_tim.c.obj
                0x08003ef2                HAL_TIM_IC_CaptureCallback
 .text.HAL_TIM_PWM_PulseFinishedCallback
                0x08003ef4        0x2 CMakeFiles/Liu_c8t6.elf.dir/Drivers/STM32F1xx_HAL_Driver/Src/stm32f1xx_hal_tim.c.obj
                0x08003ef4                HAL_TIM_PWM_PulseFinishedCallback
 .text.HAL_TIM_TriggerCallback
                0x08003ef6        0x2 CMakeFiles/Liu_c8t6.elf.dir/Drivers/STM32F1xx_HAL_Driver/Src/stm32f1xx_hal_tim.c.obj
                0x08003ef6                HAL_TIM_TriggerCallback
 .text.HAL_TIM_IRQHandler
                0x08003ef8      0x15e CMakeFiles/Liu_c8t6.elf.dir/Drivers/STM32F1xx_HAL_Driver/Src/stm32f1xx_hal_tim.c.obj
                0x08003ef8                HAL_TIM_IRQHandler
 *fill*         0x08004056        0x2 
 .text.TIM_Base_SetConfig
                0x08004058       0x84 CMakeFiles/Liu_c8t6.elf.dir/Drivers/STM32F1xx_HAL_Driver/Src/stm32f1xx_hal_tim.c.obj
                0x08004058                TIM_Base_SetConfig
 .text.HAL_TIM_Base_Init
                0x080040dc       0x58 CMakeFiles/Liu_c8t6.elf.dir/Drivers/STM32F1xx_HAL_Driver/Src/stm32f1xx_hal_tim.c.obj
                0x080040dc                HAL_TIM_Base_Init
 .text.TIM_ETR_SetConfig
                0x08004134       0x18 CMakeFiles/Liu_c8t6.elf.dir/Drivers/STM32F1xx_HAL_Driver/Src/stm32f1xx_hal_tim.c.obj
                0x08004134                TIM_ETR_SetConfig
 .text.HAL_TIM_ConfigClockSource
                0x0800414c       0xfe CMakeFiles/Liu_c8t6.elf.dir/Drivers/STM32F1xx_HAL_Driver/Src/stm32f1xx_hal_tim.c.obj
                0x0800414c                HAL_TIM_ConfigClockSource
 *fill*         0x0800424a        0x2 
 .text.HAL_TIMEx_MasterConfigSynchronization
                0x0800424c       0x6c CMakeFiles/Liu_c8t6.elf.dir/Drivers/STM32F1xx_HAL_Driver/Src/stm32f1xx_hal_tim_ex.c.obj
                0x0800424c                HAL_TIMEx_MasterConfigSynchronization
 .text.HAL_TIMEx_CommutCallback
                0x080042b8        0x2 CMakeFiles/Liu_c8t6.elf.dir/Drivers/STM32F1xx_HAL_Driver/Src/stm32f1xx_hal_tim_ex.c.obj
                0x080042b8                HAL_TIMEx_CommutCallback
 .text.HAL_TIMEx_BreakCallback
                0x080042ba        0x2 CMakeFiles/Liu_c8t6.elf.dir/Drivers/STM32F1xx_HAL_Driver/Src/stm32f1xx_hal_tim_ex.c.obj
                0x080042ba                HAL_TIMEx_BreakCallback
 .text.UART_EndRxTransfer
                0x080042bc       0x5c CMakeFiles/Liu_c8t6.elf.dir/Drivers/STM32F1xx_HAL_Driver/Src/stm32f1xx_hal_uart.c.obj
 .text.UART_Transmit_IT
                0x08004318       0x60 CMakeFiles/Liu_c8t6.elf.dir/Drivers/STM32F1xx_HAL_Driver/Src/stm32f1xx_hal_uart.c.obj
 .text.UART_SetConfig
                0x08004378       0x94 CMakeFiles/Liu_c8t6.elf.dir/Drivers/STM32F1xx_HAL_Driver/Src/stm32f1xx_hal_uart.c.obj
 .text.UART_WaitOnFlagUntilTimeout
                0x0800440c       0x86 CMakeFiles/Liu_c8t6.elf.dir/Drivers/STM32F1xx_HAL_Driver/Src/stm32f1xx_hal_uart.c.obj
 .text.HAL_UART_Init
                0x08004492       0x60 CMakeFiles/Liu_c8t6.elf.dir/Drivers/STM32F1xx_HAL_Driver/Src/stm32f1xx_hal_uart.c.obj
                0x08004492                HAL_UART_Init
 .text.HAL_UART_Transmit
                0x080044f2       0xcc CMakeFiles/Liu_c8t6.elf.dir/Drivers/STM32F1xx_HAL_Driver/Src/stm32f1xx_hal_uart.c.obj
                0x080044f2                HAL_UART_Transmit
 .text.HAL_UART_TxCpltCallback
                0x080045be        0x2 CMakeFiles/Liu_c8t6.elf.dir/Drivers/STM32F1xx_HAL_Driver/Src/stm32f1xx_hal_uart.c.obj
                0x080045be                HAL_UART_TxCpltCallback
 .text.UART_EndTransmit_IT
                0x080045c0       0x1a CMakeFiles/Liu_c8t6.elf.dir/Drivers/STM32F1xx_HAL_Driver/Src/stm32f1xx_hal_uart.c.obj
 .text.HAL_UART_RxCpltCallback
                0x080045da        0x2 CMakeFiles/Liu_c8t6.elf.dir/Drivers/STM32F1xx_HAL_Driver/Src/stm32f1xx_hal_uart.c.obj
                0x080045da                HAL_UART_RxCpltCallback
 .text.HAL_UART_ErrorCallback
                0x080045dc        0x2 CMakeFiles/Liu_c8t6.elf.dir/Drivers/STM32F1xx_HAL_Driver/Src/stm32f1xx_hal_uart.c.obj
                0x080045dc                HAL_UART_ErrorCallback
 .text.UART_DMAAbortOnError
                0x080045de       0x10 CMakeFiles/Liu_c8t6.elf.dir/Drivers/STM32F1xx_HAL_Driver/Src/stm32f1xx_hal_uart.c.obj
 .text.HAL_UARTEx_RxEventCallback
                0x080045ee        0x2 CMakeFiles/Liu_c8t6.elf.dir/Drivers/STM32F1xx_HAL_Driver/Src/stm32f1xx_hal_uart.c.obj
                0x080045ee                HAL_UARTEx_RxEventCallback
 .text.UART_Receive_IT
                0x080045f0       0xe6 CMakeFiles/Liu_c8t6.elf.dir/Drivers/STM32F1xx_HAL_Driver/Src/stm32f1xx_hal_uart.c.obj
 *fill*         0x080046d6        0x2 
 .text.HAL_UART_IRQHandler
                0x080046d8      0x284 CMakeFiles/Liu_c8t6.elf.dir/Drivers/STM32F1xx_HAL_Driver/Src/stm32f1xx_hal_uart.c.obj
                0x080046d8                HAL_UART_IRQHandler
 .text.My_ShowChar
                0x0800495c       0x7c CMakeFiles/Liu_c8t6.elf.dir/MENU/MENU.c.obj
                0x0800495c                My_ShowChar
 .text.menu_1   0x080049d8      0x108 CMakeFiles/Liu_c8t6.elf.dir/MENU/MENU.c.obj
                0x080049d8                menu_1
 .text.menu_2   0x08004ae0       0x98 CMakeFiles/Liu_c8t6.elf.dir/MENU/MENU.c.obj
                0x08004ae0                menu_2
 .text.menu_3   0x08004b78      0x108 CMakeFiles/Liu_c8t6.elf.dir/MENU/MENU.c.obj
                0x08004b78                menu_3
 .text.menu_4   0x08004c80      0x15e CMakeFiles/Liu_c8t6.elf.dir/MENU/MENU.c.obj
                0x08004c80                menu_4
 .text.menu_5   0x08004dde      0x15e CMakeFiles/Liu_c8t6.elf.dir/MENU/MENU.c.obj
                0x08004dde                menu_5
 .text.Select_menu
                0x08004f3c      0x2e8 CMakeFiles/Liu_c8t6.elf.dir/MENU/MENU.c.obj
                0x08004f3c                Select_menu
 .text.Updata_menu2
                0x08005224       0x84 CMakeFiles/Liu_c8t6.elf.dir/MENU/MENU.c.obj
                0x08005224                Updata_menu2
 .text.Updata_menu4
                0x080052a8      0x154 CMakeFiles/Liu_c8t6.elf.dir/MENU/MENU.c.obj
                0x080052a8                Updata_menu4
 .text.Updata_menu5
                0x080053fc       0xc8 CMakeFiles/Liu_c8t6.elf.dir/MENU/MENU.c.obj
                0x080053fc                Updata_menu5
 .text.Delete_select
                0x080054c4       0xc4 CMakeFiles/Liu_c8t6.elf.dir/MENU/MENU.c.obj
                0x080054c4                Delete_select
 .text.Dotting  0x08005588       0x2c CMakeFiles/Liu_c8t6.elf.dir/MENU/MENU.c.obj
                0x08005588                Dotting
 .text.Retrude  0x080055b4       0x16 CMakeFiles/Liu_c8t6.elf.dir/MENU/MENU.c.obj
                0x080055b4                Retrude
 .text.RTC_ReadTimeCounter
                0x080055ca       0x2a CMakeFiles/Liu_c8t6.elf.dir/MENU/MYRTC.c.obj
 .text.getMonthDay
                0x080055f4       0x4c CMakeFiles/Liu_c8t6.elf.dir/MENU/MYRTC.c.obj
 .text.RTC_EnterInitMode
                0x08005640       0x30 CMakeFiles/Liu_c8t6.elf.dir/MENU/MYRTC.c.obj
 .text.RTC_ExitInitMode
                0x08005670       0x32 CMakeFiles/Liu_c8t6.elf.dir/MENU/MYRTC.c.obj
 .text.RTC_WriteTimeCounter
                0x080056a2       0x2a CMakeFiles/Liu_c8t6.elf.dir/MENU/MYRTC.c.obj
 .text.CalWeek  0x080056cc       0xb0 CMakeFiles/Liu_c8t6.elf.dir/MENU/MYRTC.c.obj
                0x080056cc                CalWeek
 .text.GetDiffDay
                0x0800577c       0xa0 CMakeFiles/Liu_c8t6.elf.dir/MENU/MYRTC.c.obj
                0x0800577c                GetDiffDay
 .text.RtcSetDateTime
                0x0800581c       0x48 CMakeFiles/Liu_c8t6.elf.dir/MENU/MYRTC.c.obj
                0x0800581c                RtcSetDateTime
 .text.CalculateDate
                0x08005864       0x78 CMakeFiles/Liu_c8t6.elf.dir/MENU/MYRTC.c.obj
                0x08005864                CalculateDate
 .text.RtcGetDateTime
                0x080058dc       0xbc CMakeFiles/Liu_c8t6.elf.dir/MENU/MYRTC.c.obj
                0x080058dc                RtcGetDateTime
 .text.OLED_I2C_Init
                0x08005998       0x60 CMakeFiles/Liu_c8t6.elf.dir/OLED2/OLED2.c.obj
                0x08005998                OLED_I2C_Init
 .text.OLED2_I2C_Start
                0x080059f8       0x34 CMakeFiles/Liu_c8t6.elf.dir/OLED2/OLED2.c.obj
                0x080059f8                OLED2_I2C_Start
 .text.OLED2_I2C_Stop
                0x08005a2c       0x28 CMakeFiles/Liu_c8t6.elf.dir/OLED2/OLED2.c.obj
                0x08005a2c                OLED2_I2C_Stop
 .text.OLED2_I2C_WaitAck
                0x08005a54       0x28 CMakeFiles/Liu_c8t6.elf.dir/OLED2/OLED2.c.obj
                0x08005a54                OLED2_I2C_WaitAck
 .text.OLED_Send_Byte
                0x08005a7c       0x4c CMakeFiles/Liu_c8t6.elf.dir/OLED2/OLED2.c.obj
                0x08005a7c                OLED_Send_Byte
 .text.OLED_WR_Byte
                0x08005ac8       0x38 CMakeFiles/Liu_c8t6.elf.dir/OLED2/OLED2.c.obj
                0x08005ac8                OLED_WR_Byte
 .text.OLED_Refresh
                0x08005b00       0x6c CMakeFiles/Liu_c8t6.elf.dir/OLED2/OLED2.c.obj
                0x08005b00                OLED_Refresh
 .text.OLED_Clear
                0x08005b6c       0x30 CMakeFiles/Liu_c8t6.elf.dir/OLED2/OLED2.c.obj
                0x08005b6c                OLED_Clear
 .text.OLED_DrawPoint
                0x08005b9c       0x48 CMakeFiles/Liu_c8t6.elf.dir/OLED2/OLED2.c.obj
                0x08005b9c                OLED_DrawPoint
 .text.OLED_DrawLine
                0x08005be4       0xa6 CMakeFiles/Liu_c8t6.elf.dir/OLED2/OLED2.c.obj
                0x08005be4                OLED_DrawLine
 *fill*         0x08005c8a        0x2 
 .text.OLED_ShowChar
                0x08005c8c      0x154 CMakeFiles/Liu_c8t6.elf.dir/OLED2/OLED2.c.obj
                0x08005c8c                OLED_ShowChar
 .text.OLED_ShowString
                0x08005de0       0x46 CMakeFiles/Liu_c8t6.elf.dir/OLED2/OLED2.c.obj
                0x08005de0                OLED_ShowString
 .text.OLED_Pow
                0x08005e26       0x16 CMakeFiles/Liu_c8t6.elf.dir/OLED2/OLED2.c.obj
                0x08005e26                OLED_Pow
 .text.OLED_ShowNum
                0x08005e3c       0x94 CMakeFiles/Liu_c8t6.elf.dir/OLED2/OLED2.c.obj
                0x08005e3c                OLED_ShowNum
 .text.OLED_ShowChinese
                0x08005ed0      0x100 CMakeFiles/Liu_c8t6.elf.dir/OLED2/OLED2.c.obj
                0x08005ed0                OLED_ShowChinese
 .text.OLED_Init
                0x08005fd0       0xf2 CMakeFiles/Liu_c8t6.elf.dir/OLED2/OLED2.c.obj
                0x08005fd0                OLED_Init
 *fill*         0x080060c2        0x2 
 .text.AHT10_Init
                0x080060c4       0x28 CMakeFiles/Liu_c8t6.elf.dir/USER/AHT10.c.obj
                0x080060c4                AHT10_Init
 .text.AHT10_SoftReset
                0x080060ec       0x30 CMakeFiles/Liu_c8t6.elf.dir/USER/AHT10.c.obj
                0x080060ec                AHT10_SoftReset
 .text.AHT10_TrigeMea
                0x0800611c       0x38 CMakeFiles/Liu_c8t6.elf.dir/USER/AHT10.c.obj
                0x0800611c                AHT10_TrigeMea
 .text.AHT10_Read_predata
                0x08006154       0xc8 CMakeFiles/Liu_c8t6.elf.dir/USER/AHT10.c.obj
                0x08006154                AHT10_Read_predata
 .text.DS18B20_Read_Byte
                0x0800621c       0xa0 CMakeFiles/Liu_c8t6.elf.dir/USER/DS18B20.c.obj
                0x0800621c                DS18B20_Read_Byte
 .text.DS18B20_Write_Byte
                0x080062bc       0x84 CMakeFiles/Liu_c8t6.elf.dir/USER/DS18B20.c.obj
                0x080062bc                DS18B20_Write_Byte
 .text.DS18B20_Check
                0x08006340       0xac CMakeFiles/Liu_c8t6.elf.dir/USER/DS18B20.c.obj
                0x08006340                DS18B20_Check
 .text.DS18B20_GPIO_Init
                0x080063ec       0x5c CMakeFiles/Liu_c8t6.elf.dir/USER/DS18B20.c.obj
                0x080063ec                DS18B20_GPIO_Init
 .text.DS18B20_Start
                0x08006448       0x14 CMakeFiles/Liu_c8t6.elf.dir/USER/DS18B20.c.obj
                0x08006448                DS18B20_Start
 .text.DS18B20_GetTemperture
                0x0800645c       0x60 CMakeFiles/Liu_c8t6.elf.dir/USER/DS18B20.c.obj
                0x0800645c                DS18B20_GetTemperture
 .text.Delay_us
                0x080064bc       0x5c CMakeFiles/Liu_c8t6.elf.dir/USER/Delay_us.c.obj
                0x080064bc                Delay_us
 .text.Ultrasonic_Init
                0x08006518       0xac CMakeFiles/Liu_c8t6.elf.dir/USER/HCSR04.c.obj
                0x08006518                Ultrasonic_Init
 .text.Open_Timer
                0x080065c4       0x1c CMakeFiles/Liu_c8t6.elf.dir/USER/HCSR04.c.obj
                0x080065c4                Open_Timer
 .text.Get_TIMER_Count
                0x080065e0       0x2c CMakeFiles/Liu_c8t6.elf.dir/USER/HCSR04.c.obj
                0x080065e0                Get_TIMER_Count
 .text.Close_Timer
                0x0800660c       0x10 CMakeFiles/Liu_c8t6.elf.dir/USER/HCSR04.c.obj
                0x0800660c                Close_Timer
 *fill*         0x0800661c        0x4 
 .text.Hcsr04GetLength_offset
                0x08006620      0x120 CMakeFiles/Liu_c8t6.elf.dir/USER/HCSR04.c.obj
                0x08006620                Hcsr04GetLength_offset
 .text.MAX7219_WriteByte
                0x08006740       0x40 CMakeFiles/Liu_c8t6.elf.dir/USER/MAX7219.c.obj
                0x08006740                MAX7219_WriteByte
 .text.MAX7219_WriteReg
                0x08006780       0x30 CMakeFiles/Liu_c8t6.elf.dir/USER/MAX7219.c.obj
                0x08006780                MAX7219_WriteReg
 .text.MAX7219_ShowNum
                0x080067b0       0x14 CMakeFiles/Liu_c8t6.elf.dir/USER/MAX7219.c.obj
                0x080067b0                MAX7219_ShowNum
 .text.MAX7219_Clear
                0x080067c4       0x18 CMakeFiles/Liu_c8t6.elf.dir/USER/MAX7219.c.obj
                0x080067c4                MAX7219_Clear
 .text.MAX7219_Init
                0x080067dc       0xa8 CMakeFiles/Liu_c8t6.elf.dir/USER/MAX7219.c.obj
                0x080067dc                MAX7219_Init
 .text.STMFLASH_ReadHalfWord
                0x08006884        0x6 CMakeFiles/Liu_c8t6.elf.dir/USER/STMflash.c.obj
                0x08006884                STMFLASH_ReadHalfWord
 .text.STMFLASH_Write_NoCheck
                0x0800688a       0x26 CMakeFiles/Liu_c8t6.elf.dir/USER/STMflash.c.obj
                0x0800688a                STMFLASH_Write_NoCheck
 .text.STMFLASH_Read
                0x080068b0       0x22 CMakeFiles/Liu_c8t6.elf.dir/USER/STMflash.c.obj
                0x080068b0                STMFLASH_Read
 *fill*         0x080068d2        0x2 
 .text.Flash_PageErase
                0x080068d4       0x24 CMakeFiles/Liu_c8t6.elf.dir/USER/STMflash.c.obj
                0x080068d4                Flash_PageErase
 .text.STMFLASH_Write
                0x080068f8       0xe8 CMakeFiles/Liu_c8t6.elf.dir/USER/STMflash.c.obj
                0x080068f8                STMFLASH_Write
 .text.Buzzer_On
                0x080069e0       0x14 CMakeFiles/Liu_c8t6.elf.dir/USER/buzzer.c.obj
                0x080069e0                Buzzer_On
 .text.Buzzer_Off
                0x080069f4       0x14 CMakeFiles/Liu_c8t6.elf.dir/USER/buzzer.c.obj
                0x080069f4                Buzzer_Off
 .text.Buzzer_Alarm
                0x08006a08       0x50 CMakeFiles/Liu_c8t6.elf.dir/USER/buzzer.c.obj
                0x08006a08                Buzzer_Alarm
 .text.stdio_exit_handler
                0x08006a58       0x18 I:/ARM-GN~1.3/133167~1.3RE/bin/../lib/gcc/arm-none-eabi/13.3.1/thumb/v7-m/nofp\libg.a(libc_a-findfp.o)
 .text.cleanup_stdio
                0x08006a70       0x40 I:/ARM-GN~1.3/133167~1.3RE/bin/../lib/gcc/arm-none-eabi/13.3.1/thumb/v7-m/nofp\libg.a(libc_a-findfp.o)
 .text.global_stdio_init.part.0
                0x08006ab0       0xf0 I:/ARM-GN~1.3/133167~1.3RE/bin/../lib/gcc/arm-none-eabi/13.3.1/thumb/v7-m/nofp\libg.a(libc_a-findfp.o)
 .text.__sinit  0x08006ba0       0x3c I:/ARM-GN~1.3/133167~1.3RE/bin/../lib/gcc/arm-none-eabi/13.3.1/thumb/v7-m/nofp\libg.a(libc_a-findfp.o)
                0x08006ba0                __sinit
 .text.__sfp_lock_acquire
                0x08006bdc        0xc I:/ARM-GN~1.3/133167~1.3RE/bin/../lib/gcc/arm-none-eabi/13.3.1/thumb/v7-m/nofp\libg.a(libc_a-findfp.o)
                0x08006bdc                __sfp_lock_acquire
 .text.__sfp_lock_release
                0x08006be8        0xc I:/ARM-GN~1.3/133167~1.3RE/bin/../lib/gcc/arm-none-eabi/13.3.1/thumb/v7-m/nofp\libg.a(libc_a-findfp.o)
                0x08006be8                __sfp_lock_release
 .text._fwalk_sglue
                0x08006bf4       0x44 I:/ARM-GN~1.3/133167~1.3RE/bin/../lib/gcc/arm-none-eabi/13.3.1/thumb/v7-m/nofp\libg.a(libc_a-fwalk.o)
                0x08006bf4                _fwalk_sglue
 .text.printf   0x08006c38       0x28 I:/ARM-GN~1.3/133167~1.3RE/bin/../lib/gcc/arm-none-eabi/13.3.1/thumb/v7-m/nofp\libg.a(libc_a-printf.o)
                0x08006c38                printf
 .text._puts_r  0x08006c60       0xa4 I:/ARM-GN~1.3/133167~1.3RE/bin/../lib/gcc/arm-none-eabi/13.3.1/thumb/v7-m/nofp\libg.a(libc_a-puts.o)
                0x08006c60                _puts_r
 .text.puts     0x08006d04       0x10 I:/ARM-GN~1.3/133167~1.3RE/bin/../lib/gcc/arm-none-eabi/13.3.1/thumb/v7-m/nofp\libg.a(libc_a-puts.o)
                0x08006d04                puts
 .text.__sread  0x08006d14       0x24 I:/ARM-GN~1.3/133167~1.3RE/bin/../lib/gcc/arm-none-eabi/13.3.1/thumb/v7-m/nofp\libg.a(libc_a-stdio.o)
                0x08006d14                __sread
 .text.__swrite
                0x08006d38       0x40 I:/ARM-GN~1.3/133167~1.3RE/bin/../lib/gcc/arm-none-eabi/13.3.1/thumb/v7-m/nofp\libg.a(libc_a-stdio.o)
                0x08006d38                __swrite
 .text.__sseek  0x08006d78       0x24 I:/ARM-GN~1.3/133167~1.3RE/bin/../lib/gcc/arm-none-eabi/13.3.1/thumb/v7-m/nofp\libg.a(libc_a-stdio.o)
                0x08006d78                __sseek
 .text.__sclose
                0x08006d9c        0x8 I:/ARM-GN~1.3/133167~1.3RE/bin/../lib/gcc/arm-none-eabi/13.3.1/thumb/v7-m/nofp\libg.a(libc_a-stdio.o)
                0x08006d9c                __sclose
 .text.memset   0x08006da4       0xa0 I:/ARM-GN~1.3/133167~1.3RE/bin/../lib/gcc/arm-none-eabi/13.3.1/thumb/v7-m/nofp\libg.a(libc_a-memset.o)
                0x08006da4                memset
 .text._close_r
                0x08006e44       0x24 I:/ARM-GN~1.3/133167~1.3RE/bin/../lib/gcc/arm-none-eabi/13.3.1/thumb/v7-m/nofp\libg.a(libc_a-closer.o)
                0x08006e44                _close_r
 .text._lseek_r
                0x08006e68       0x2c I:/ARM-GN~1.3/133167~1.3RE/bin/../lib/gcc/arm-none-eabi/13.3.1/thumb/v7-m/nofp\libg.a(libc_a-lseekr.o)
                0x08006e68                _lseek_r
 .text._read_r  0x08006e94       0x2c I:/ARM-GN~1.3/133167~1.3RE/bin/../lib/gcc/arm-none-eabi/13.3.1/thumb/v7-m/nofp\libg.a(libc_a-readr.o)
                0x08006e94                _read_r
 .text._write_r
                0x08006ec0       0x2c I:/ARM-GN~1.3/133167~1.3RE/bin/../lib/gcc/arm-none-eabi/13.3.1/thumb/v7-m/nofp\libg.a(libc_a-writer.o)
                0x08006ec0                _write_r
 .text.__errno  0x08006eec        0xc I:/ARM-GN~1.3/133167~1.3RE/bin/../lib/gcc/arm-none-eabi/13.3.1/thumb/v7-m/nofp\libg.a(libc_a-errno.o)
                0x08006eec                __errno
 .text.__libc_init_array
                0x08006ef8       0x50 I:/ARM-GN~1.3/133167~1.3RE/bin/../lib/gcc/arm-none-eabi/13.3.1/thumb/v7-m/nofp\libg.a(libc_a-init.o)
                0x08006ef8                __libc_init_array
 .text.__retarget_lock_init_recursive
                0x08006f48        0x4 I:/ARM-GN~1.3/133167~1.3RE/bin/../lib/gcc/arm-none-eabi/13.3.1/thumb/v7-m/nofp\libg.a(libc_a-lock.o)
                0x08006f48                __retarget_lock_init_recursive
 .text.__retarget_lock_close_recursive
                0x08006f4c        0x4 I:/ARM-GN~1.3/133167~1.3RE/bin/../lib/gcc/arm-none-eabi/13.3.1/thumb/v7-m/nofp\libg.a(libc_a-lock.o)
                0x08006f4c                __retarget_lock_close_recursive
 .text.__retarget_lock_acquire_recursive
                0x08006f50        0x4 I:/ARM-GN~1.3/133167~1.3RE/bin/../lib/gcc/arm-none-eabi/13.3.1/thumb/v7-m/nofp\libg.a(libc_a-lock.o)
                0x08006f50                __retarget_lock_acquire_recursive
 .text.__retarget_lock_release_recursive
                0x08006f54        0x4 I:/ARM-GN~1.3/133167~1.3RE/bin/../lib/gcc/arm-none-eabi/13.3.1/thumb/v7-m/nofp\libg.a(libc_a-lock.o)
                0x08006f54                __retarget_lock_release_recursive
 .text.strlen   0x08006f58       0x5c I:/ARM-GN~1.3/133167~1.3RE/bin/../lib/gcc/arm-none-eabi/13.3.1/thumb/v7-m/nofp\libg.a(libc_a-strlen-stub.o)
                0x08006f58                strlen
 .text.startup.register_fini
                0x08006fb4       0x14 I:/ARM-GN~1.3/133167~1.3RE/bin/../lib/gcc/arm-none-eabi/13.3.1/thumb/v7-m/nofp\libg.a(libc_a-__call_atexit.o)
 .text.atexit   0x08006fc8        0xc I:/ARM-GN~1.3/133167~1.3RE/bin/../lib/gcc/arm-none-eabi/13.3.1/thumb/v7-m/nofp\libg.a(libc_a-atexit.o)
                0x08006fc8                atexit
 .text._malloc_trim_r
                0x08006fd4       0xb8 I:/ARM-GN~1.3/133167~1.3RE/bin/../lib/gcc/arm-none-eabi/13.3.1/thumb/v7-m/nofp\libg.a(libc_a-freer.o)
                0x08006fd4                _malloc_trim_r
 .text._free_r  0x0800708c      0x1f8 I:/ARM-GN~1.3/133167~1.3RE/bin/../lib/gcc/arm-none-eabi/13.3.1/thumb/v7-m/nofp\libg.a(libc_a-freer.o)
                0x0800708c                _free_r
 .text._malloc_r
                0x08007284      0x568 I:/ARM-GN~1.3/133167~1.3RE/bin/../lib/gcc/arm-none-eabi/13.3.1/thumb/v7-m/nofp\libg.a(libc_a-mallocr.o)
                0x08007284                _malloc_r
 .text.__malloc_lock
                0x080077ec        0xc I:/ARM-GN~1.3/133167~1.3RE/bin/../lib/gcc/arm-none-eabi/13.3.1/thumb/v7-m/nofp\libg.a(libc_a-mlock.o)
                0x080077ec                __malloc_lock
 .text.__malloc_unlock
                0x080077f8        0xc I:/ARM-GN~1.3/133167~1.3RE/bin/../lib/gcc/arm-none-eabi/13.3.1/thumb/v7-m/nofp\libg.a(libc_a-mlock.o)
                0x080077f8                __malloc_unlock
 .text._vfprintf_r
                0x08007804     0x1c04 I:/ARM-GN~1.3/133167~1.3RE/bin/../lib/gcc/arm-none-eabi/13.3.1/thumb/v7-m/nofp\libg.a(libc_a-vfprintf.o)
                0x08007804                _vfprintf_r
 .text.__sbprintf
                0x08009408       0x80 I:/ARM-GN~1.3/133167~1.3RE/bin/../lib/gcc/arm-none-eabi/13.3.1/thumb/v7-m/nofp\libg.a(libc_a-vfprintf.o)
 .text.__sprint_r
                0x08009488       0x20 I:/ARM-GN~1.3/133167~1.3RE/bin/../lib/gcc/arm-none-eabi/13.3.1/thumb/v7-m/nofp\libg.a(libc_a-sprint_r.o)
                0x08009488                __sprint_r
 .text._fclose_r
                0x080094a8       0xc0 I:/ARM-GN~1.3/133167~1.3RE/bin/../lib/gcc/arm-none-eabi/13.3.1/thumb/v7-m/nofp\libg.a(libc_a-fclose.o)
                0x080094a8                _fclose_r
 .text.__sflush_r
                0x08009568      0x128 I:/ARM-GN~1.3/133167~1.3RE/bin/../lib/gcc/arm-none-eabi/13.3.1/thumb/v7-m/nofp\libg.a(libc_a-fflush.o)
                0x08009568                __sflush_r
 .text._fflush_r
                0x08009690       0x54 I:/ARM-GN~1.3/133167~1.3RE/bin/../lib/gcc/arm-none-eabi/13.3.1/thumb/v7-m/nofp\libg.a(libc_a-fflush.o)
                0x08009690                _fflush_r
 .text.__sfvwrite_r
                0x080096e4      0x2ec I:/ARM-GN~1.3/133167~1.3RE/bin/../lib/gcc/arm-none-eabi/13.3.1/thumb/v7-m/nofp\libg.a(libc_a-fvwrite.o)
                0x080096e4                __sfvwrite_r
 .text.__swsetup_r
                0x080099d0       0xc4 I:/ARM-GN~1.3/133167~1.3RE/bin/../lib/gcc/arm-none-eabi/13.3.1/thumb/v7-m/nofp\libg.a(libc_a-wsetup.o)
                0x080099d0                __swsetup_r
 .text.memmove  0x08009a94       0xfc I:/ARM-GN~1.3/133167~1.3RE/bin/../lib/gcc/arm-none-eabi/13.3.1/thumb/v7-m/nofp\libg.a(libc_a-memmove.o)
                0x08009a94                memmove
 .text.strncpy  0x08009b90       0x6c I:/ARM-GN~1.3/133167~1.3RE/bin/../lib/gcc/arm-none-eabi/13.3.1/thumb/v7-m/nofp\libg.a(libc_a-strncpy.o)
                0x08009b90                strncpy
 .text.__locale_mb_cur_max
                0x08009bfc        0xc I:/ARM-GN~1.3/133167~1.3RE/bin/../lib/gcc/arm-none-eabi/13.3.1/thumb/v7-m/nofp\libg.a(libc_a-locale.o)
                0x08009bfc                __locale_mb_cur_max
 .text._localeconv_r
                0x08009c08        0x8 I:/ARM-GN~1.3/133167~1.3RE/bin/../lib/gcc/arm-none-eabi/13.3.1/thumb/v7-m/nofp\libg.a(libc_a-localeconv.o)
                0x08009c08                _localeconv_r
 .text._sbrk_r  0x08009c10       0x24 I:/ARM-GN~1.3/133167~1.3RE/bin/../lib/gcc/arm-none-eabi/13.3.1/thumb/v7-m/nofp\libg.a(libc_a-sbrkr.o)
                0x08009c10                _sbrk_r
 .text.__libc_fini_array
                0x08009c34       0x28 I:/ARM-GN~1.3/133167~1.3RE/bin/../lib/gcc/arm-none-eabi/13.3.1/thumb/v7-m/nofp\libg.a(libc_a-fini.o)
                0x08009c34                __libc_fini_array
 .text.sysconf  0x08009c5c       0x1c I:/ARM-GN~1.3/133167~1.3RE/bin/../lib/gcc/arm-none-eabi/13.3.1/thumb/v7-m/nofp\libg.a(libc_a-sysconf.o)
                0x08009c5c                sysconf
 .text.memchr   0x08009c78       0x98 I:/ARM-GN~1.3/133167~1.3RE/bin/../lib/gcc/arm-none-eabi/13.3.1/thumb/v7-m/nofp\libg.a(libc_a-memchr-stub.o)
                0x08009c78                memchr
 .text.frexp    0x08009d10       0x6c I:/ARM-GN~1.3/133167~1.3RE/bin/../lib/gcc/arm-none-eabi/13.3.1/thumb/v7-m/nofp\libg.a(libm_a-s_frexp.o)
                0x08009d10                frexp
 .text.__register_exitproc
                0x08009d7c       0x80 I:/ARM-GN~1.3/133167~1.3RE/bin/../lib/gcc/arm-none-eabi/13.3.1/thumb/v7-m/nofp\libg.a(libc_a-__atexit.o)
                0x08009d7c                __register_exitproc
 .text.quorem   0x08009dfc      0x13c I:/ARM-GN~1.3/133167~1.3RE/bin/../lib/gcc/arm-none-eabi/13.3.1/thumb/v7-m/nofp\libg.a(libc_a-dtoa.o)
 .text._dtoa_r  0x08009f38      0xe94 I:/ARM-GN~1.3/133167~1.3RE/bin/../lib/gcc/arm-none-eabi/13.3.1/thumb/v7-m/nofp\libg.a(libc_a-dtoa.o)
                0x08009f38                _dtoa_r
 .text.__ascii_mbtowc
                0x0800adcc       0x2c I:/ARM-GN~1.3/133167~1.3RE/bin/../lib/gcc/arm-none-eabi/13.3.1/thumb/v7-m/nofp\libg.a(libc_a-mbtowc_r.o)
                0x0800adcc                __ascii_mbtowc
 .text._Balloc  0x0800adf8       0x4c I:/ARM-GN~1.3/133167~1.3RE/bin/../lib/gcc/arm-none-eabi/13.3.1/thumb/v7-m/nofp\libg.a(libc_a-mprec.o)
                0x0800adf8                _Balloc
 .text._Bfree   0x0800ae44       0x14 I:/ARM-GN~1.3/133167~1.3RE/bin/../lib/gcc/arm-none-eabi/13.3.1/thumb/v7-m/nofp\libg.a(libc_a-mprec.o)
                0x0800ae44                _Bfree
 .text.__multadd
                0x0800ae58       0xa4 I:/ARM-GN~1.3/133167~1.3RE/bin/../lib/gcc/arm-none-eabi/13.3.1/thumb/v7-m/nofp\libg.a(libc_a-mprec.o)
                0x0800ae58                __multadd
 .text.__hi0bits
                0x0800aefc       0x44 I:/ARM-GN~1.3/133167~1.3RE/bin/../lib/gcc/arm-none-eabi/13.3.1/thumb/v7-m/nofp\libg.a(libc_a-mprec.o)
                0x0800aefc                __hi0bits
 .text.__lo0bits
                0x0800af40       0x5c I:/ARM-GN~1.3/133167~1.3RE/bin/../lib/gcc/arm-none-eabi/13.3.1/thumb/v7-m/nofp\libg.a(libc_a-mprec.o)
                0x0800af40                __lo0bits
 .text.__i2b    0x0800af9c       0x5c I:/ARM-GN~1.3/133167~1.3RE/bin/../lib/gcc/arm-none-eabi/13.3.1/thumb/v7-m/nofp\libg.a(libc_a-mprec.o)
                0x0800af9c                __i2b
 .text.__multiply
                0x0800aff8      0x164 I:/ARM-GN~1.3/133167~1.3RE/bin/../lib/gcc/arm-none-eabi/13.3.1/thumb/v7-m/nofp\libg.a(libc_a-mprec.o)
                0x0800aff8                __multiply
 .text.__pow5mult
                0x0800b15c       0xb4 I:/ARM-GN~1.3/133167~1.3RE/bin/../lib/gcc/arm-none-eabi/13.3.1/thumb/v7-m/nofp\libg.a(libc_a-mprec.o)
                0x0800b15c                __pow5mult
 .text.__lshift
                0x0800b210       0xec I:/ARM-GN~1.3/133167~1.3RE/bin/../lib/gcc/arm-none-eabi/13.3.1/thumb/v7-m/nofp\libg.a(libc_a-mprec.o)
                0x0800b210                __lshift
 .text.__mcmp   0x0800b2fc       0x40 I:/ARM-GN~1.3/133167~1.3RE/bin/../lib/gcc/arm-none-eabi/13.3.1/thumb/v7-m/nofp\libg.a(libc_a-mprec.o)
                0x0800b2fc                __mcmp
 .text.__mdiff  0x0800b33c      0x178 I:/ARM-GN~1.3/133167~1.3RE/bin/../lib/gcc/arm-none-eabi/13.3.1/thumb/v7-m/nofp\libg.a(libc_a-mprec.o)
                0x0800b33c                __mdiff
 .text.__d2b    0x0800b4b4       0xbc I:/ARM-GN~1.3/133167~1.3RE/bin/../lib/gcc/arm-none-eabi/13.3.1/thumb/v7-m/nofp\libg.a(libc_a-mprec.o)
                0x0800b4b4                __d2b
 .text._realloc_r
                0x0800b570      0x34c I:/ARM-GN~1.3/133167~1.3RE/bin/../lib/gcc/arm-none-eabi/13.3.1/thumb/v7-m/nofp\libg.a(libc_a-reallocr.o)
                0x0800b570                _realloc_r
 .text.__ascii_wctomb
                0x0800b8bc       0x1c I:/ARM-GN~1.3/133167~1.3RE/bin/../lib/gcc/arm-none-eabi/13.3.1/thumb/v7-m/nofp\libg.a(libc_a-wctomb_r.o)
                0x0800b8bc                __ascii_wctomb
 .text._wcrtomb_r
                0x0800b8d8       0x4c I:/ARM-GN~1.3/133167~1.3RE/bin/../lib/gcc/arm-none-eabi/13.3.1/thumb/v7-m/nofp\libg.a(libc_a-wcrtomb.o)
                0x0800b8d8                _wcrtomb_r
 .text._wcsrtombs_r
                0x0800b924       0x18 I:/ARM-GN~1.3/133167~1.3RE/bin/../lib/gcc/arm-none-eabi/13.3.1/thumb/v7-m/nofp\libg.a(libc_a-wcsrtombs.o)
                0x0800b924                _wcsrtombs_r
 .text.__smakebuf_r
                0x0800b93c       0xdc I:/ARM-GN~1.3/133167~1.3RE/bin/../lib/gcc/arm-none-eabi/13.3.1/thumb/v7-m/nofp\libg.a(libc_a-makebuf.o)
                0x0800b93c                __smakebuf_r
 .text._fstat_r
                0x0800ba18       0x28 I:/ARM-GN~1.3/133167~1.3RE/bin/../lib/gcc/arm-none-eabi/13.3.1/thumb/v7-m/nofp\libg.a(libc_a-fstatr.o)
                0x0800ba18                _fstat_r
 .text._isatty_r
                0x0800ba40       0x24 I:/ARM-GN~1.3/133167~1.3RE/bin/../lib/gcc/arm-none-eabi/13.3.1/thumb/v7-m/nofp\libg.a(libc_a-isattyr.o)
                0x0800ba40                _isatty_r
 .text.__assert_func
                0x0800ba64       0x40 I:/ARM-GN~1.3/133167~1.3RE/bin/../lib/gcc/arm-none-eabi/13.3.1/thumb/v7-m/nofp\libg.a(libc_a-assert.o)
                0x0800ba64                __assert_func
 .text._calloc_r
                0x0800baa4       0x6c I:/ARM-GN~1.3/133167~1.3RE/bin/../lib/gcc/arm-none-eabi/13.3.1/thumb/v7-m/nofp\libg.a(libc_a-callocr.o)
                0x0800baa4                _calloc_r
 .text._wcsnrtombs_l
                0x0800bb10       0xec I:/ARM-GN~1.3/133167~1.3RE/bin/../lib/gcc/arm-none-eabi/13.3.1/thumb/v7-m/nofp\libg.a(libc_a-wcsnrtombs.o)
                0x0800bb10                _wcsnrtombs_l
 .text._wcsnrtombs_r
                0x0800bbfc       0x24 I:/ARM-GN~1.3/133167~1.3RE/bin/../lib/gcc/arm-none-eabi/13.3.1/thumb/v7-m/nofp\libg.a(libc_a-wcsnrtombs.o)
                0x0800bbfc                _wcsnrtombs_r
 .text.fiprintf
                0x0800bc20       0x28 I:/ARM-GN~1.3/133167~1.3RE/bin/../lib/gcc/arm-none-eabi/13.3.1/thumb/v7-m/nofp\libg.a(libc_a-fiprintf.o)
                0x0800bc20                fiprintf
 .text._vfiprintf_r
                0x0800bc48      0xeb8 I:/ARM-GN~1.3/133167~1.3RE/bin/../lib/gcc/arm-none-eabi/13.3.1/thumb/v7-m/nofp\libg.a(libc_a-vfiprintf.o)
                0x0800bc48                _vfiprintf_r
 .text.__sbprintf
                0x0800cb00       0x80 I:/ARM-GN~1.3/133167~1.3RE/bin/../lib/gcc/arm-none-eabi/13.3.1/thumb/v7-m/nofp\libg.a(libc_a-vfiprintf.o)
 .text.abort    0x0800cb80       0x10 I:/ARM-GN~1.3/133167~1.3RE/bin/../lib/gcc/arm-none-eabi/13.3.1/thumb/v7-m/nofp\libg.a(libc_a-abort.o)
                0x0800cb80                abort
 .text.raise    0x0800cb90       0x58 I:/ARM-GN~1.3/133167~1.3RE/bin/../lib/gcc/arm-none-eabi/13.3.1/thumb/v7-m/nofp\libg.a(libc_a-signal.o)
                0x0800cb90                raise
 .text._kill_r  0x0800cbe8       0x28 I:/ARM-GN~1.3/133167~1.3RE/bin/../lib/gcc/arm-none-eabi/13.3.1/thumb/v7-m/nofp\libg.a(libc_a-signalr.o)
                0x0800cbe8                _kill_r
 .text._getpid_r
                0x0800cc10        0x4 I:/ARM-GN~1.3/133167~1.3RE/bin/../lib/gcc/arm-none-eabi/13.3.1/thumb/v7-m/nofp\libg.a(libc_a-signalr.o)
                0x0800cc10                _getpid_r
 *(.glue_7)
 .glue_7        0x0800cc14        0x0 linker stubs
 *(.glue_7t)
 .glue_7t       0x0800cc14        0x0 linker stubs
 *(.eh_frame)
 .eh_frame      0x0800cc14        0x0 I:/ARM-GN~1.3/133167~1.3RE/bin/../lib/gcc/arm-none-eabi/13.3.1/thumb/v7-m/nofp/crtbegin.o
 *(.init)
 .init          0x0800cc14        0x4 I:/ARM-GN~1.3/133167~1.3RE/bin/../lib/gcc/arm-none-eabi/13.3.1/thumb/v7-m/nofp/crti.o
                0x0800cc14                _init
 .init          0x0800cc18        0x8 I:/ARM-GN~1.3/133167~1.3RE/bin/../lib/gcc/arm-none-eabi/13.3.1/thumb/v7-m/nofp/crtn.o
 *(.fini)
 .fini          0x0800cc20        0x4 I:/ARM-GN~1.3/133167~1.3RE/bin/../lib/gcc/arm-none-eabi/13.3.1/thumb/v7-m/nofp/crti.o
                0x0800cc20                _fini
 .fini          0x0800cc24        0x8 I:/ARM-GN~1.3/133167~1.3RE/bin/../lib/gcc/arm-none-eabi/13.3.1/thumb/v7-m/nofp/crtn.o
                0x0800cc2c                        . = ALIGN (0x4)
                0x0800cc2c                        _etext = .

.vfp11_veneer   0x0800cc2c        0x0
 .vfp11_veneer  0x0800cc2c        0x0 linker stubs

.v4_bx          0x0800cc2c        0x0
 .v4_bx         0x0800cc2c        0x0 linker stubs

.iplt           0x0800cc2c        0x0
 .iplt          0x0800cc2c        0x0 I:/ARM-GN~1.3/133167~1.3RE/bin/../lib/gcc/arm-none-eabi/13.3.1/thumb/v7-m/nofp/crtbegin.o

.rodata         0x0800cc30     0x262c
                0x0800cc30                        . = ALIGN (0x4)
 *(.rodata)
 *(.rodata*)
 .rodata.main.str1.4
                0x0800cc30      0x30f CMakeFiles/Liu_c8t6.elf.dir/Core/Src/main.c.obj
                                 0x9b (size before relaxing)
 .rodata.str1.4
                0x0800cf3f       0x41 CMakeFiles/Liu_c8t6.elf.dir/Core/Src/main.c.obj
 *fill*         0x0800cf3f        0x1 
 .rodata.APBPrescTable
                0x0800cf40        0x8 CMakeFiles/Liu_c8t6.elf.dir/Core/Src/system_stm32f1xx.c.obj
                0x0800cf40                APBPrescTable
 .rodata.AHBPrescTable
                0x0800cf48       0x10 CMakeFiles/Liu_c8t6.elf.dir/Core/Src/system_stm32f1xx.c.obj
                0x0800cf48                AHBPrescTable
 .rodata.aPredivFactorTable.0
                0x0800cf58        0x2 CMakeFiles/Liu_c8t6.elf.dir/Drivers/STM32F1xx_HAL_Driver/Src/stm32f1xx_hal_rcc.c.obj
 *fill*         0x0800cf5a        0x2 
 .rodata.aPLLMULFactorTable.1
                0x0800cf5c       0x10 CMakeFiles/Liu_c8t6.elf.dir/Drivers/STM32F1xx_HAL_Driver/Src/stm32f1xx_hal_rcc.c.obj
 .rodata.aPredivFactorTable.0
                0x0800cf6c        0x2 CMakeFiles/Liu_c8t6.elf.dir/Drivers/STM32F1xx_HAL_Driver/Src/stm32f1xx_hal_rcc_ex.c.obj
 *fill*         0x0800cf6e        0x2 
 .rodata.aPLLMULFactorTable.1
                0x0800cf70       0x10 CMakeFiles/Liu_c8t6.elf.dir/Drivers/STM32F1xx_HAL_Driver/Src/stm32f1xx_hal_rcc_ex.c.obj
 .rodata.menu_1.str1.4
                0x0800cf80       0x12 CMakeFiles/Liu_c8t6.elf.dir/MENU/MENU.c.obj
 .rodata.menu_2.str1.4
                0x0800cf80       0x40 CMakeFiles/Liu_c8t6.elf.dir/MENU/MENU.c.obj
 .rodata.menu_3.str1.4
                0x0800cf80        0x3 CMakeFiles/Liu_c8t6.elf.dir/MENU/MENU.c.obj
 .rodata.Delete_select.str1.4
                0x0800cf80       0x30 CMakeFiles/Liu_c8t6.elf.dir/MENU/MENU.c.obj
 .rodata.MONTH_DAY
                0x0800cf80        0xc CMakeFiles/Liu_c8t6.elf.dir/MENU/MYRTC.c.obj
 .rodata.Hzk4   0x0800cf8c      0x200 CMakeFiles/Liu_c8t6.elf.dir/OLED2/OLED2.c.obj
                0x0800cf8c                Hzk4
 .rodata.Hzk3   0x0800d18c       0x80 CMakeFiles/Liu_c8t6.elf.dir/OLED2/OLED2.c.obj
                0x0800d18c                Hzk3
 .rodata.Hzk2   0x0800d20c       0x48 CMakeFiles/Liu_c8t6.elf.dir/OLED2/OLED2.c.obj
                0x0800d20c                Hzk2
 .rodata.Hzk1   0x0800d254      0x3e0 CMakeFiles/Liu_c8t6.elf.dir/OLED2/OLED2.c.obj
                0x0800d254                Hzk1
 .rodata.asc2_2412
                0x0800d634      0xd5c CMakeFiles/Liu_c8t6.elf.dir/OLED2/OLED2.c.obj
                0x0800d634                asc2_2412
 .rodata.asc2_1608
                0x0800e390      0x5f0 CMakeFiles/Liu_c8t6.elf.dir/OLED2/OLED2.c.obj
                0x0800e390                asc2_1608
 .rodata.asc2_1206
                0x0800e980      0x474 CMakeFiles/Liu_c8t6.elf.dir/OLED2/OLED2.c.obj
                0x0800e980                asc2_1206
 .rodata.asc2_0806
                0x0800edf4      0x228 CMakeFiles/Liu_c8t6.elf.dir/OLED2/OLED2.c.obj
                0x0800edf4                asc2_0806
 .rodata._puts_r.str1.4
                0x0800f01c        0x2 I:/ARM-GN~1.3/133167~1.3RE/bin/../lib/gcc/arm-none-eabi/13.3.1/thumb/v7-m/nofp\libg.a(libc_a-puts.o)
 .rodata._vfprintf_r.str1.4
                0x0800f01c       0x42 I:/ARM-GN~1.3/133167~1.3RE/bin/../lib/gcc/arm-none-eabi/13.3.1/thumb/v7-m/nofp\libg.a(libc_a-vfprintf.o)
 .rodata.zeroes.0
                0x0800f01c       0x10 I:/ARM-GN~1.3/133167~1.3RE/bin/../lib/gcc/arm-none-eabi/13.3.1/thumb/v7-m/nofp\libg.a(libc_a-vfprintf.o)
 .rodata.blanks.1
                0x0800f02c       0x10 I:/ARM-GN~1.3/133167~1.3RE/bin/../lib/gcc/arm-none-eabi/13.3.1/thumb/v7-m/nofp\libg.a(libc_a-vfprintf.o)
 .rodata.str1.4
                0x0800f03c       0x4c I:/ARM-GN~1.3/133167~1.3RE/bin/../lib/gcc/arm-none-eabi/13.3.1/thumb/v7-m/nofp\libg.a(libc_a-locale.o)
 .rodata._dtoa_r.str1.4
                0x0800f03c       0x81 I:/ARM-GN~1.3/133167~1.3RE/bin/../lib/gcc/arm-none-eabi/13.3.1/thumb/v7-m/nofp\libg.a(libc_a-dtoa.o)
 .rodata.__multadd.str1.4
                0x0800f03c       0x6e I:/ARM-GN~1.3/133167~1.3RE/bin/../lib/gcc/arm-none-eabi/13.3.1/thumb/v7-m/nofp\libg.a(libc_a-mprec.o)
 .rodata.p05.0  0x0800f03c        0xc I:/ARM-GN~1.3/133167~1.3RE/bin/../lib/gcc/arm-none-eabi/13.3.1/thumb/v7-m/nofp\libg.a(libc_a-mprec.o)
 .rodata.__mprec_bigtens
                0x0800f048       0x28 I:/ARM-GN~1.3/133167~1.3RE/bin/../lib/gcc/arm-none-eabi/13.3.1/thumb/v7-m/nofp\libg.a(libc_a-mprec.o)
                0x0800f048                __mprec_bigtens
 .rodata.__mprec_tens
                0x0800f070       0xc8 I:/ARM-GN~1.3/133167~1.3RE/bin/../lib/gcc/arm-none-eabi/13.3.1/thumb/v7-m/nofp\libg.a(libc_a-mprec.o)
                0x0800f070                __mprec_tens
 .rodata._ctype_
                0x0800f138      0x101 I:/ARM-GN~1.3/133167~1.3RE/bin/../lib/gcc/arm-none-eabi/13.3.1/thumb/v7-m/nofp\libg.a(libc_a-ctype_.o)
                0x0800f138                _ctype_
 .rodata.__assert_func.str1.4
                0x0800f239       0x43 I:/ARM-GN~1.3/133167~1.3RE/bin/../lib/gcc/arm-none-eabi/13.3.1/thumb/v7-m/nofp\libg.a(libc_a-assert.o)
 .rodata._vfiprintf_r.str1.4
                0x0800f239       0x2f I:/ARM-GN~1.3/133167~1.3RE/bin/../lib/gcc/arm-none-eabi/13.3.1/thumb/v7-m/nofp\libg.a(libc_a-vfiprintf.o)
 *fill*         0x0800f239        0x3 
 .rodata.zeroes.0
                0x0800f23c       0x10 I:/ARM-GN~1.3/133167~1.3RE/bin/../lib/gcc/arm-none-eabi/13.3.1/thumb/v7-m/nofp\libg.a(libc_a-vfiprintf.o)
 .rodata.blanks.1
                0x0800f24c       0x10 I:/ARM-GN~1.3/133167~1.3RE/bin/../lib/gcc/arm-none-eabi/13.3.1/thumb/v7-m/nofp\libg.a(libc_a-vfiprintf.o)
                0x0800f25c                        . = ALIGN (0x4)

.ARM.extab      0x0800f25c        0x0
                0x0800f25c                        . = ALIGN (0x4)
 *(.ARM.extab* .gnu.linkonce.armextab.*)
                0x0800f25c                        . = ALIGN (0x4)

.ARM            0x0800f25c        0x8
                0x0800f25c                        . = ALIGN (0x4)
                0x0800f25c                        __exidx_start = .
 *(.ARM.exidx*)
 .ARM.exidx     0x0800f25c        0x8 I:/ARM-GN~1.3/133167~1.3RE/bin/../lib/gcc/arm-none-eabi/13.3.1/thumb/v7-m/nofp\libg.a(libc_a-memcpy.o)
                0x0800f264                        __exidx_end = .
                0x0800f264                        . = ALIGN (0x4)

.preinit_array  0x0800f264        0x0
                0x0800f264                        . = ALIGN (0x4)
                0x0800f264                        PROVIDE (__preinit_array_start = .)
 *(.preinit_array*)
                0x0800f264                        PROVIDE (__preinit_array_end = .)
                0x0800f264                        . = ALIGN (0x4)

.init_array     0x0800f264        0x8
                0x0800f264                        . = ALIGN (0x4)
                0x0800f264                        PROVIDE (__init_array_start = .)
 *(SORT_BY_NAME(.init_array.*))
 .init_array.00000
                0x0800f264        0x4 I:/ARM-GN~1.3/133167~1.3RE/bin/../lib/gcc/arm-none-eabi/13.3.1/thumb/v7-m/nofp\libg.a(libc_a-__call_atexit.o)
 *(.init_array*)
 .init_array    0x0800f268        0x4 I:/ARM-GN~1.3/133167~1.3RE/bin/../lib/gcc/arm-none-eabi/13.3.1/thumb/v7-m/nofp/crtbegin.o
                0x0800f26c                        PROVIDE (__init_array_end = .)
                0x0800f26c                        . = ALIGN (0x4)

.fini_array     0x0800f26c        0x4
                0x0800f26c                        . = ALIGN (0x4)
                0x0800f26c                        PROVIDE (__fini_array_start = .)
 *(SORT_BY_NAME(.fini_array.*))
 *(.fini_array*)
 .fini_array    0x0800f26c        0x4 I:/ARM-GN~1.3/133167~1.3RE/bin/../lib/gcc/arm-none-eabi/13.3.1/thumb/v7-m/nofp/crtbegin.o
                0x0800f270                        PROVIDE (__fini_array_end = .)
                0x0800f270                        . = ALIGN (0x4)
                0x0800f270                        _sidata = LOADADDR (.data)

.rel.dyn        0x0800f270        0x0
 .rel.iplt      0x0800f270        0x0 I:/ARM-GN~1.3/133167~1.3RE/bin/../lib/gcc/arm-none-eabi/13.3.1/thumb/v7-m/nofp/crtbegin.o

.data           0x20000000      0x714 load address 0x0800f270
                0x20000000                        . = ALIGN (0x4)
                0x20000000                        _sdata = .
 *(.data)
 *(.data*)
 .data.weekdays
                0x20000000       0x1c CMakeFiles/Liu_c8t6.elf.dir/Core/Src/main.c.obj
                0x20000000                weekdays
 .data.cnt      0x2000001c        0x4 CMakeFiles/Liu_c8t6.elf.dir/Core/Src/main.c.obj
                0x2000001c                cnt
 .data.count    0x20000020        0x1 CMakeFiles/Liu_c8t6.elf.dir/Core/Src/stm32f1xx_it.c.obj
                0x20000020                count
 .data.c        0x20000021        0x1 CMakeFiles/Liu_c8t6.elf.dir/Core/Src/stm32f1xx_it.c.obj
                0x20000021                c
 *fill*         0x20000022        0x2 
 .data.SystemCoreClock
                0x20000024        0x4 CMakeFiles/Liu_c8t6.elf.dir/Core/Src/system_stm32f1xx.c.obj
                0x20000024                SystemCoreClock
 .data.uwTickFreq
                0x20000028        0x1 CMakeFiles/Liu_c8t6.elf.dir/Drivers/STM32F1xx_HAL_Driver/Src/stm32f1xx_hal.c.obj
                0x20000028                uwTickFreq
 *fill*         0x20000029        0x3 
 .data.uwTickPrio
                0x2000002c        0x4 CMakeFiles/Liu_c8t6.elf.dir/Drivers/STM32F1xx_HAL_Driver/Src/stm32f1xx_hal.c.obj
                0x2000002c                uwTickPrio
 .data.my_congfig
                0x20000030       0x10 CMakeFiles/Liu_c8t6.elf.dir/MENU/MENU.c.obj
                0x20000030                my_congfig
 .data.__sglue  0x20000040        0xc I:/ARM-GN~1.3/133167~1.3RE/bin/../lib/gcc/arm-none-eabi/13.3.1/thumb/v7-m/nofp\libg.a(libc_a-findfp.o)
                0x20000040                __sglue
 .data._impure_ptr
                0x2000004c        0x4 I:/ARM-GN~1.3/133167~1.3RE/bin/../lib/gcc/arm-none-eabi/13.3.1/thumb/v7-m/nofp\libg.a(libc_a-impure.o)
                0x2000004c                _impure_ptr
 .data._impure_data
                0x20000050      0x140 I:/ARM-GN~1.3/133167~1.3RE/bin/../lib/gcc/arm-none-eabi/13.3.1/thumb/v7-m/nofp\libg.a(libc_a-impure.o)
                0x20000050                _impure_data
 .data.__atexit_recursive_mutex
                0x20000190        0x4 I:/ARM-GN~1.3/133167~1.3RE/bin/../lib/gcc/arm-none-eabi/13.3.1/thumb/v7-m/nofp\libg.a(libc_a-__call_atexit.o)
                0x20000190                __atexit_recursive_mutex
 .data.__malloc_sbrk_base
                0x20000194        0x4 I:/ARM-GN~1.3/133167~1.3RE/bin/../lib/gcc/arm-none-eabi/13.3.1/thumb/v7-m/nofp\libg.a(libc_a-mallocr.o)
                0x20000194                __malloc_sbrk_base
 .data.__malloc_trim_threshold
                0x20000198        0x4 I:/ARM-GN~1.3/133167~1.3RE/bin/../lib/gcc/arm-none-eabi/13.3.1/thumb/v7-m/nofp\libg.a(libc_a-mallocr.o)
                0x20000198                __malloc_trim_threshold
 *fill*         0x2000019c        0x4 
 .data.__malloc_av_
                0x200001a0      0x408 I:/ARM-GN~1.3/133167~1.3RE/bin/../lib/gcc/arm-none-eabi/13.3.1/thumb/v7-m/nofp\libg.a(libc_a-mallocr.o)
                0x200001a0                __malloc_av_
 .data.__global_locale
                0x200005a8      0x16c I:/ARM-GN~1.3/133167~1.3RE/bin/../lib/gcc/arm-none-eabi/13.3.1/thumb/v7-m/nofp\libg.a(libc_a-locale.o)
                0x200005a8                __global_locale
 *(.RamFunc)
 *(.RamFunc*)
                0x20000714                        . = ALIGN (0x4)
                0x20000714                        _edata = .

.tm_clone_table
                0x20000714        0x0 load address 0x0800f984
 .tm_clone_table
                0x20000714        0x0 I:/ARM-GN~1.3/133167~1.3RE/bin/../lib/gcc/arm-none-eabi/13.3.1/thumb/v7-m/nofp/crtbegin.o
 .tm_clone_table
                0x20000714        0x0 I:/ARM-GN~1.3/133167~1.3RE/bin/../lib/gcc/arm-none-eabi/13.3.1/thumb/v7-m/nofp/crtend.o

.igot.plt       0x20000714        0x0 load address 0x0800f984
 .igot.plt      0x20000714        0x0 I:/ARM-GN~1.3/133167~1.3RE/bin/../lib/gcc/arm-none-eabi/13.3.1/thumb/v7-m/nofp/crtbegin.o
                0x20000714                        . = ALIGN (0x4)

.bss            0x20000718      0xdfc load address 0x0800f984
                0x20000718                        _sbss = .
                0x20000718                        __bss_start__ = _sbss
 *(.bss)
 *(.bss*)
 .bss.completed.1
                0x20000718        0x1 I:/ARM-GN~1.3/133167~1.3RE/bin/../lib/gcc/arm-none-eabi/13.3.1/thumb/v7-m/nofp/crtbegin.o
 *fill*         0x20000719        0x3 
 .bss.object.0  0x2000071c       0x18 I:/ARM-GN~1.3/133167~1.3RE/bin/../lib/gcc/arm-none-eabi/13.3.1/thumb/v7-m/nofp/crtbegin.o
 .bss.hi2c1     0x20000734       0x54 CMakeFiles/Liu_c8t6.elf.dir/Core/Src/i2c.c.obj
                0x20000734                hi2c1
 .bss.hiwdg     0x20000788        0xc CMakeFiles/Liu_c8t6.elf.dir/Core/Src/iwdg.c.obj
                0x20000788                hiwdg
 .bss.weekdays_temp
                0x20000794        0x4 CMakeFiles/Liu_c8t6.elf.dir/Core/Src/main.c.obj
                0x20000794                weekdays_temp
 .bss.time_data
                0x20000798        0x8 CMakeFiles/Liu_c8t6.elf.dir/Core/Src/main.c.obj
                0x20000798                time_data
 .bss.Data_Distance
                0x200007a0        0x2 CMakeFiles/Liu_c8t6.elf.dir/Core/Src/main.c.obj
                0x200007a0                Data_Distance
 *fill*         0x200007a2        0x2 
 .bss.decimalPart
                0x200007a4        0x4 CMakeFiles/Liu_c8t6.elf.dir/Core/Src/main.c.obj
                0x200007a4                decimalPart
 .bss.integerPart
                0x200007a8        0x4 CMakeFiles/Liu_c8t6.elf.dir/Core/Src/main.c.obj
                0x200007a8                integerPart
 .bss.displayValue
                0x200007ac        0x4 CMakeFiles/Liu_c8t6.elf.dir/Core/Src/main.c.obj
                0x200007ac                displayValue
 .bss.distance_offset_1000
                0x200007b0        0x4 CMakeFiles/Liu_c8t6.elf.dir/Core/Src/main.c.obj
                0x200007b0                distance_offset_1000
 .bss.distance_1000
                0x200007b4        0x4 CMakeFiles/Liu_c8t6.elf.dir/Core/Src/main.c.obj
                0x200007b4                distance_1000
 .bss.distance  0x200007b8        0x8 CMakeFiles/Liu_c8t6.elf.dir/Core/Src/main.c.obj
                0x200007b8                distance
 .bss.humidity_100
                0x200007c0        0x4 CMakeFiles/Liu_c8t6.elf.dir/Core/Src/main.c.obj
                0x200007c0                humidity_100
 .bss.temperature_1000
                0x200007c4        0x4 CMakeFiles/Liu_c8t6.elf.dir/Core/Src/main.c.obj
                0x200007c4                temperature_1000
 .bss.temperature_ds18
                0x200007c8        0x4 CMakeFiles/Liu_c8t6.elf.dir/Core/Src/main.c.obj
                0x200007c8                temperature_ds18
 .bss.humidity  0x200007cc        0x4 CMakeFiles/Liu_c8t6.elf.dir/Core/Src/main.c.obj
                0x200007cc                humidity
 .bss.temperature
                0x200007d0        0x4 CMakeFiles/Liu_c8t6.elf.dir/Core/Src/main.c.obj
                0x200007d0                temperature
 .bss.hrtc      0x200007d4       0x14 CMakeFiles/Liu_c8t6.elf.dir/Core/Src/rtc.c.obj
                0x200007d4                hrtc
 .bss.my_Buffer
                0x200007e8        0xc CMakeFiles/Liu_c8t6.elf.dir/Core/Src/stm32f1xx_it.c.obj
                0x200007e8                my_Buffer
 .bss.get_key   0x200007f4        0x1 CMakeFiles/Liu_c8t6.elf.dir/Core/Src/stm32f1xx_it.c.obj
                0x200007f4                get_key
 *fill*         0x200007f5        0x3 
 .bss.__sbrk_heap_end
                0x200007f8        0x4 CMakeFiles/Liu_c8t6.elf.dir/Core/Src/sysmem.c.obj
 .bss.htim2     0x200007fc       0x48 CMakeFiles/Liu_c8t6.elf.dir/Core/Src/tim.c.obj
                0x200007fc                htim2
 .bss.htim1     0x20000844       0x48 CMakeFiles/Liu_c8t6.elf.dir/Core/Src/tim.c.obj
                0x20000844                htim1
 .bss.huart1    0x2000088c       0x48 CMakeFiles/Liu_c8t6.elf.dir/Core/Src/usart.c.obj
                0x2000088c                huart1
 .bss.uwTick    0x200008d4        0x4 CMakeFiles/Liu_c8t6.elf.dir/Drivers/STM32F1xx_HAL_Driver/Src/stm32f1xx_hal.c.obj
                0x200008d4                uwTick
 .bss.pFlash    0x200008d8       0x20 CMakeFiles/Liu_c8t6.elf.dir/Drivers/STM32F1xx_HAL_Driver/Src/stm32f1xx_hal_flash.c.obj
                0x200008d8                pFlash
 .bss.datatemp  0x200008f8        0xc CMakeFiles/Liu_c8t6.elf.dir/MENU/MENU.c.obj
                0x200008f8                datatemp
 .bss.Display_Array
                0x20000904       0x4c CMakeFiles/Liu_c8t6.elf.dir/MENU/MENU.c.obj
                0x20000904                Display_Array
 .bss.OLED_GRAM
                0x20000950      0x480 CMakeFiles/Liu_c8t6.elf.dir/OLED2/OLED2.c.obj
                0x20000950                OLED_GRAM
 .bss.temp.0    0x20000dd0        0x4 CMakeFiles/Liu_c8t6.elf.dir/USER/AHT10.c.obj
 .bss.humi.1    0x20000dd4        0x4 CMakeFiles/Liu_c8t6.elf.dir/USER/AHT10.c.obj
 .bss.sound_speed
                0x20000dd8        0x4 CMakeFiles/Liu_c8t6.elf.dir/USER/HCSR04.c.obj
                0x20000dd8                sound_speed
 .bss.msHcCount
                0x20000ddc        0x1 CMakeFiles/Liu_c8t6.elf.dir/USER/HCSR04.c.obj
                0x20000ddc                msHcCount
 *fill*         0x20000ddd        0x3 
 .bss.STMFLASH_BUF
                0x20000de0      0x400 CMakeFiles/Liu_c8t6.elf.dir/USER/STMflash.c.obj
                0x20000de0                STMFLASH_BUF
 .bss.p_Flash   0x200011e0       0x20 CMakeFiles/Liu_c8t6.elf.dir/USER/STMflash.c.obj
                0x200011e0                p_Flash
 .bss.__sf      0x20001200      0x138 I:/ARM-GN~1.3/133167~1.3RE/bin/../lib/gcc/arm-none-eabi/13.3.1/thumb/v7-m/nofp\libg.a(libc_a-findfp.o)
                0x20001200                __sf
 .bss.__stdio_exit_handler
                0x20001338        0x4 I:/ARM-GN~1.3/133167~1.3RE/bin/../lib/gcc/arm-none-eabi/13.3.1/thumb/v7-m/nofp\libg.a(libc_a-findfp.o)
                0x20001338                __stdio_exit_handler
 .bss.errno     0x2000133c        0x4 I:/ARM-GN~1.3/133167~1.3RE/bin/../lib/gcc/arm-none-eabi/13.3.1/thumb/v7-m/nofp\libg.a(libc_a-reent.o)
                0x2000133c                errno
 .bss.__lock___malloc_recursive_mutex
                0x20001340        0x1 I:/ARM-GN~1.3/133167~1.3RE/bin/../lib/gcc/arm-none-eabi/13.3.1/thumb/v7-m/nofp\libg.a(libc_a-lock.o)
                0x20001340                __lock___malloc_recursive_mutex
 *fill*         0x20001341        0x3 
 .bss.__lock___atexit_recursive_mutex
                0x20001344        0x1 I:/ARM-GN~1.3/133167~1.3RE/bin/../lib/gcc/arm-none-eabi/13.3.1/thumb/v7-m/nofp\libg.a(libc_a-lock.o)
                0x20001344                __lock___atexit_recursive_mutex
 *fill*         0x20001345        0x3 
 .bss.__lock___sfp_recursive_mutex
                0x20001348        0x1 I:/ARM-GN~1.3/133167~1.3RE/bin/../lib/gcc/arm-none-eabi/13.3.1/thumb/v7-m/nofp\libg.a(libc_a-lock.o)
                0x20001348                __lock___sfp_recursive_mutex
 *fill*         0x20001349        0x3 
 .bss.__atexit  0x2000134c        0x4 I:/ARM-GN~1.3/133167~1.3RE/bin/../lib/gcc/arm-none-eabi/13.3.1/thumb/v7-m/nofp\libg.a(libc_a-__call_atexit.o)
                0x2000134c                __atexit
 .bss.__malloc_current_mallinfo
                0x20001350       0x28 I:/ARM-GN~1.3/133167~1.3RE/bin/../lib/gcc/arm-none-eabi/13.3.1/thumb/v7-m/nofp\libg.a(libc_a-mallocr.o)
                0x20001350                __malloc_current_mallinfo
 .bss.__malloc_max_total_mem
                0x20001378        0x4 I:/ARM-GN~1.3/133167~1.3RE/bin/../lib/gcc/arm-none-eabi/13.3.1/thumb/v7-m/nofp\libg.a(libc_a-mallocr.o)
                0x20001378                __malloc_max_total_mem
 .bss.__malloc_max_sbrked_mem
                0x2000137c        0x4 I:/ARM-GN~1.3/133167~1.3RE/bin/../lib/gcc/arm-none-eabi/13.3.1/thumb/v7-m/nofp\libg.a(libc_a-mallocr.o)
                0x2000137c                __malloc_max_sbrked_mem
 .bss.__malloc_top_pad
                0x20001380        0x4 I:/ARM-GN~1.3/133167~1.3RE/bin/../lib/gcc/arm-none-eabi/13.3.1/thumb/v7-m/nofp\libg.a(libc_a-mallocr.o)
                0x20001380                __malloc_top_pad
 .bss.__atexit0
                0x20001384      0x190 I:/ARM-GN~1.3/133167~1.3RE/bin/../lib/gcc/arm-none-eabi/13.3.1/thumb/v7-m/nofp\libg.a(libc_a-__atexit.o)
                0x20001384                __atexit0
 *(COMMON)
                0x20001514                        . = ALIGN (0x4)
                0x20001514                        _ebss = .
                0x20001514                        __bss_end__ = _ebss

._user_heap_stack
                0x20001514      0x604 load address 0x0800f984
                0x20001518                        . = ALIGN (0x8)
 *fill*         0x20001514        0x4 
                [!provide]                        PROVIDE (end = .)
                0x20001518                        PROVIDE (_end = .)
                0x20001718                        . = (. + _Min_Heap_Size)
 *fill*         0x20001518      0x200 
                0x20001b18                        . = (. + _Min_Stack_Size)
 *fill*         0x20001718      0x400 
                0x20001b18                        . = ALIGN (0x8)

/DISCARD/
 libc.a(*)
 libm.a(*)
 libgcc.a(*)

.ARM.attributes
                0x00000000       0x29
 *(.ARM.attributes)
 .ARM.attributes
                0x00000000       0x1d I:/ARM-GN~1.3/133167~1.3RE/bin/../lib/gcc/arm-none-eabi/13.3.1/thumb/v7-m/nofp/crti.o
 .ARM.attributes
                0x0000001d       0x2d I:/ARM-GN~1.3/133167~1.3RE/bin/../lib/gcc/arm-none-eabi/13.3.1/thumb/v7-m/nofp/crtbegin.o
 .ARM.attributes
                0x0000004a       0x2d CMakeFiles/Liu_c8t6.elf.dir/Core/Src/gpio.c.obj
 .ARM.attributes
                0x00000077       0x2d CMakeFiles/Liu_c8t6.elf.dir/Core/Src/i2c.c.obj
 .ARM.attributes
                0x000000a4       0x2d CMakeFiles/Liu_c8t6.elf.dir/Core/Src/iwdg.c.obj
 .ARM.attributes
                0x000000d1       0x2d CMakeFiles/Liu_c8t6.elf.dir/Core/Src/main.c.obj
 .ARM.attributes
                0x000000fe       0x2d CMakeFiles/Liu_c8t6.elf.dir/Core/Src/rtc.c.obj
 .ARM.attributes
                0x0000012b       0x2d CMakeFiles/Liu_c8t6.elf.dir/Core/Src/stm32f1xx_hal_msp.c.obj
 .ARM.attributes
                0x00000158       0x2d CMakeFiles/Liu_c8t6.elf.dir/Core/Src/stm32f1xx_it.c.obj
 .ARM.attributes
                0x00000185       0x2d CMakeFiles/Liu_c8t6.elf.dir/Core/Src/syscalls.c.obj
 .ARM.attributes
                0x000001b2       0x2d CMakeFiles/Liu_c8t6.elf.dir/Core/Src/sysmem.c.obj
 .ARM.attributes
                0x000001df       0x2d CMakeFiles/Liu_c8t6.elf.dir/Core/Src/system_stm32f1xx.c.obj
 .ARM.attributes
                0x0000020c       0x2d CMakeFiles/Liu_c8t6.elf.dir/Core/Src/tim.c.obj
 .ARM.attributes
                0x00000239       0x2d CMakeFiles/Liu_c8t6.elf.dir/Core/Src/usart.c.obj
 .ARM.attributes
                0x00000266       0x21 CMakeFiles/Liu_c8t6.elf.dir/Core/Startup/startup_stm32f103c8tx.s.obj
 .ARM.attributes
                0x00000287       0x2d CMakeFiles/Liu_c8t6.elf.dir/Drivers/STM32F1xx_HAL_Driver/Src/stm32f1xx_hal.c.obj
 .ARM.attributes
                0x000002b4       0x2d CMakeFiles/Liu_c8t6.elf.dir/Drivers/STM32F1xx_HAL_Driver/Src/stm32f1xx_hal_cortex.c.obj
 .ARM.attributes
                0x000002e1       0x2d CMakeFiles/Liu_c8t6.elf.dir/Drivers/STM32F1xx_HAL_Driver/Src/stm32f1xx_hal_dma.c.obj
 .ARM.attributes
                0x0000030e       0x2d CMakeFiles/Liu_c8t6.elf.dir/Drivers/STM32F1xx_HAL_Driver/Src/stm32f1xx_hal_flash.c.obj
 .ARM.attributes
                0x0000033b       0x2d CMakeFiles/Liu_c8t6.elf.dir/Drivers/STM32F1xx_HAL_Driver/Src/stm32f1xx_hal_gpio.c.obj
 .ARM.attributes
                0x00000368       0x2d CMakeFiles/Liu_c8t6.elf.dir/Drivers/STM32F1xx_HAL_Driver/Src/stm32f1xx_hal_i2c.c.obj
 .ARM.attributes
                0x00000395       0x2d CMakeFiles/Liu_c8t6.elf.dir/Drivers/STM32F1xx_HAL_Driver/Src/stm32f1xx_hal_iwdg.c.obj
 .ARM.attributes
                0x000003c2       0x2d CMakeFiles/Liu_c8t6.elf.dir/Drivers/STM32F1xx_HAL_Driver/Src/stm32f1xx_hal_pwr.c.obj
 .ARM.attributes
                0x000003ef       0x2d CMakeFiles/Liu_c8t6.elf.dir/Drivers/STM32F1xx_HAL_Driver/Src/stm32f1xx_hal_rcc.c.obj
 .ARM.attributes
                0x0000041c       0x2d CMakeFiles/Liu_c8t6.elf.dir/Drivers/STM32F1xx_HAL_Driver/Src/stm32f1xx_hal_rcc_ex.c.obj
 .ARM.attributes
                0x00000449       0x2d CMakeFiles/Liu_c8t6.elf.dir/Drivers/STM32F1xx_HAL_Driver/Src/stm32f1xx_hal_rtc.c.obj
 .ARM.attributes
                0x00000476       0x2d CMakeFiles/Liu_c8t6.elf.dir/Drivers/STM32F1xx_HAL_Driver/Src/stm32f1xx_hal_rtc_ex.c.obj
 .ARM.attributes
                0x000004a3       0x2d CMakeFiles/Liu_c8t6.elf.dir/Drivers/STM32F1xx_HAL_Driver/Src/stm32f1xx_hal_tim.c.obj
 .ARM.attributes
                0x000004d0       0x2d CMakeFiles/Liu_c8t6.elf.dir/Drivers/STM32F1xx_HAL_Driver/Src/stm32f1xx_hal_tim_ex.c.obj
 .ARM.attributes
                0x000004fd       0x2d CMakeFiles/Liu_c8t6.elf.dir/Drivers/STM32F1xx_HAL_Driver/Src/stm32f1xx_hal_uart.c.obj
 .ARM.attributes
                0x0000052a       0x2d CMakeFiles/Liu_c8t6.elf.dir/MENU/MENU.c.obj
 .ARM.attributes
                0x00000557       0x2d CMakeFiles/Liu_c8t6.elf.dir/MENU/MYRTC.c.obj
 .ARM.attributes
                0x00000584       0x2d CMakeFiles/Liu_c8t6.elf.dir/OLED2/OLED2.c.obj
 .ARM.attributes
                0x000005b1       0x2d CMakeFiles/Liu_c8t6.elf.dir/USER/AHT10.c.obj
 .ARM.attributes
                0x000005de       0x2d CMakeFiles/Liu_c8t6.elf.dir/USER/DS18B20.c.obj
 .ARM.attributes
                0x0000060b       0x2d CMakeFiles/Liu_c8t6.elf.dir/USER/Delay_us.c.obj
 .ARM.attributes
                0x00000638       0x2d CMakeFiles/Liu_c8t6.elf.dir/USER/HCSR04.c.obj
 .ARM.attributes
                0x00000665       0x2d CMakeFiles/Liu_c8t6.elf.dir/USER/MAX7219.c.obj
 .ARM.attributes
                0x00000692       0x2d CMakeFiles/Liu_c8t6.elf.dir/USER/STMflash.c.obj
 .ARM.attributes
                0x000006bf       0x2d CMakeFiles/Liu_c8t6.elf.dir/USER/buzzer.c.obj
 .ARM.attributes
                0x000006ec       0x1d I:/ARM-GN~1.3/133167~1.3RE/bin/../lib/gcc/arm-none-eabi/13.3.1/thumb/v7-m/nofp\libgcc.a(_arm_addsubdf3.o)
 .ARM.attributes
                0x00000709       0x1d I:/ARM-GN~1.3/133167~1.3RE/bin/../lib/gcc/arm-none-eabi/13.3.1/thumb/v7-m/nofp\libgcc.a(_arm_truncdfsf2.o)
 .ARM.attributes
                0x00000726       0x1d I:/ARM-GN~1.3/133167~1.3RE/bin/../lib/gcc/arm-none-eabi/13.3.1/thumb/v7-m/nofp\libgcc.a(_arm_addsubsf3.o)
 .ARM.attributes
                0x00000743       0x1d I:/ARM-GN~1.3/133167~1.3RE/bin/../lib/gcc/arm-none-eabi/13.3.1/thumb/v7-m/nofp\libgcc.a(_arm_muldivsf3.o)
 .ARM.attributes
                0x00000760       0x1d I:/ARM-GN~1.3/133167~1.3RE/bin/../lib/gcc/arm-none-eabi/13.3.1/thumb/v7-m/nofp\libgcc.a(_arm_fixsfsi.o)
 .ARM.attributes
                0x0000077d       0x1d I:/ARM-GN~1.3/133167~1.3RE/bin/../lib/gcc/arm-none-eabi/13.3.1/thumb/v7-m/nofp\libgcc.a(_arm_fixunssfsi.o)
 .ARM.attributes
                0x0000079a       0x2d I:/ARM-GN~1.3/133167~1.3RE/bin/../lib/gcc/arm-none-eabi/13.3.1/thumb/v7-m/nofp\libg.a(libc_a-findfp.o)
 .ARM.attributes
                0x000007c7       0x2d I:/ARM-GN~1.3/133167~1.3RE/bin/../lib/gcc/arm-none-eabi/13.3.1/thumb/v7-m/nofp\libg.a(libc_a-fwalk.o)
 .ARM.attributes
                0x000007f4       0x2d I:/ARM-GN~1.3/133167~1.3RE/bin/../lib/gcc/arm-none-eabi/13.3.1/thumb/v7-m/nofp\libg.a(libc_a-printf.o)
 .ARM.attributes
                0x00000821       0x2d I:/ARM-GN~1.3/133167~1.3RE/bin/../lib/gcc/arm-none-eabi/13.3.1/thumb/v7-m/nofp\libg.a(libc_a-puts.o)
 .ARM.attributes
                0x0000084e       0x2d I:/ARM-GN~1.3/133167~1.3RE/bin/../lib/gcc/arm-none-eabi/13.3.1/thumb/v7-m/nofp\libg.a(libc_a-stdio.o)
 .ARM.attributes
                0x0000087b       0x2d I:/ARM-GN~1.3/133167~1.3RE/bin/../lib/gcc/arm-none-eabi/13.3.1/thumb/v7-m/nofp\libg.a(libc_a-memset.o)
 .ARM.attributes
                0x000008a8       0x2d I:/ARM-GN~1.3/133167~1.3RE/bin/../lib/gcc/arm-none-eabi/13.3.1/thumb/v7-m/nofp\libg.a(libc_a-closer.o)
 .ARM.attributes
                0x000008d5       0x2d I:/ARM-GN~1.3/133167~1.3RE/bin/../lib/gcc/arm-none-eabi/13.3.1/thumb/v7-m/nofp\libg.a(libc_a-reent.o)
 .ARM.attributes