Archive member included to satisfy reference by file (symbol)

I:/ARM-GN~1.3/133167~1.3RE/bin/../lib/gcc/arm-none-eabi/13.3.1/thumb/v7-m/nofp\libgcc.a(_arm_muldf3.o)
                              CMakeFiles/Liu_c8t6.elf.dir/USER/DS18B20.c.obj (__aeabi_dmul)
I:/ARM-GN~1.3/133167~1.3RE/bin/../lib/gcc/arm-none-eabi/13.3.1/thumb/v7-m/nofp\libgcc.a(_arm_mulsf3.o)
                              CMakeFiles/Liu_c8t6.elf.dir/Core/Src/main.c.obj (__aeabi_fmul)
I:/ARM-GN~1.3/133167~1.3RE/bin/../lib/gcc/arm-none-eabi/13.3.1/thumb/v7-m/nofp\libgcc.a(_arm_addsubdf3.o)
                              CMakeFiles/Liu_c8t6.elf.dir/USER/SHT20.c.obj (__aeabi_dsub)
I:/ARM-GN~1.3/133167~1.3RE/bin/../lib/gcc/arm-none-eabi/13.3.1/thumb/v7-m/nofp\libgcc.a(_arm_truncdfsf2.o)
                              CMakeFiles/Liu_c8t6.elf.dir/USER/DS18B20.c.obj (__aeabi_d2f)
I:/ARM-GN~1.3/133167~1.3RE/bin/../lib/gcc/arm-none-eabi/13.3.1/thumb/v7-m/nofp\libgcc.a(_arm_addsubsf3.o)
                              CMakeFiles/Liu_c8t6.elf.dir/USER/HCSR04.c.obj (__aeabi_fsub)
I:/ARM-GN~1.3/133167~1.3RE/bin/../lib/gcc/arm-none-eabi/13.3.1/thumb/v7-m/nofp\libgcc.a(_arm_muldivsf3.o)
                              CMakeFiles/Liu_c8t6.elf.dir/USER/HCSR04.c.obj (__aeabi_fdiv)
I:/ARM-GN~1.3/133167~1.3RE/bin/../lib/gcc/arm-none-eabi/13.3.1/thumb/v7-m/nofp\libgcc.a(_arm_cmpsf2.o)
                              CMakeFiles/Liu_c8t6.elf.dir/USER/HCSR04.c.obj (__aeabi_fcmple)
I:/ARM-GN~1.3/133167~1.3RE/bin/../lib/gcc/arm-none-eabi/13.3.1/thumb/v7-m/nofp\libgcc.a(_arm_fixsfsi.o)
                              CMakeFiles/Liu_c8t6.elf.dir/Core/Src/main.c.obj (__aeabi_f2iz)
I:/ARM-GN~1.3/133167~1.3RE/bin/../lib/gcc/arm-none-eabi/13.3.1/thumb/v7-m/nofp\libgcc.a(_arm_fixunssfsi.o)
                              CMakeFiles/Liu_c8t6.elf.dir/Core/Src/main.c.obj (__aeabi_f2uiz)
I:/ARM-GN~1.3/133167~1.3RE/bin/../lib/gcc/arm-none-eabi/13.3.1/thumb/v7-m/nofp\libg.a(libc_a-exit.o)
                              I:/ARM-GN~1.3/133167~1.3RE/bin/../lib/gcc/arm-none-eabi/13.3.1/thumb/v7-m/nofp/crt0.o (exit)
I:/ARM-GN~1.3/133167~1.3RE/bin/../lib/gcc/arm-none-eabi/13.3.1/thumb/v7-m/nofp\libg.a(libc_a-findfp.o)
                              I:/ARM-GN~1.3/133167~1.3RE/bin/../lib/gcc/arm-none-eabi/13.3.1/thumb/v7-m/nofp\libg.a(libc_a-exit.o) (__stdio_exit_handler)
I:/ARM-GN~1.3/133167~1.3RE/bin/../lib/gcc/arm-none-eabi/13.3.1/thumb/v7-m/nofp\libg.a(libc_a-fwalk.o)
                              I:/ARM-GN~1.3/133167~1.3RE/bin/../lib/gcc/arm-none-eabi/13.3.1/thumb/v7-m/nofp\libg.a(libc_a-findfp.o) (_fwalk_sglue)
I:/ARM-GN~1.3/133167~1.3RE/bin/../lib/gcc/arm-none-eabi/13.3.1/thumb/v7-m/nofp\libg.a(libc_a-printf.o)
                              CMakeFiles/Liu_c8t6.elf.dir/Core/Src/main.c.obj (printf)
I:/ARM-GN~1.3/133167~1.3RE/bin/../lib/gcc/arm-none-eabi/13.3.1/thumb/v7-m/nofp\libg.a(libc_a-puts.o)
                              CMakeFiles/Liu_c8t6.elf.dir/USER/SHT20.c.obj (puts)
I:/ARM-GN~1.3/133167~1.3RE/bin/../lib/gcc/arm-none-eabi/13.3.1/thumb/v7-m/nofp\libg.a(libc_a-stdio.o)
                              I:/ARM-GN~1.3/133167~1.3RE/bin/../lib/gcc/arm-none-eabi/13.3.1/thumb/v7-m/nofp\libg.a(libc_a-findfp.o) (__sread)
I:/ARM-GN~1.3/133167~1.3RE/bin/../lib/gcc/arm-none-eabi/13.3.1/thumb/v7-m/nofp\libg.a(libc_a-memset.o)
                              I:/ARM-GN~1.3/133167~1.3RE/bin/../lib/gcc/arm-none-eabi/13.3.1/thumb/v7-m/nofp/crt0.o (memset)
I:/ARM-GN~1.3/133167~1.3RE/bin/../lib/gcc/arm-none-eabi/13.3.1/thumb/v7-m/nofp\libg.a(libc_a-closer.o)
                              I:/ARM-GN~1.3/133167~1.3RE/bin/../lib/gcc/arm-none-eabi/13.3.1/thumb/v7-m/nofp\libg.a(libc_a-stdio.o) (_close_r)
I:/ARM-GN~1.3/133167~1.3RE/bin/../lib/gcc/arm-none-eabi/13.3.1/thumb/v7-m/nofp\libg.a(libc_a-reent.o)
                              I:/ARM-GN~1.3/133167~1.3RE/bin/../lib/gcc/arm-none-eabi/13.3.1/thumb/v7-m/nofp\libg.a(libc_a-closer.o) (errno)
I:/ARM-GN~1.3/133167~1.3RE/bin/../lib/gcc/arm-none-eabi/13.3.1/thumb/v7-m/nofp\libg.a(libc_a-impure.o)
                              I:/ARM-GN~1.3/133167~1.3RE/bin/../lib/gcc/arm-none-eabi/13.3.1/thumb/v7-m/nofp\libg.a(libc_a-printf.o) (_impure_ptr)
I:/ARM-GN~1.3/133167~1.3RE/bin/../lib/gcc/arm-none-eabi/13.3.1/thumb/v7-m/nofp\libg.a(libc_a-lseekr.o)
                              I:/ARM-GN~1.3/133167~1.3RE/bin/../lib/gcc/arm-none-eabi/13.3.1/thumb/v7-m/nofp\libg.a(libc_a-stdio.o) (_lseek_r)
I:/ARM-GN~1.3/133167~1.3RE/bin/../lib/gcc/arm-none-eabi/13.3.1/thumb/v7-m/nofp\libg.a(libc_a-readr.o)
                              I:/ARM-GN~1.3/133167~1.3RE/bin/../lib/gcc/arm-none-eabi/13.3.1/thumb/v7-m/nofp\libg.a(libc_a-stdio.o) (_read_r)
I:/ARM-GN~1.3/133167~1.3RE/bin/../lib/gcc/arm-none-eabi/13.3.1/thumb/v7-m/nofp\libg.a(libc_a-writer.o)
                              I:/ARM-GN~1.3/133167~1.3RE/bin/../lib/gcc/arm-none-eabi/13.3.1/thumb/v7-m/nofp\libg.a(libc_a-stdio.o) (_write_r)
I:/ARM-GN~1.3/133167~1.3RE/bin/../lib/gcc/arm-none-eabi/13.3.1/thumb/v7-m/nofp\libg.a(libc_a-errno.o)
[...]
Memory Configuration

Name             Origin             Length             Attributes
RAM              0x20000000         0x00005000         xrw
FLASH            0x08000000         0x00010000         xr
*default*        0x00000000         0xffffffff

Linker script and memory map

LOAD I:/ARM-GN~1.3/133167~1.3RE/bin/../lib/gcc/arm-none-eabi/13.3.1/thumb/v7-m/nofp/crti.o
LOAD I:/ARM-GN~1.3/133167~1.3RE/bin/../lib/gcc/arm-none-eabi/13.3.1/thumb/v7-m/nofp/crtbegin.o
LOAD I:/ARM-GN~1.3/133167~1.3RE/bin/../lib/gcc/arm-none-eabi/13.3.1/thumb/v7-m/nofp/crt0.o
LOAD CMakeFiles/Liu_c8t6.elf.dir/Core/Src/gpio.c.obj
LOAD CMakeFiles/Liu_c8t6.elf.dir/Core/Src/iwdg.c.obj
LOAD CMakeFiles/Liu_c8t6.elf.dir/Core/Src/main.c.obj
LOAD CMakeFiles/Liu_c8t6.elf.dir/Core/Src/stm32f1xx_hal_msp.c.obj
LOAD CMakeFiles/Liu_c8t6.elf.dir/Core/Src/stm32f1xx_it.c.obj
LOAD CMakeFiles/Liu_c8t6.elf.dir/Core/Src/syscalls.c.obj
LOAD CMakeFiles/Liu_c8t6.elf.dir/Core/Src/sysmem.c.obj
LOAD CMakeFiles/Liu_c8t6.elf.dir/Core/Src/system_stm32f1xx.c.obj
LOAD CMakeFiles/Liu_c8t6.elf.dir/Core/Src/tim.c.obj
LOAD CMakeFiles/Liu_c8t6.elf.dir/Core/Src/usart.c.obj
LOAD CMakeFiles/Liu_c8t6.elf.dir/Core/Startup/startup_stm32f103c8tx.s.obj
LOAD CMakeFiles/Liu_c8t6.elf.dir/Drivers/STM32F1xx_HAL_Driver/Src/stm32f1xx_hal.c.obj
LOAD CMakeFiles/Liu_c8t6.elf.dir/Drivers/STM32F1xx_HAL_Driver/Src/stm32f1xx_hal_cortex.c.obj
LOAD CMakeFiles/Liu_c8t6.elf.dir/Drivers/STM32F1xx_HAL_Driver/Src/stm32f1xx_hal_dma.c.obj
LOAD CMakeFiles/Liu_c8t6.elf.dir/Drivers/STM32F1xx_HAL_Driver/Src/stm32f1xx_hal_exti.c.obj
LOAD CMakeFiles/Liu_c8t6.elf.dir/Drivers/STM32F1xx_HAL_Driver/Src/stm32f1xx_hal_flash.c.obj
LOAD CMakeFiles/Liu_c8t6.elf.dir/Drivers/STM32F1xx_HAL_Driver/Src/stm32f1xx_hal_flash_ex.c.obj
LOAD CMakeFiles/Liu_c8t6.elf.dir/Drivers/STM32F1xx_HAL_Driver/Src/stm32f1xx_hal_gpio.c.obj
LOAD CMakeFiles/Liu_c8t6.elf.dir/Drivers/STM32F1xx_HAL_Driver/Src/stm32f1xx_hal_gpio_ex.c.obj
LOAD CMakeFiles/Liu_c8t6.elf.dir/Drivers/STM32F1xx_HAL_Driver/Src/stm32f1xx_hal_iwdg.c.obj
LOAD CMakeFiles/Liu_c8t6.elf.dir/Drivers/STM32F1xx_HAL_Driver/Src/stm32f1xx_hal_pwr.c.obj
LOAD CMakeFiles/Liu_c8t6.elf.dir/Drivers/STM32F1xx_HAL_Driver/Src/stm32f1xx_hal_rcc.c.obj
LOAD CMakeFiles/Liu_c8t6.elf.dir/Drivers/STM32F1xx_HAL_Driver/Src/stm32f1xx_hal_rcc_ex.c.obj
LOAD CMakeFiles/Liu_c8t6.elf.dir/Drivers/STM32F1xx_HAL_Driver/Src/stm32f1xx_hal_tim.c.obj
LOAD CMakeFiles/Liu_c8t6.elf.dir/Drivers/STM32F1xx_HAL_Driver/Src/stm32f1xx_hal_tim_ex.c.obj
LOAD CMakeFiles/Liu_c8t6.elf.dir/Drivers/STM32F1xx_HAL_Driver/Src/stm32f1xx_hal_uart.c.obj
LOAD CMakeFiles/Liu_c8t6.elf.dir/MENU/MENU.c.obj
LOAD CMakeFiles/Liu_c8t6.elf.dir/MENU/MYRTC.c.obj
LOAD CMakeFiles/Liu_c8t6.elf.dir/OLED2/OLED2.c.obj
LOAD CMakeFiles/Liu_c8t6.elf.dir/USER/DS18B20.c.obj
LOAD CMakeFiles/Liu_c8t6.elf.dir/USER/Delay_us.c.obj
LOAD CMakeFiles/Liu_c8t6.elf.dir/USER/HCSR04.c.obj
LOAD CMakeFiles/Liu_c8t6.elf.dir/USER/MAX7219.c.obj
LOAD CMakeFiles/Liu_c8t6.elf.dir/USER/SHT20.c.obj
LOAD CMakeFiles/Liu_c8t6.elf.dir/USER/STMflash.c.obj
LOAD CMakeFiles/Liu_c8t6.elf.dir/USER/buzzer.c.obj
START GROUP
LOAD I:/ARM-GN~1.3/133167~1.3RE/bin/../lib/gcc/arm-none-eabi/13.3.1/thumb/v7-m/nofp\libgcc.a
LOAD I:/ARM-GN~1.3/133167~1.3RE/bin/../lib/gcc/arm-none-eabi/13.3.1/thumb/v7-m/nofp\libg.a
LOAD I:/ARM-GN~1.3/133167~1.3RE/bin/../lib/gcc/arm-none-eabi/13.3.1/thumb/v7-m/nofp\libc.a
END GROUP
LOAD I:/ARM-GN~1.3/133167~1.3RE/bin/../lib/gcc/arm-none-eabi/13.3.1/thumb/v7-m/nofp/crtend.o
LOAD I:/ARM-GN~1.3/133167~1.3RE/bin/../lib/gcc/arm-none-eabi/13.3.1/thumb/v7-m/nofp/crtn.o
                0x20005000                        _estack = (ORIGIN (RAM) + LENGTH (RAM))
                0x00000200                        _Min_Heap_Size = 0x200
                0x00000400                        _Min_Stack_Size = 0x400

.isr_vector     0x08000000      0x10c
                0x08000000                        . = ALIGN (0x4)
 *(.isr_vector)
 .isr_vector    0x08000000      0x10c CMakeFiles/Liu_c8t6.elf.dir/Core/Startup/startup_stm32f103c8tx.s.obj
                0x08000000                g_pfnVectors
                0x0800010c                        . = ALIGN (0x4)

.text           0x08000110     0xbd2c
                0x08000110                        . = ALIGN (0x4)
 *(.text)
 .text          0x08000110      0x378 I:/ARM-GN~1.3/133167~1.3RE/bin/../lib/gcc/arm-none-eabi/13.3.1/thumb/v7-m/nofp\libgcc.a(_arm_addsubdf3.o)
                0x08000110                __aeabi_drsub
                0x08000118                __aeabi_dsub
                0x08000118                __subdf3
                0x0800011c                __aeabi_dadd
                0x0800011c                __adddf3
                0x08000394                __floatunsidf
                0x08000394                __aeabi_ui2d
                0x080003b4                __floatsidf
                0x080003b4                __aeabi_i2d
                0x080003d8                __aeabi_f2d
                0x080003d8                __extendsfdf2
                0x0800041c                __floatundidf
                0x0800041c                __aeabi_ul2d
                0x0800042c                __floatdidf
                0x0800042c                __aeabi_l2d
 .text          0x08000488       0xa0 I:/ARM-GN~1.3/133167~1.3RE/bin/../lib/gcc/arm-none-eabi/13.3.1/thumb/v7-m/nofp\libgcc.a(_arm_truncdfsf2.o)
                0x08000488                __truncdfsf2
                0x08000488                __aeabi_d2f
 .text          0x08000528      0x21c I:/ARM-GN~1.3/133167~1.3RE/bin/../lib/gcc/arm-none-eabi/13.3.1/thumb/v7-m/nofp\libgcc.a(_arm_addsubsf3.o)
                0x08000528                __aeabi_frsub
                0x08000530                __subsf3
                0x08000530                __aeabi_fsub
                0x08000534                __aeabi_fadd
                0x08000534                __addsf3
                0x08000694                __aeabi_ui2f
                0x08000694                __floatunsisf
                0x0800069c                __aeabi_i2f
                0x0800069c                __floatsisf
                0x080006b8                __aeabi_ul2f
                0x080006b8                __floatundisf
                0x080006c8                __aeabi_l2f
                0x080006c8                __floatdisf
 .text          0x08000744      0x2a0 I:/ARM-GN~1.3/133167~1.3RE/bin/../lib/gcc/arm-none-eabi/13.3.1/thumb/v7-m/nofp\libgcc.a(_arm_muldivsf3.o)
                0x08000744                __mulsf3
                0x08000744                __aeabi_fmul
                0x080008ac                __aeabi_fdiv
                0x080008ac                __divsf3
 .text          0x080009e4       0xec I:/ARM-GN~1.3/133167~1.3RE/bin/../lib/gcc/arm-none-eabi/13.3.1/thumb/v7-m/nofp\libgcc.a(_arm_cmpsf2.o)
                0x080009e4                __gesf2
                0x080009e4                __gtsf2
                0x080009ec                __lesf2
                0x080009ec                __ltsf2
                0x080009f4                __nesf2
                0x080009f4                __eqsf2
                0x080009f4                __cmpsf2
                0x08000a54                __aeabi_cfrcmple
                0x08000a5c                __aeabi_cfcmpeq
                0x08000a5c                __aeabi_cfcmple
                0x08000a6c                __aeabi_fcmpeq
                0x08000a80                __aeabi_fcmplt
                0x08000a94                __aeabi_fcmple
                0x08000aa8                __aeabi_fcmpge
                0x08000abc                __aeabi_fcmpgt
 .text          0x08000ad0       0x4c I:/ARM-GN~1.3/133167~1.3RE/bin/../lib/gcc/arm-none-eabi/13.3.1/thumb/v7-m/nofp\libgcc.a(_arm_fixsfsi.o)
                0x08000ad0                __aeabi_f2iz
                0x08000ad0                __fixsfsi
 .text          0x08000b1c       0x40 I:/ARM-GN~1.3/133167~1.3RE/bin/../lib/gcc/arm-none-eabi/13.3.1/thumb/v7-m/nofp\libgcc.a(_arm_fixunssfsi.o)
                0x08000b1c                __fixunssfsi
                0x08000b1c                __aeabi_f2uiz
 .text          0x08000b5c       0xec I:/ARM-GN~1.3/133167~1.3RE/bin/../lib/gcc/arm-none-eabi/13.3.1/thumb/v7-m/nofp\libg.a(libc_a-memcpy.o)
                0x08000b5c                memcpy
 .text          0x08000c48      0x424 I:/ARM-GN~1.3/133167~1.3RE/bin/../lib/gcc/arm-none-eabi/13.3.1/thumb/v7-m/nofp\libgcc.a(_arm_muldivdf3.o)
                0x08000c48                __aeabi_dmul
                0x08000c48                __muldf3
                0x08000e9c                __divdf3
                0x08000e9c                __aeabi_ddiv
 .text          0x0800106c      0x110 I:/ARM-GN~1.3/133167~1.3RE/bin/../lib/gcc/arm-none-eabi/13.3.1/thumb/v7-m/nofp\libgcc.a(_arm_cmpdf2.o)
                0x0800106c                __gtdf2
                0x0800106c                __gedf2
                0x08001074                __ltdf2
                0x08001074                __ledf2
                0x0800107c                __nedf2
                0x0800107c                __eqdf2
                0x0800107c                __cmpdf2
                0x080010f8                __aeabi_cdrcmple
                0x08001108                __aeabi_cdcmpeq
                0x08001108                __aeabi_cdcmple
                0x08001118                __aeabi_dcmpeq
                0x0800112c                __aeabi_dcmplt
                0x08001140                __aeabi_dcmple
                0x08001154                __aeabi_dcmpge
                0x08001168                __aeabi_dcmpgt
 .text          0x0800117c       0x2c I:/ARM-GN~1.3/133167~1.3RE/bin/../lib/gcc/arm-none-eabi/13.3.1/thumb/v7-m/nofp\libgcc.a(_arm_unorddf2.o)
                0x0800117c                __unorddf2
                0x0800117c                __aeabi_dcmpun
 .text          0x080011a8       0x50 I:/ARM-GN~1.3/133167~1.3RE/bin/../lib/gcc/arm-none-eabi/13.3.1/thumb/v7-m/nofp\libgcc.a(_arm_fixdfsi.o)
                0x080011a8                __aeabi_d2iz
                0x080011a8                __fixdfsi
 *(.text*)
 .text.deregister_tm_clones
                0x080011f8       0x1c I:/ARM-GN~1.3/133167~1.3RE/bin/../lib/gcc/arm-none-eabi/13.3.1/thumb/v7-m/nofp/crtbegin.o
 .text.register_tm_clones
                0x08001214       0x24 I:/ARM-GN~1.3/133167~1.3RE/bin/../lib/gcc/arm-none-eabi/13.3.1/thumb/v7-m/nofp/crtbegin.o
 .text.__do_global_dtors_aux
                0x08001238       0x28 I:/ARM-GN~1.3/133167~1.3RE/bin/../lib/gcc/arm-none-eabi/13.3.1/thumb/v7-m/nofp/crtbegin.o
 .text.frame_dummy
                0x08001260       0x24 I:/ARM-GN~1.3/133167~1.3RE/bin/../lib/gcc/arm-none-eabi/13.3.1/thumb/v7-m/nofp/crtbegin.o
 .text.MX_GPIO_Init
                0x08001284      0x178 CMakeFiles/Liu_c8t6.elf.dir/Core/Src/gpio.c.obj
                0x08001284                MX_GPIO_Init
 .text.MX_IWDG_Init
                0x080013fc       0x28 CMakeFiles/Liu_c8t6.elf.dir/Core/Src/iwdg.c.obj
                0x080013fc                MX_IWDG_Init
 .text.Error_Handler
                0x08001424        0x4 CMakeFiles/Liu_c8t6.elf.dir/Core/Src/main.c.obj
                0x08001424                Error_Handler
 .text.SystemClock_Config
                0x08001428       0x68 CMakeFiles/Liu_c8t6.elf.dir/Core/Src/main.c.obj
                0x08001428                SystemClock_Config
 .text.main     0x08001490      0x424 CMakeFiles/Liu_c8t6.elf.dir/Core/Src/main.c.obj
                0x08001490                main
 .text.HAL_MspInit
                0x080018b4       0x44 CMakeFiles/Liu_c8t6.elf.dir/Core/Src/stm32f1xx_hal_msp.c.obj
                0x080018b4                HAL_MspInit
 .text.NMI_Handler
                0x080018f8        0x2 CMakeFiles/Liu_c8t6.elf.dir/Core/Src/stm32f1xx_it.c.obj
                0x080018f8                NMI_Handler
 .text.HardFault_Handler
                0x080018fa        0x2 CMakeFiles/Liu_c8t6.elf.dir/Core/Src/stm32f1xx_it.c.obj
                0x080018fa                HardFault_Handler
 .text.MemManage_Handler
                0x080018fc        0x2 CMakeFiles/Liu_c8t6.elf.dir/Core/Src/stm32f1xx_it.c.obj
                0x080018fc                MemManage_Handler
 .text.BusFault_Handler
                0x080018fe        0x2 CMakeFiles/Liu_c8t6.elf.dir/Core/Src/stm32f1xx_it.c.obj
                0x080018fe                BusFault_Handler
 .text.UsageFault_Handler
                0x08001900        0x2 CMakeFiles/Liu_c8t6.elf.dir/Core/Src/stm32f1xx_it.c.obj
                0x08001900                UsageFault_Handler
 .text.SVC_Handler
                0x08001902        0x2 CMakeFiles/Liu_c8t6.elf.dir/Core/Src/stm32f1xx_it.c.obj
                0x08001902                SVC_Handler
 .text.DebugMon_Handler
                0x08001904        0x2 CMakeFiles/Liu_c8t6.elf.dir/Core/Src/stm32f1xx_it.c.obj
                0x08001904                DebugMon_Handler
 .text.PendSV_Handler
                0x08001906        0x2 CMakeFiles/Liu_c8t6.elf.dir/Core/Src/stm32f1xx_it.c.obj
                0x08001906                PendSV_Handler
 .text.SysTick_Handler
                0x08001908        0x8 CMakeFiles/Liu_c8t6.elf.dir/Core/Src/stm32f1xx_it.c.obj
                0x08001908                SysTick_Handler
 .text.EXTI4_IRQHandler
                0x08001910       0x3c CMakeFiles/Liu_c8t6.elf.dir/Core/Src/stm32f1xx_it.c.obj
                0x08001910                EXTI4_IRQHandler
 .text.EXTI9_5_IRQHandler
                0x0800194c       0x3c CMakeFiles/Liu_c8t6.elf.dir/Core/Src/stm32f1xx_it.c.obj
                0x0800194c                EXTI9_5_IRQHandler
 .text.TIM1_UP_IRQHandler
                0x08001988       0x34 CMakeFiles/Liu_c8t6.elf.dir/Core/Src/stm32f1xx_it.c.obj
                0x08001988                TIM1_UP_IRQHandler
 .text.TIM2_IRQHandler
                0x080019bc       0x28 CMakeFiles/Liu_c8t6.elf.dir/Core/Src/stm32f1xx_it.c.obj
                0x080019bc                TIM2_IRQHandler
 .text.USART1_IRQHandler
                0x080019e4       0x10 CMakeFiles/Liu_c8t6.elf.dir/Core/Src/stm32f1xx_it.c.obj
                0x080019e4                USART1_IRQHandler
 .text.EXTI15_10_IRQHandler
                0x080019f4      0x3d4 CMakeFiles/Liu_c8t6.elf.dir/Core/Src/stm32f1xx_it.c.obj
                0x080019f4                EXTI15_10_IRQHandler
 .text._getpid  0x08001dc8        0x4 CMakeFiles/Liu_c8t6.elf.dir/Core/Src/syscalls.c.obj
                0x08001dc8                _getpid
 .text._kill    0x08001dcc       0x10 CMakeFiles/Liu_c8t6.elf.dir/Core/Src/syscalls.c.obj
                0x08001dcc                _kill
 .text._exit    0x08001ddc        0xc CMakeFiles/Liu_c8t6.elf.dir/Core/Src/syscalls.c.obj
                0x08001ddc                _exit
 .text._read    0x08001de8       0x20 CMakeFiles/Liu_c8t6.elf.dir/Core/Src/syscalls.c.obj
                0x08001de8                _read
 .text._write   0x08001e08       0x1c CMakeFiles/Liu_c8t6.elf.dir/Core/Src/syscalls.c.obj
                0x08001e08                _write
 .text._close   0x08001e24        0x6 CMakeFiles/Liu_c8t6.elf.dir/Core/Src/syscalls.c.obj
                0x08001e24                _close
 .text._fstat   0x08001e2a        0xa CMakeFiles/Liu_c8t6.elf.dir/Core/Src/syscalls.c.obj
                0x08001e2a                _fstat
 .text._isatty  0x08001e34        0x4 CMakeFiles/Liu_c8t6.elf.dir/Core/Src/syscalls.c.obj
                0x08001e34                _isatty
 .text._lseek   0x08001e38        0x4 CMakeFiles/Liu_c8t6.elf.dir/Core/Src/syscalls.c.obj
                0x08001e38                _lseek
 .text._sbrk    0x08001e3c       0x48 CMakeFiles/Liu_c8t6.elf.dir/Core/Src/sysmem.c.obj
                0x08001e3c                _sbrk
 .text.SystemInit
                0x08001e84        0x2 CMakeFiles/Liu_c8t6.elf.dir/Core/Src/system_stm32f1xx.c.obj
                0x08001e84                SystemInit
 *fill*         0x08001e86        0x2 
 .text.MX_TIM1_Init
                0x08001e88       0x70 CMakeFiles/Liu_c8t6.elf.dir/Core/Src/tim.c.obj
                0x08001e88                MX_TIM1_Init
 .text.MX_TIM2_Init
                0x08001ef8       0x6c CMakeFiles/Liu_c8t6.elf.dir/Core/Src/tim.c.obj
                0x08001ef8                MX_TIM2_Init
 .text.HAL_TIM_Base_MspInit
                0x08001f64       0x70 CMakeFiles/Liu_c8t6.elf.dir/Core/Src/tim.c.obj
                0x08001f64                HAL_TIM_Base_MspInit
 .text.MX_USART1_UART_Init
                0x08001fd4       0x34 CMakeFiles/Liu_c8t6.elf.dir/Core/Src/usart.c.obj
                0x08001fd4                MX_USART1_UART_Init
 .text.HAL_UART_MspInit
                0x08002008       0x88 CMakeFiles/Liu_c8t6.elf.dir/Core/Src/usart.c.obj
                0x08002008                HAL_UART_MspInit
 .text.__io_putchar
                0x08002090       0x20 CMakeFiles/Liu_c8t6.elf.dir/Core/Src/usart.c.obj
                0x08002090                __io_putchar
 .text.Reset_Handler
                0x080020b0       0x48 CMakeFiles/Liu_c8t6.elf.dir/Core/Startup/startup_stm32f103c8tx.s.obj
                0x080020b0                Reset_Handler
 .text.Default_Handler
                0x080020f8        0x2 CMakeFiles/Liu_c8t6.elf.dir/Core/Startup/startup_stm32f103c8tx.s.obj
                0x080020f8                RTC_Alarm_IRQHandler
                0x080020f8                EXTI2_IRQHandler
                0x080020f8                TIM1_CC_IRQHandler
                0x080020f8                PVD_IRQHandler
                0x080020f8                EXTI3_IRQHandler
                0x080020f8                EXTI0_IRQHandler
                0x080020f8                I2C2_EV_IRQHandler
                0x080020f8                ADC1_2_IRQHandler
                0x080020f8                SPI1_IRQHandler
                0x080020f8                TAMPER_IRQHandler
                0x080020f8                DMA1_Channel4_IRQHandler
                0x080020f8                USART3_IRQHandler
                0x080020f8                RTC_IRQHandler
                0x080020f8                DMA1_Channel7_IRQHandler
                0x080020f8                CAN1_RX1_IRQHandler
                0x080020f8                TIM4_IRQHandler
                0x080020f8                I2C1_EV_IRQHandler
                0x080020f8                DMA1_Channel6_IRQHandler
                0x080020f8                TIM3_IRQHandler
                0x080020f8                RCC_IRQHandler
                0x080020f8                TIM1_TRG_COM_IRQHandler
                0x080020f8                DMA1_Channel1_IRQHandler
                0x080020f8                Default_Handler
                0x080020f8                SPI2_IRQHandler
                0x080020f8                DMA1_Channel5_IRQHandler
                0x080020f8                USB_LP_CAN1_RX0_IRQHandler
                0x080020f8                USB_HP_CAN1_TX_IRQHandler
                0x080020f8                DMA1_Channel3_IRQHandler
                0x080020f8                WWDG_IRQHandler
                0x080020f8                TIM1_BRK_IRQHandler
                0x080020f8                EXTI1_IRQHandler
                0x080020f8                USART2_IRQHandler
                0x080020f8                I2C2_ER_IRQHandler
                0x080020f8                DMA1_Channel2_IRQHandler
                0x080020f8                CAN1_SCE_IRQHandler
                0x080020f8                FLASH_IRQHandler
                0x080020f8                I2C1_ER_IRQHandler
                0x080020f8                USBWakeUp_IRQHandler
 *fill*         0x080020fa        0x2 
 .text.HAL_InitTick
                0x080020fc       0x4c CMakeFiles/Liu_c8t6.elf.dir/Drivers/STM32F1xx_HAL_Driver/Src/stm32f1xx_hal.c.obj
                0x080020fc                HAL_InitTick
 .text.HAL_Init
                0x08002148       0x24 CMakeFiles/Liu_c8t6.elf.dir/Drivers/STM32F1xx_HAL_Driver/Src/stm32f1xx_hal.c.obj
                0x08002148                HAL_Init
 .text.HAL_IncTick
                0x0800216c       0x18 CMakeFiles/Liu_c8t6.elf.dir/Drivers/STM32F1xx_HAL_Driver/Src/stm32f1xx_hal.c.obj
                0x0800216c                HAL_IncTick
 .text.HAL_GetTick
                0x08002184        0xc CMakeFiles/Liu_c8t6.elf.dir/Drivers/STM32F1xx_HAL_Driver/Src/stm32f1xx_hal.c.obj
                0x08002184                HAL_GetTick
 .text.HAL_Delay
                0x08002190       0x28 CMakeFiles/Liu_c8t6.elf.dir/Drivers/STM32F1xx_HAL_Driver/Src/stm32f1xx_hal.c.obj
                0x08002190                HAL_Delay
 .text.__NVIC_SetPriority
                0x080021b8       0x28 CMakeFiles/Liu_c8t6.elf.dir/Drivers/STM32F1xx_HAL_Driver/Src/stm32f1xx_hal_cortex.c.obj
 .text.NVIC_EncodePriority
                0x080021e0       0x3e CMakeFiles/Liu_c8t6.elf.dir/Drivers/STM32F1xx_HAL_Driver/Src/stm32f1xx_hal_cortex.c.obj
 *fill*         0x0800221e        0x2 
 .text.HAL_NVIC_SetPriorityGrouping
                0x08002220       0x24 CMakeFiles/Liu_c8t6.elf.dir/Drivers/STM32F1xx_HAL_Driver/Src/stm32f1xx_hal_cortex.c.obj
                0x08002220                HAL_NVIC_SetPriorityGrouping
 .text.HAL_NVIC_SetPriority
                0x08002244       0x20 CMakeFiles/Liu_c8t6.elf.dir/Drivers/STM32F1xx_HAL_Driver/Src/stm32f1xx_hal_cortex.c.obj
                0x08002244                HAL_NVIC_SetPriority
 .text.HAL_NVIC_EnableIRQ
                0x08002264       0x1c CMakeFiles/Liu_c8t6.elf.dir/Drivers/STM32F1xx_HAL_Driver/Src/stm32f1xx_hal_cortex.c.obj
                0x08002264                HAL_NVIC_EnableIRQ
 .text.HAL_SYSTICK_Config
                0x08002280       0x28 CMakeFiles/Liu_c8t6.elf.dir/Drivers/STM32F1xx_HAL_Driver/Src/stm32f1xx_hal_cortex.c.obj
                0x08002280                HAL_SYSTICK_Config
 .text.HAL_DMA_Abort
                0x080022a8       0x46 CMakeFiles/Liu_c8t6.elf.dir/Drivers/STM32F1xx_HAL_Driver/Src/stm32f1xx_hal_dma.c.obj
                0x080022a8                HAL_DMA_Abort
 *fill*         0x080022ee        0x2 
 .text.HAL_DMA_Abort_IT
                0x080022f0       0x98 CMakeFiles/Liu_c8t6.elf.dir/Drivers/STM32F1xx_HAL_Driver/Src/stm32f1xx_hal_dma.c.obj
                0x080022f0                HAL_DMA_Abort_IT
 .text.FLASH_Program_HalfWord
                0x08002388       0x1c CMakeFiles/Liu_c8t6.elf.dir/Drivers/STM32F1xx_HAL_Driver/Src/stm32f1xx_hal_flash.c.obj
 .text.FLASH_SetErrorCode
                0x080023a4       0x70 CMakeFiles/Liu_c8t6.elf.dir/Drivers/STM32F1xx_HAL_Driver/Src/stm32f1xx_hal_flash.c.obj
 .text.HAL_FLASH_Unlock
                0x08002414       0x34 CMakeFiles/Liu_c8t6.elf.dir/Drivers/STM32F1xx_HAL_Driver/Src/stm32f1xx_hal_flash.c.obj
                0x08002414                HAL_FLASH_Unlock
 .text.HAL_FLASH_Lock
                0x08002448       0x14 CMakeFiles/Liu_c8t6.elf.dir/Drivers/STM32F1xx_HAL_Driver/Src/stm32f1xx_hal_flash.c.obj
                0x08002448                HAL_FLASH_Lock
 .text.FLASH_WaitForLastOperation
                0x0800245c       0x68 CMakeFiles/Liu_c8t6.elf.dir/Drivers/STM32F1xx_HAL_Driver/Src/stm32f1xx_hal_flash.c.obj
                0x0800245c                FLASH_WaitForLastOperation
 .text.HAL_FLASH_Program
                0x080024c4       0xa0 CMakeFiles/Liu_c8t6.elf.dir/Drivers/STM32F1xx_HAL_Driver/Src/stm32f1xx_hal_flash.c.obj
                0x080024c4                HAL_FLASH_Program
 .text.HAL_GPIO_Init
                0x08002564      0x21c CMakeFiles/Liu_c8t6.elf.dir/Drivers/STM32F1xx_HAL_Driver/Src/stm32f1xx_hal_gpio.c.obj
                0x08002564                HAL_GPIO_Init
 .text.HAL_GPIO_ReadPin
                0x08002780        0xe CMakeFiles/Liu_c8t6.elf.dir/Drivers/STM32F1xx_HAL_Driver/Src/stm32f1xx_hal_gpio.c.obj
                0x08002780                HAL_GPIO_ReadPin
 .text.HAL_GPIO_WritePin
                0x0800278e        0xc CMakeFiles/Liu_c8t6.elf.dir/Drivers/STM32F1xx_HAL_Driver/Src/stm32f1xx_hal_gpio.c.obj
                0x0800278e                HAL_GPIO_WritePin
 .text.HAL_GPIO_EXTI_Callback
                0x0800279a        0x2 CMakeFiles/Liu_c8t6.elf.dir/Drivers/STM32F1xx_HAL_Driver/Src/stm32f1xx_hal_gpio.c.obj
                0x0800279a                HAL_GPIO_EXTI_Callback
 .text.HAL_GPIO_EXTI_IRQHandler
                0x0800279c       0x1c CMakeFiles/Liu_c8t6.elf.dir/Drivers/STM32F1xx_HAL_Driver/Src/stm32f1xx_hal_gpio.c.obj
                0x0800279c                HAL_GPIO_EXTI_IRQHandler
 .text.HAL_IWDG_Init
                0x080027b8       0x5c CMakeFiles/Liu_c8t6.elf.dir/Drivers/STM32F1xx_HAL_Driver/Src/stm32f1xx_hal_iwdg.c.obj
                0x080027b8                HAL_IWDG_Init
 .text.HAL_IWDG_Refresh
                0x08002814        0xc CMakeFiles/Liu_c8t6.elf.dir/Drivers/STM32F1xx_HAL_Driver/Src/stm32f1xx_hal_iwdg.c.obj
                0x08002814                HAL_IWDG_Refresh
 .text.RCC_Delay
                0x08002820       0x2c CMakeFiles/Liu_c8t6.elf.dir/Drivers/STM32F1xx_HAL_Driver/Src/stm32f1xx_hal_rcc.c.obj
 .text.HAL_RCC_OscConfig
                0x0800284c      0x410 CMakeFiles/Liu_c8t6.elf.dir/Drivers/STM32F1xx_HAL_Driver/Src/stm32f1xx_hal_rcc.c.obj
                0x0800284c                HAL_RCC_OscConfig
 .text.HAL_RCC_GetSysClockFreq
                0x08002c5c       0x54 CMakeFiles/Liu_c8t6.elf.dir/Drivers/STM32F1xx_HAL_Driver/Src/stm32f1xx_hal_rcc.c.obj
                0x08002c5c                HAL_RCC_GetSysClockFreq
 .text.HAL_RCC_ClockConfig
                0x08002cb0      0x16c CMakeFiles/Liu_c8t6.elf.dir/Drivers/STM32F1xx_HAL_Driver/Src/stm32f1xx_hal_rcc.c.obj
                0x08002cb0                HAL_RCC_ClockConfig
 .text.HAL_RCC_GetHCLKFreq
                0x08002e1c        0xc CMakeFiles/Liu_c8t6.elf.dir/Drivers/STM32F1xx_HAL_Driver/Src/stm32f1xx_hal_rcc.c.obj
                0x08002e1c                HAL_RCC_GetHCLKFreq
 .text.HAL_RCC_GetPCLK1Freq
                0x08002e28       0x20 CMakeFiles/Liu_c8t6.elf.dir/Drivers/STM32F1xx_HAL_Driver/Src/stm32f1xx_hal_rcc.c.obj
                0x08002e28                HAL_RCC_GetPCLK1Freq
 .text.HAL_RCC_GetPCLK2Freq
                0x08002e48       0x20 CMakeFiles/Liu_c8t6.elf.dir/Drivers/STM32F1xx_HAL_Driver/Src/stm32f1xx_hal_rcc.c.obj
                0x08002e48                HAL_RCC_GetPCLK2Freq
 .text.TIM_TI1_ConfigInputStage
                0x08002e68       0x24 CMakeFiles/Liu_c8t6.elf.dir/Drivers/STM32F1xx_HAL_Driver/Src/stm32f1xx_hal_tim.c.obj
 .text.TIM_TI2_ConfigInputStage
                0x08002e8c       0x26 CMakeFiles/Liu_c8t6.elf.dir/Drivers/STM32F1xx_HAL_Driver/Src/stm32f1xx_hal_tim.c.obj
 .text.TIM_ITRx_SetConfig
                0x08002eb2       0x10 CMakeFiles/Liu_c8t6.elf.dir/Drivers/STM32F1xx_HAL_Driver/Src/stm32f1xx_hal_tim.c.obj
 *fill*         0x08002ec2        0x2 
 .text.HAL_TIM_Base_Start_IT
                0x08002ec4       0x68 CMakeFiles/Liu_c8t6.elf.dir/Drivers/STM32F1xx_HAL_Driver/Src/stm32f1xx_hal_tim.c.obj
                0x08002ec4                HAL_TIM_Base_Start_IT
 .text.HAL_TIM_Base_Stop_IT
                0x08002f2c       0x32 CMakeFiles/Liu_c8t6.elf.dir/Drivers/STM32F1xx_HAL_Driver/Src/stm32f1xx_hal_tim.c.obj
                0x08002f2c                HAL_TIM_Base_Stop_IT
 .text.HAL_TIM_PeriodElapsedCallback
                0x08002f5e        0x2 CMakeFiles/Liu_c8t6.elf.dir/Drivers/STM32F1xx_HAL_Driver/Src/stm32f1xx_hal_tim.c.obj
                0x08002f5e                HAL_TIM_PeriodElapsedCallback
 .text.HAL_TIM_OC_DelayElapsedCallback
                0x08002f60        0x2 CMakeFiles/Liu_c8t6.elf.dir/Drivers/STM32F1xx_HAL_Driver/Src/stm32f1xx_hal_tim.c.obj
                0x08002f60                HAL_TIM_OC_DelayElapsedCallback
 .text.HAL_TIM_IC_CaptureCallback
                0x08002f62        0x2 CMakeFiles/Liu_c8t6.elf.dir/Drivers/STM32F1xx_HAL_Driver/Src/stm32f1xx_hal_tim.c.obj
                0x08002f62                HAL_TIM_IC_CaptureCallback
 .text.HAL_TIM_PWM_PulseFinishedCallback
                0x08002f64        0x2 CMakeFiles/Liu_c8t6.elf.dir/Drivers/STM32F1xx_HAL_Driver/Src/stm32f1xx_hal_tim.c.obj
                0x08002f64                HAL_TIM_PWM_PulseFinishedCallback
 .text.HAL_TIM_TriggerCallback
                0x08002f66        0x2 CMakeFiles/Liu_c8t6.elf.dir/Drivers/STM32F1xx_HAL_Driver/Src/stm32f1xx_hal_tim.c.obj
                0x08002f66                HAL_TIM_TriggerCallback
 .text.HAL_TIM_IRQHandler
                0x08002f68      0x15e CMakeFiles/Liu_c8t6.elf.dir/Drivers/STM32F1xx_HAL_Driver/Src/stm32f1xx_hal_tim.c.obj
                0x08002f68                HAL_TIM_IRQHandler
 *fill*         0x080030c6        0x2 
 .text.TIM_Base_SetConfig
                0x080030c8       0x84 CMakeFiles/Liu_c8t6.elf.dir/Drivers/STM32F1xx_HAL_Driver/Src/stm32f1xx_hal_tim.c.obj
                0x080030c8                TIM_Base_SetConfig
 .text.HAL_TIM_Base_Init
                0x0800314c       0x58 CMakeFiles/Liu_c8t6.elf.dir/Drivers/STM32F1xx_HAL_Driver/Src/stm32f1xx_hal_tim.c.obj
                0x0800314c                HAL_TIM_Base_Init
 .text.TIM_ETR_SetConfig
                0x080031a4       0x18 CMakeFiles/Liu_c8t6.elf.dir/Drivers/STM32F1xx_HAL_Driver/Src/stm32f1xx_hal_tim.c.obj
                0x080031a4                TIM_ETR_SetConfig
 .text.HAL_TIM_ConfigClockSource
                0x080031bc       0xfe CMakeFiles/Liu_c8t6.elf.dir/Drivers/STM32F1xx_HAL_Driver/Src/stm32f1xx_hal_tim.c.obj
                0x080031bc                HAL_TIM_ConfigClockSource
 *fill*         0x080032ba        0x2 
 .text.HAL_TIMEx_MasterConfigSynchronization
                0x080032bc       0x6c CMakeFiles/Liu_c8t6.elf.dir/Drivers/STM32F1xx_HAL_Driver/Src/stm32f1xx_hal_tim_ex.c.obj
                0x080032bc                HAL_TIMEx_MasterConfigSynchronization
 .text.HAL_TIMEx_CommutCallback
                0x08003328        0x2 CMakeFiles/Liu_c8t6.elf.dir/Drivers/STM32F1xx_HAL_Driver/Src/stm32f1xx_hal_tim_ex.c.obj
                0x08003328                HAL_TIMEx_CommutCallback
 .text.HAL_TIMEx_BreakCallback
                0x0800332a        0x2 CMakeFiles/Liu_c8t6.elf.dir/Drivers/STM32F1xx_HAL_Driver/Src/stm32f1xx_hal_tim_ex.c.obj
                0x0800332a                HAL_TIMEx_BreakCallback
 .text.UART_EndRxTransfer
                0x0800332c       0x5c CMakeFiles/Liu_c8t6.elf.dir/Drivers/STM32F1xx_HAL_Driver/Src/stm32f1xx_hal_uart.c.obj
 .text.UART_Transmit_IT
                0x08003388       0x60 CMakeFiles/Liu_c8t6.elf.dir/Drivers/STM32F1xx_HAL_Driver/Src/stm32f1xx_hal_uart.c.obj
 .text.UART_SetConfig
                0x080033e8       0x94 CMakeFiles/Liu_c8t6.elf.dir/Drivers/STM32F1xx_HAL_Driver/Src/stm32f1xx_hal_uart.c.obj
 .text.UART_WaitOnFlagUntilTimeout
                0x0800347c       0x86 CMakeFiles/Liu_c8t6.elf.dir/Drivers/STM32F1xx_HAL_Driver/Src/stm32f1xx_hal_uart.c.obj
 .text.HAL_UART_Init
                0x08003502       0x60 CMakeFiles/Liu_c8t6.elf.dir/Drivers/STM32F1xx_HAL_Driver/Src/stm32f1xx_hal_uart.c.obj
                0x08003502                HAL_UART_Init
 .text.HAL_UART_Transmit
                0x08003562       0xcc CMakeFiles/Liu_c8t6.elf.dir/Drivers/STM32F1xx_HAL_Driver/Src/stm32f1xx_hal_uart.c.obj
                0x08003562                HAL_UART_Transmit
 .text.HAL_UART_TxCpltCallback
                0x0800362e        0x2 CMakeFiles/Liu_c8t6.elf.dir/Drivers/STM32F1xx_HAL_Driver/Src/stm32f1xx_hal_uart.c.obj
                0x0800362e                HAL_UART_TxCpltCallback
 .text.UART_EndTransmit_IT
                0x08003630       0x1a CMakeFiles/Liu_c8t6.elf.dir/Drivers/STM32F1xx_HAL_Driver/Src/stm32f1xx_hal_uart.c.obj
 .text.HAL_UART_RxCpltCallback
                0x0800364a        0x2 CMakeFiles/Liu_c8t6.elf.dir/Drivers/STM32F1xx_HAL_Driver/Src/stm32f1xx_hal_uart.c.obj
                0x0800364a                HAL_UART_RxCpltCallback
 .text.HAL_UART_ErrorCallback
                0x0800364c        0x2 CMakeFiles/Liu_c8t6.elf.dir/Drivers/STM32F1xx_HAL_Driver/Src/stm32f1xx_hal_uart.c.obj
                0x0800364c                HAL_UART_ErrorCallback
 .text.UART_DMAAbortOnError
                0x0800364e       0x10 CMakeFiles/Liu_c8t6.elf.dir/Drivers/STM32F1xx_HAL_Driver/Src/stm32f1xx_hal_uart.c.obj
 .text.HAL_UARTEx_RxEventCallback
                0x0800365e        0x2 CMakeFiles/Liu_c8t6.elf.dir/Drivers/STM32F1xx_HAL_Driver/Src/stm32f1xx_hal_uart.c.obj
                0x0800365e                HAL_UARTEx_RxEventCallback
 .text.UART_Receive_IT
                0x08003660       0xe6 CMakeFiles/Liu_c8t6.elf.dir/Drivers/STM32F1xx_HAL_Driver/Src/stm32f1xx_hal_uart.c.obj
 *fill*         0x08003746        0x2 
 .text.HAL_UART_IRQHandler
                0x08003748      0x284 CMakeFiles/Liu_c8t6.elf.dir/Drivers/STM32F1xx_HAL_Driver/Src/stm32f1xx_hal_uart.c.obj
                0x08003748                HAL_UART_IRQHandler
 .text.My_ShowChar
                0x080039cc       0x7c CMakeFiles/Liu_c8t6.elf.dir/MENU/MENU.c.obj
                0x080039cc                My_ShowChar
 .text.menu_1   0x08003a48      0x108 CMakeFiles/Liu_c8t6.elf.dir/MENU/MENU.c.obj
                0x08003a48                menu_1
 .text.menu_2   0x08003b50       0x98 CMakeFiles/Liu_c8t6.elf.dir/MENU/MENU.c.obj
                0x08003b50                menu_2
 .text.menu_3   0x08003be8      0x108 CMakeFiles/Liu_c8t6.elf.dir/MENU/MENU.c.obj
                0x08003be8                menu_3
 .text.menu_4   0x08003cf0      0x15e CMakeFiles/Liu_c8t6.elf.dir/MENU/MENU.c.obj
                0x08003cf0                menu_4
 .text.menu_5   0x08003e4e      0x15e CMakeFiles/Liu_c8t6.elf.dir/MENU/MENU.c.obj
                0x08003e4e                menu_5
 .text.Select_menu
                0x08003fac      0x2e8 CMakeFiles/Liu_c8t6.elf.dir/MENU/MENU.c.obj
                0x08003fac                Select_menu
 .text.Updata_menu2
                0x08004294       0x84 CMakeFiles/Liu_c8t6.elf.dir/MENU/MENU.c.obj
                0x08004294                Updata_menu2
 .text.Updata_menu4
                0x08004318      0x154 CMakeFiles/Liu_c8t6.elf.dir/MENU/MENU.c.obj
                0x08004318                Updata_menu4
 .text.Updata_menu5
                0x0800446c       0xc8 CMakeFiles/Liu_c8t6.elf.dir/MENU/MENU.c.obj
                0x0800446c                Updata_menu5
 .text.Delete_select
                0x08004534       0xc4 CMakeFiles/Liu_c8t6.elf.dir/MENU/MENU.c.obj
                0x08004534                Delete_select
 .text.Dotting  0x080045f8       0x2c CMakeFiles/Liu_c8t6.elf.dir/MENU/MENU.c.obj
                0x080045f8                Dotting
 .text.Retrude  0x08004624       0x16 CMakeFiles/Liu_c8t6.elf.dir/MENU/MENU.c.obj
                0x08004624                Retrude
 *fill*         0x0800463a        0x2 
 .text.OLED_I2C_Init
                0x0800463c       0x60 CMakeFiles/Liu_c8t6.elf.dir/OLED2/OLED2.c.obj
                0x0800463c                OLED_I2C_Init
 .text.OLED2_I2C_Start
                0x0800469c       0x34 CMakeFiles/Liu_c8t6.elf.dir/OLED2/OLED2.c.obj
                0x0800469c                OLED2_I2C_Start
 .text.OLED2_I2C_Stop
                0x080046d0       0x28 CMakeFiles/Liu_c8t6.elf.dir/OLED2/OLED2.c.obj
                0x080046d0                OLED2_I2C_Stop
 .text.OLED2_I2C_WaitAck
                0x080046f8       0x28 CMakeFiles/Liu_c8t6.elf.dir/OLED2/OLED2.c.obj
                0x080046f8                OLED2_I2C_WaitAck
 .text.OLED_Send_Byte
                0x08004720       0x4c CMakeFiles/Liu_c8t6.elf.dir/OLED2/OLED2.c.obj
                0x08004720                OLED_Send_Byte
 .text.OLED_WR_Byte
                0x0800476c       0x38 CMakeFiles/Liu_c8t6.elf.dir/OLED2/OLED2.c.obj
                0x0800476c                OLED_WR_Byte
 .text.OLED_Refresh
                0x080047a4       0x6c CMakeFiles/Liu_c8t6.elf.dir/OLED2/OLED2.c.obj
                0x080047a4                OLED_Refresh
 .text.OLED_Clear
                0x08004810       0x30 CMakeFiles/Liu_c8t6.elf.dir/OLED2/OLED2.c.obj
                0x08004810                OLED_Clear
 .text.OLED_DrawPoint
                0x08004840       0x48 CMakeFiles/Liu_c8t6.elf.dir/OLED2/OLED2.c.obj
                0x08004840                OLED_DrawPoint
 .text.OLED_DrawLine
                0x08004888       0xa6 CMakeFiles/Liu_c8t6.elf.dir/OLED2/OLED2.c.obj
                0x08004888                OLED_DrawLine
 *fill*         0x0800492e        0x2 
 .text.OLED_ShowChar
                0x08004930      0x154 CMakeFiles/Liu_c8t6.elf.dir/OLED2/OLED2.c.obj
                0x08004930                OLED_ShowChar
 .text.OLED_ShowString
                0x08004a84       0x46 CMakeFiles/Liu_c8t6.elf.dir/OLED2/OLED2.c.obj
                0x08004a84                OLED_ShowString
 .text.OLED_Pow
                0x08004aca       0x16 CMakeFiles/Liu_c8t6.elf.dir/OLED2/OLED2.c.obj
                0x08004aca                OLED_Pow
 .text.OLED_ShowNum
                0x08004ae0       0x94 CMakeFiles/Liu_c8t6.elf.dir/OLED2/OLED2.c.obj
                0x08004ae0                OLED_ShowNum
 .text.OLED_ShowChinese
                0x08004b74      0x100 CMakeFiles/Liu_c8t6.elf.dir/OLED2/OLED2.c.obj
                0x08004b74                OLED_ShowChinese
 .text.OLED_Init
                0x08004c74       0xf2 CMakeFiles/Liu_c8t6.elf.dir/OLED2/OLED2.c.obj
                0x08004c74                OLED_Init
 *fill*         0x08004d66        0x2 
 .text.DS18B20_Read_Byte
                0x08004d68       0xa0 CMakeFiles/Liu_c8t6.elf.dir/USER/DS18B20.c.obj
                0x08004d68                DS18B20_Read_Byte
 .text.DS18B20_Write_Byte
                0x08004e08       0x84 CMakeFiles/Liu_c8t6.elf.dir/USER/DS18B20.c.obj
                0x08004e08                DS18B20_Write_Byte
 .text.DS18B20_Check
                0x08004e8c       0xac CMakeFiles/Liu_c8t6.elf.dir/USER/DS18B20.c.obj
                0x08004e8c                DS18B20_Check
 .text.DS18B20_GPIO_Init
                0x08004f38       0x5c CMakeFiles/Liu_c8t6.elf.dir/USER/DS18B20.c.obj
                0x08004f38                DS18B20_GPIO_Init
 .text.DS18B20_Start
                0x08004f94       0x14 CMakeFiles/Liu_c8t6.elf.dir/USER/DS18B20.c.obj
                0x08004f94                DS18B20_Start
 .text.DS18B20_GetTemperture
                0x08004fa8       0x60 CMakeFiles/Liu_c8t6.elf.dir/USER/DS18B20.c.obj
                0x08004fa8                DS18B20_GetTemperture
 .text.Delay_us
                0x08005008       0x5c CMakeFiles/Liu_c8t6.elf.dir/USER/Delay_us.c.obj
                0x08005008                Delay_us
 .text.Ultrasonic_Init
                0x08005064       0xac CMakeFiles/Liu_c8t6.elf.dir/USER/HCSR04.c.obj
                0x08005064                Ultrasonic_Init
 .text.Open_Timer
                0x08005110       0x1c CMakeFiles/Liu_c8t6.elf.dir/USER/HCSR04.c.obj
                0x08005110                Open_Timer
 .text.Get_TIMER_Count
                0x0800512c       0x2c CMakeFiles/Liu_c8t6.elf.dir/USER/HCSR04.c.obj
                0x0800512c                Get_TIMER_Count
 .text.Close_Timer
                0x08005158       0x10 CMakeFiles/Liu_c8t6.elf.dir/USER/HCSR04.c.obj
                0x08005158                Close_Timer
 .text.Hcsr04GetLength_offset
                0x08005168      0x110 CMakeFiles/Liu_c8t6.elf.dir/USER/HCSR04.c.obj
                0x08005168                Hcsr04GetLength_offset
 .text.MedianFilter
                0x08005278       0x9c CMakeFiles/Liu_c8t6.elf.dir/USER/HCSR04.c.obj
                0x08005278                MedianFilter
 .text.GetCompensatedDistance
                0x08005314      0x1d4 CMakeFiles/Liu_c8t6.elf.dir/USER/HCSR04.c.obj
                0x08005314                GetCompensatedDistance
 .text.MAX7219_WriteByte
                0x080054e8       0x40 CMakeFiles/Liu_c8t6.elf.dir/USER/MAX7219.c.obj
                0x080054e8                MAX7219_WriteByte
 .text.MAX7219_WriteReg
                0x08005528       0x30 CMakeFiles/Liu_c8t6.elf.dir/USER/MAX7219.c.obj
                0x08005528                MAX7219_WriteReg
 .text.MAX7219_ShowNum
                0x08005558       0x14 CMakeFiles/Liu_c8t6.elf.dir/USER/MAX7219.c.obj
                0x08005558                MAX7219_ShowNum
 .text.MAX7219_Clear
                0x0800556c       0x18 CMakeFiles/Liu_c8t6.elf.dir/USER/MAX7219.c.obj
                0x0800556c                MAX7219_Clear
 .text.MAX7219_Init
                0x08005584       0xa8 CMakeFiles/Liu_c8t6.elf.dir/USER/MAX7219.c.obj
                0x08005584                MAX7219_Init
 .text.SHT20_GPIO_INIT
                0x0800562c       0x54 CMakeFiles/Liu_c8t6.elf.dir/USER/SHT20.c.obj
                0x0800562c                SHT20_GPIO_INIT
 .text.IIC_Start
                0x08005680       0x78 CMakeFiles/Liu_c8t6.elf.dir/USER/SHT20.c.obj
                0x08005680                IIC_Start
 .text.IIC_Stop
                0x080056f8       0x68 CMakeFiles/Liu_c8t6.elf.dir/USER/SHT20.c.obj
                0x080056f8                IIC_Stop
 .text.IIC_Send_Ack
                0x08005760       0x94 CMakeFiles/Liu_c8t6.elf.dir/USER/SHT20.c.obj
                0x08005760                IIC_Send_Ack
 .text.IIC_Wait_Ack
                0x080057f4       0xa8 CMakeFiles/Liu_c8t6.elf.dir/USER/SHT20.c.obj
                0x080057f4                IIC_Wait_Ack
 .text.IIC_Write
                0x0800589c       0x88 CMakeFiles/Liu_c8t6.elf.dir/USER/SHT20.c.obj
                0x0800589c                IIC_Write
 .text.IIC_Read
                0x08005924       0x7c CMakeFiles/Liu_c8t6.elf.dir/USER/SHT20.c.obj
                0x08005924                IIC_Read
 .text.SHT20_Read
                0x080059a0       0xf4 CMakeFiles/Liu_c8t6.elf.dir/USER/SHT20.c.obj
                0x080059a0                SHT20_Read
 .text.STMFLASH_ReadHalfWord
                0x08005a94        0x6 CMakeFiles/Liu_c8t6.elf.dir/USER/STMflash.c.obj
                0x08005a94                STMFLASH_ReadHalfWord
 .text.STMFLASH_Write_NoCheck
                0x08005a9a       0x26 CMakeFiles/Liu_c8t6.elf.dir/USER/STMflash.c.obj
                0x08005a9a                STMFLASH_Write_NoCheck
 .text.STMFLASH_Read
                0x08005ac0       0x22 CMakeFiles/Liu_c8t6.elf.dir/USER/STMflash.c.obj
                0x08005ac0                STMFLASH_Read
 *fill*         0x08005ae2        0x2 
 .text.Flash_PageErase
                0x08005ae4       0x24 CMakeFiles/Liu_c8t6.elf.dir/USER/STMflash.c.obj
                0x08005ae4                Flash_PageErase
 .text.STMFLASH_Write
                0x08005b08       0xe8 CMakeFiles/Liu_c8t6.elf.dir/USER/STMflash.c.obj
                0x08005b08                STMFLASH_Write
 .text.Buzzer_On
                0x08005bf0       0x14 CMakeFiles/Liu_c8t6.elf.dir/USER/buzzer.c.obj
                0x08005bf0                Buzzer_On
 .text.Buzzer_Off
                0x08005c04       0x14 CMakeFiles/Liu_c8t6.elf.dir/USER/buzzer.c.obj
                0x08005c04                Buzzer_Off
 .text.Buzzer_Alarm
                0x08005c18       0x50 CMakeFiles/Liu_c8t6.elf.dir/USER/buzzer.c.obj
                0x08005c18                Buzzer_Alarm
 .text.stdio_exit_handler
                0x08005c68       0x18 I:/ARM-GN~1.3/133167~1.3RE/bin/../lib/gcc/arm-none-eabi/13.3.1/thumb/v7-m/nofp\libg.a(libc_a-findfp.o)
 .text.cleanup_stdio
                0x08005c80       0x40 I:/ARM-GN~1.3/133167~1.3RE/bin/../lib/gcc/arm-none-eabi/13.3.1/thumb/v7-m/nofp\libg.a(libc_a-findfp.o)
 .text.global_stdio_init.part.0
                0x08005cc0       0xf0 I:/ARM-GN~1.3/133167~1.3RE/bin/../lib/gcc/arm-none-eabi/13.3.1/thumb/v7-m/nofp\libg.a(libc_a-findfp.o)
 .text.__sinit  0x08005db0       0x3c I:/ARM-GN~1.3/133167~1.3RE/bin/../lib/gcc/arm-none-eabi/13.3.1/thumb/v7-m/nofp\libg.a(libc_a-findfp.o)
                0x08005db0                __sinit
 .text.__sfp_lock_acquire
                0x08005dec        0xc I:/ARM-GN~1.3/133167~1.3RE/bin/../lib/gcc/arm-none-eabi/13.3.1/thumb/v7-m/nofp\libg.a(libc_a-findfp.o)
                0x08005dec                __sfp_lock_acquire
 .text.__sfp_lock_release
                0x08005df8        0xc I:/ARM-GN~1.3/133167~1.3RE/bin/../lib/gcc/arm-none-eabi/13.3.1/thumb/v7-m/nofp\libg.a(libc_a-findfp.o)
                0x08005df8                __sfp_lock_release
 .text._fwalk_sglue
                0x08005e04       0x44 I:/ARM-GN~1.3/133167~1.3RE/bin/../lib/gcc/arm-none-eabi/13.3.1/thumb/v7-m/nofp\libg.a(libc_a-fwalk.o)
                0x08005e04                _fwalk_sglue
 .text.printf   0x08005e48       0x28 I:/ARM-GN~1.3/133167~1.3RE/bin/../lib/gcc/arm-none-eabi/13.3.1/thumb/v7-m/nofp\libg.a(libc_a-printf.o)
                0x08005e48                printf
 .text._puts_r  0x08005e70       0xa4 I:/ARM-GN~1.3/133167~1.3RE/bin/../lib/gcc/arm-none-eabi/13.3.1/thumb/v7-m/nofp\libg.a(libc_a-puts.o)
                0x08005e70                _puts_r
 .text.puts     0x08005f14       0x10 I:/ARM-GN~1.3/133167~1.3RE/bin/../lib/gcc/arm-none-eabi/13.3.1/thumb/v7-m/nofp\libg.a(libc_a-puts.o)
                0x08005f14                puts
 .text.__sread  0x08005f24       0x24 I:/ARM-GN~1.3/133167~1.3RE/bin/../lib/gcc/arm-none-eabi/13.3.1/thumb/v7-m/nofp\libg.a(libc_a-stdio.o)
                0x08005f24                __sread
 .text.__swrite
                0x08005f48       0x40 I:/ARM-GN~1.3/133167~1.3RE/bin/../lib/gcc/arm-none-eabi/13.3.1/thumb/v7-m/nofp\libg.a(libc_a-stdio.o)
                0x08005f48                __swrite
 .text.__sseek  0x08005f88       0x24 I:/ARM-GN~1.3/133167~1.3RE/bin/../lib/gcc/arm-none-eabi/13.3.1/thumb/v7-m/nofp\libg.a(libc_a-stdio.o)
                0x08005f88                __sseek
 .text.__sclose
                0x08005fac        0x8 I:/ARM-GN~1.3/133167~1.3RE/bin/../lib/gcc/arm-none-eabi/13.3.1/thumb/v7-m/nofp\libg.a(libc_a-stdio.o)
                0x08005fac                __sclose
 .text.memset   0x08005fb4       0xa0 I:/ARM-GN~1.3/133167~1.3RE/bin/../lib/gcc/arm-none-eabi/13.3.1/thumb/v7-m/nofp\libg.a(libc_a-memset.o)
                0x08005fb4                memset
 .text._close_r
                0x08006054       0x24 I:/ARM-GN~1.3/133167~1.3RE/bin/../lib/gcc/arm-none-eabi/13.3.1/thumb/v7-m/nofp\libg.a(libc_a-closer.o)
                0x08006054                _close_r
 .text._lseek_r
                0x08006078       0x2c I:/ARM-GN~1.3/133167~1.3RE/bin/../lib/gcc/arm-none-eabi/13.3.1/thumb/v7-m/nofp\libg.a(libc_a-lseekr.o)
                0x08006078                _lseek_r
 .text._read_r  0x080060a4       0x2c I:/ARM-GN~1.3/133167~1.3RE/bin/../lib/gcc/arm-none-eabi/13.3.1/thumb/v7-m/nofp\libg.a(libc_a-readr.o)
                0x080060a4                _read_r
 .text._write_r
                0x080060d0       0x2c I:/ARM-GN~1.3/133167~1.3RE/bin/../lib/gcc/arm-none-eabi/13.3.1/thumb/v7-m/nofp\libg.a(libc_a-writer.o)
                0x080060d0                _write_r
 .text.__errno  0x080060fc        0xc I:/ARM-GN~1.3/133167~1.3RE/bin/../lib/gcc/arm-none-eabi/13.3.1/thumb/v7-m/nofp\libg.a(libc_a-errno.o)
                0x080060fc                __errno
 .text.__libc_init_array
                0x08006108       0x50 I:/ARM-GN~1.3/133167~1.3RE/bin/../lib/gcc/arm-none-eabi/13.3.1/thumb/v7-m/nofp\libg.a(libc_a-init.o)
                0x08006108                __libc_init_array
 .text.__retarget_lock_init_recursive
                0x08006158        0x4 I:/ARM-GN~1.3/133167~1.3RE/bin/../lib/gcc/arm-none-eabi/13.3.1/thumb/v7-m/nofp\libg.a(libc_a-lock.o)
                0x08006158                __retarget_lock_init_recursive
 .text.__retarget_lock_close_recursive
                0x0800615c        0x4 I:/ARM-GN~1.3/133167~1.3RE/bin/../lib/gcc/arm-none-eabi/13.3.1/thumb/v7-m/nofp\libg.a(libc_a-lock.o)
                0x0800615c                __retarget_lock_close_recursive
 .text.__retarget_lock_acquire_recursive
                0x08006160        0x4 I:/ARM-GN~1.3/133167~1.3RE/bin/../lib/gcc/arm-none-eabi/13.3.1/thumb/v7-m/nofp\libg.a(libc_a-lock.o)
                0x08006160                __retarget_lock_acquire_recursive
 .text.__retarget_lock_release_recursive
                0x08006164        0x4 I:/ARM-GN~1.3/133167~1.3RE/bin/../lib/gcc/arm-none-eabi/13.3.1/thumb/v7-m/nofp\libg.a(libc_a-lock.o)
                0x08006164                __retarget_lock_release_recursive
 .text.strlen   0x08006168       0x5c I:/ARM-GN~1.3/133167~1.3RE/bin/../lib/gcc/arm-none-eabi/13.3.1/thumb/v7-m/nofp\libg.a(libc_a-strlen-stub.o)
                0x08006168                strlen
 .text.startup.register_fini
                0x080061c4       0x14 I:/ARM-GN~1.3/133167~1.3RE/bin/../lib/gcc/arm-none-eabi/13.3.1/thumb/v7-m/nofp\libg.a(libc_a-__call_atexit.o)
 .text.atexit   0x080061d8        0xc I:/ARM-GN~1.3/133167~1.3RE/bin/../lib/gcc/arm-none-eabi/13.3.1/thumb/v7-m/nofp\libg.a(libc_a-atexit.o)
                0x080061d8                atexit
 .text._malloc_trim_r
                0x080061e4       0xb8 I:/ARM-GN~1.3/133167~1.3RE/bin/../lib/gcc/arm-none-eabi/13.3.1/thumb/v7-m/nofp\libg.a(libc_a-freer.o)
                0x080061e4                _malloc_trim_r
 .text._free_r  0x0800629c      0x1f8 I:/ARM-GN~1.3/133167~1.3RE/bin/../lib/gcc/arm-none-eabi/13.3.1/thumb/v7-m/nofp\libg.a(libc_a-freer.o)
                0x0800629c                _free_r
 .text._malloc_r
                0x08006494      0x568 I:/ARM-GN~1.3/133167~1.3RE/bin/../lib/gcc/arm-none-eabi/13.3.1/thumb/v7-m/nofp\libg.a(libc_a-mallocr.o)
                0x08006494                _malloc_r
 .text.__malloc_lock
                0x080069fc        0xc I:/ARM-GN~1.3/133167~1.3RE/bin/../lib/gcc/arm-none-eabi/13.3.1/thumb/v7-m/nofp\libg.a(libc_a-mlock.o)
                0x080069fc                __malloc_lock
 .text.__malloc_unlock
                0x08006a08        0xc I:/ARM-GN~1.3/133167~1.3RE/bin/../lib/gcc/arm-none-eabi/13.3.1/thumb/v7-m/nofp\libg.a(libc_a-mlock.o)
                0x08006a08                __malloc_unlock
 .text._vfprintf_r
                0x08006a14     0x1c04 I:/ARM-GN~1.3/133167~1.3RE/bin/../lib/gcc/arm-none-eabi/13.3.1/thumb/v7-m/nofp\libg.a(libc_a-vfprintf.o)
                0x08006a14                _vfprintf_r
 .text.__sbprintf
                0x08008618       0x80 I:/ARM-GN~1.3/133167~1.3RE/bin/../lib/gcc/arm-none-eabi/13.3.1/thumb/v7-m/nofp\libg.a(libc_a-vfprintf.o)
 .text.__sprint_r
                0x08008698       0x20 I:/ARM-GN~1.3/133167~1.3RE/bin/../lib/gcc/arm-none-eabi/13.3.1/thumb/v7-m/nofp\libg.a(libc_a-sprint_r.o)
                0x08008698                __sprint_r
 .text._fclose_r
                0x080086b8       0xc0 I:/ARM-GN~1.3/133167~1.3RE/bin/../lib/gcc/arm-none-eabi/13.3.1/thumb/v7-m/nofp\libg.a(libc_a-fclose.o)
                0x080086b8                _fclose_r
 .text.__sflush_r
                0x08008778      0x128 I:/ARM-GN~1.3/133167~1.3RE/bin/../lib/gcc/arm-none-eabi/13.3.1/thumb/v7-m/nofp\libg.a(libc_a-fflush.o)
                0x08008778                __sflush_r
 .text._fflush_r
                0x080088a0       0x54 I:/ARM-GN~1.3/133167~1.3RE/bin/../lib/gcc/arm-none-eabi/13.3.1/thumb/v7-m/nofp\libg.a(libc_a-fflush.o)
                0x080088a0                _fflush_r
 .text.__sfvwrite_r
                0x080088f4      0x2ec I:/ARM-GN~1.3/133167~1.3RE/bin/../lib/gcc/arm-none-eabi/13.3.1/thumb/v7-m/nofp\libg.a(libc_a-fvwrite.o)
                0x080088f4                __sfvwrite_r
 .text.__swsetup_r
                0x08008be0       0xc4 I:/ARM-GN~1.3/133167~1.3RE/bin/../lib/gcc/arm-none-eabi/13.3.1/thumb/v7-m/nofp\libg.a(libc_a-wsetup.o)
                0x08008be0                __swsetup_r
 .text.memmove  0x08008ca4       0xfc I:/ARM-GN~1.3/133167~1.3RE/bin/../lib/gcc/arm-none-eabi/13.3.1/thumb/v7-m/nofp\libg.a(libc_a-memmove.o)
                0x08008ca4                memmove
 .text.strncpy  0x08008da0       0x6c I:/ARM-GN~1.3/133167~1.3RE/bin/../lib/gcc/arm-none-eabi/13.3.1/thumb/v7-m/nofp\libg.a(libc_a-strncpy.o)
                0x08008da0                strncpy
 .text.__locale_mb_cur_max
                0x08008e0c        0xc I:/ARM-GN~1.3/133167~1.3RE/bin/../lib/gcc/arm-none-eabi/13.3.1/thumb/v7-m/nofp\libg.a(libc_a-locale.o)
                0x08008e0c                __locale_mb_cur_max
 .text._localeconv_r
                0x08008e18        0x8 I:/ARM-GN~1.3/133167~1.3RE/bin/../lib/gcc/arm-none-eabi/13.3.1/thumb/v7-m/nofp\libg.a(libc_a-localeconv.o)
                0x08008e18                _localeconv_r
 .text._sbrk_r  0x08008e20       0x24 I:/ARM-GN~1.3/133167~1.3RE/bin/../lib/gcc/arm-none-eabi/13.3.1/thumb/v7-m/nofp\libg.a(libc_a-sbrkr.o)
                0x08008e20                _sbrk_r
 .text.__libc_fini_array
                0x08008e44       0x28 I:/ARM-GN~1.3/133167~1.3RE/bin/../lib/gcc/arm-none-eabi/13.3.1/thumb/v7-m/nofp\libg.a(libc_a-fini.o)
                0x08008e44                __libc_fini_array
 .text.sysconf  0x08008e6c       0x1c I:/ARM-GN~1.3/133167~1.3RE/bin/../lib/gcc/arm-none-eabi/13.3.1/thumb/v7-m/nofp\libg.a(libc_a-sysconf.o)
                0x08008e6c                sysconf
 .text.memchr   0x08008e88       0x98 I:/ARM-GN~1.3/133167~1.3RE/bin/../lib/gcc/arm-none-eabi/13.3.1/thumb/v7-m/nofp\libg.a(libc_a-memchr-stub.o)
                0x08008e88                memchr
 .text.frexp    0x08008f20       0x6c I:/ARM-GN~1.3/133167~1.3RE/bin/../lib/gcc/arm-none-eabi/13.3.1/thumb/v7-m/nofp\libg.a(libm_a-s_frexp.o)
                0x08008f20                frexp
 .text.__register_exitproc
                0x08008f8c       0x80 I:/ARM-GN~1.3/133167~1.3RE/bin/../lib/gcc/arm-none-eabi/13.3.1/thumb/v7-m/nofp\libg.a(libc_a-__atexit.o)
                0x08008f8c                __register_exitproc
 .text.quorem   0x0800900c      0x13c I:/ARM-GN~1.3/133167~1.3RE/bin/../lib/gcc/arm-none-eabi/13.3.1/thumb/v7-m/nofp\libg.a(libc_a-dtoa.o)
 .text._dtoa_r  0x08009148      0xe94 I:/ARM-GN~1.3/133167~1.3RE/bin/../lib/gcc/arm-none-eabi/13.3.1/thumb/v7-m/nofp\libg.a(libc_a-dtoa.o)
                0x08009148                _dtoa_r
 .text.__ascii_mbtowc
                0x08009fdc       0x2c I:/ARM-GN~1.3/133167~1.3RE/bin/../lib/gcc/arm-none-eabi/13.3.1/thumb/v7-m/nofp\libg.a(libc_a-mbtowc_r.o)
                0x08009fdc                __ascii_mbtowc
 .text._Balloc  0x0800a008       0x4c I:/ARM-GN~1.3/133167~1.3RE/bin/../lib/gcc/arm-none-eabi/13.3.1/thumb/v7-m/nofp\libg.a(libc_a-mprec.o)
                0x0800a008                _Balloc
 .text._Bfree   0x0800a054       0x14 I:/ARM-GN~1.3/133167~1.3RE/bin/../lib/gcc/arm-none-eabi/13.3.1/thumb/v7-m/nofp\libg.a(libc_a-mprec.o)
                0x0800a054                _Bfree
 .text.__multadd
                0x0800a068       0xa4 I:/ARM-GN~1.3/133167~1.3RE/bin/../lib/gcc/arm-none-eabi/13.3.1/thumb/v7-m/nofp\libg.a(libc_a-mprec.o)
                0x0800a068                __multadd
 .text.__hi0bits
                0x0800a10c       0x44 I:/ARM-GN~1.3/133167~1.3RE/bin/../lib/gcc/arm-none-eabi/13.3.1/thumb/v7-m/nofp\libg.a(libc_a-mprec.o)
                0x0800a10c                __hi0bits
 .text.__lo0bits
                0x0800a150       0x5c I:/ARM-GN~1.3/133167~1.3RE/bin/../lib/gcc/arm-none-eabi/13.3.1/thumb/v7-m/nofp\libg.a(libc_a-mprec.o)
                0x0800a150                __lo0bits
 .text.__i2b    0x0800a1ac       0x5c I:/ARM-GN~1.3/133167~1.3RE/bin/../lib/gcc/arm-none-eabi/13.3.1/thumb/v7-m/nofp\libg.a(libc_a-mprec.o)
                0x0800a1ac                __i2b
 .text.__multiply
                0x0800a208      0x164 I:/ARM-GN~1.3/133167~1.3RE/bin/../lib/gcc/arm-none-eabi/13.3.1/thumb/v7-m/nofp\libg.a(libc_a-mprec.o)
                0x0800a208                __multiply
 .text.__pow5mult
                0x0800a36c       0xb4 I:/ARM-GN~1.3/133167~1.3RE/bin/../lib/gcc/arm-none-eabi/13.3.1/thumb/v7-m/nofp\libg.a(libc_a-mprec.o)
                0x0800a36c                __pow5mult
 .text.__lshift
                0x0800a420       0xec I:/ARM-GN~1.3/133167~1.3RE/bin/../lib/gcc/arm-none-eabi/13.3.1/thumb/v7-m/nofp\libg.a(libc_a-mprec.o)
                0x0800a420                __lshift
 .text.__mcmp   0x0800a50c       0x40 I:/ARM-GN~1.3/133167~1.3RE/bin/../lib/gcc/arm-none-eabi/13.3.1/thumb/v7-m/nofp\libg.a(libc_a-mprec.o)
                0x0800a50c                __mcmp
 .text.__mdiff  0x0800a54c      0x178 I:/ARM-GN~1.3/133167~1.3RE/bin/../lib/gcc/arm-none-eabi/13.3.1/thumb/v7-m/nofp\libg.a(libc_a-mprec.o)
                0x0800a54c                __mdiff
 .text.__d2b    0x0800a6c4       0xbc I:/ARM-GN~1.3/133167~1.3RE/bin/../lib/gcc/arm-none-eabi/13.3.1/thumb/v7-m/nofp\libg.a(libc_a-mprec.o)
                0x0800a6c4                __d2b
 .text._realloc_r
                0x0800a780      0x34c I:/ARM-GN~1.3/133167~1.3RE/bin/../lib/gcc/arm-none-eabi/13.3.1/thumb/v7-m/nofp\libg.a(libc_a-reallocr.o)
                0x0800a780                _realloc_r
 .text.__ascii_wctomb
                0x0800aacc       0x1c I:/ARM-GN~1.3/133167~1.3RE/bin/../lib/gcc/arm-none-eabi/13.3.1/thumb/v7-m/nofp\libg.a(libc_a-wctomb_r.o)
                0x0800aacc                __ascii_wctomb
 .text._wcrtomb_r
                0x0800aae8       0x4c I:/ARM-GN~1.3/133167~1.3RE/bin/../lib/gcc/arm-none-eabi/13.3.1/thumb/v7-m/nofp\libg.a(libc_a-wcrtomb.o)
                0x0800aae8                _wcrtomb_r
 .text._wcsrtombs_r
                0x0800ab34       0x18 I:/ARM-GN~1.3/133167~1.3RE/bin/../lib/gcc/arm-none-eabi/13.3.1/thumb/v7-m/nofp\libg.a(libc_a-wcsrtombs.o)
                0x0800ab34                _wcsrtombs_r
 .text.__smakebuf_r
                0x0800ab4c       0xdc I:/ARM-GN~1.3/133167~1.3RE/bin/../lib/gcc/arm-none-eabi/13.3.1/thumb/v7-m/nofp\libg.a(libc_a-makebuf.o)
                0x0800ab4c                __smakebuf_r
 .text._fstat_r
                0x0800ac28       0x28 I:/ARM-GN~1.3/133167~1.3RE/bin/../lib/gcc/arm-none-eabi/13.3.1/thumb/v7-m/nofp\libg.a(libc_a-fstatr.o)
                0x0800ac28                _fstat_r
 .text._isatty_r
                0x0800ac50       0x24 I:/ARM-GN~1.3/133167~1.3RE/bin/../lib/gcc/arm-none-eabi/13.3.1/thumb/v7-m/nofp\libg.a(libc_a-isattyr.o)
                0x0800ac50                _isatty_r
 .text.__assert_func
                0x0800ac74       0x40 I:/ARM-GN~1.3/133167~1.3RE/bin/../lib/gcc/arm-none-eabi/13.3.1/thumb/v7-m/nofp\libg.a(libc_a-assert.o)
                0x0800ac74                __assert_func
 .text._calloc_r
                0x0800acb4       0x6c I:/ARM-GN~1.3/133167~1.3RE/bin/../lib/gcc/arm-none-eabi/13.3.1/thumb/v7-m/nofp\libg.a(libc_a-callocr.o)
                0x0800acb4                _calloc_r
 .text._wcsnrtombs_l
                0x0800ad20       0xec I:/ARM-GN~1.3/133167~1.3RE/bin/../lib/gcc/arm-none-eabi/13.3.1/thumb/v7-m/nofp\libg.a(libc_a-wcsnrtombs.o)
                0x0800ad20                _wcsnrtombs_l
 .text._wcsnrtombs_r
                0x0800ae0c       0x24 I:/ARM-GN~1.3/133167~1.3RE/bin/../lib/gcc/arm-none-eabi/13.3.1/thumb/v7-m/nofp\libg.a(libc_a-wcsnrtombs.o)
                0x0800ae0c                _wcsnrtombs_r
 .text.fiprintf
                0x0800ae30       0x28 I:/ARM-GN~1.3/133167~1.3RE/bin/../lib/gcc/arm-none-eabi/13.3.1/thumb/v7-m/nofp\libg.a(libc_a-fiprintf.o)
                0x0800ae30                fiprintf
 .text._vfiprintf_r
                0x0800ae58      0xeb8 I:/ARM-GN~1.3/133167~1.3RE/bin/../lib/gcc/arm-none-eabi/13.3.1/thumb/v7-m/nofp\libg.a(libc_a-vfiprintf.o)
                0x0800ae58                _vfiprintf_r
 .text.__sbprintf
                0x0800bd10       0x80 I:/ARM-GN~1.3/133167~1.3RE/bin/../lib/gcc/arm-none-eabi/13.3.1/thumb/v7-m/nofp\libg.a(libc_a-vfiprintf.o)
 .text.abort    0x0800bd90       0x10 I:/ARM-GN~1.3/133167~1.3RE/bin/../lib/gcc/arm-none-eabi/13.3.1/thumb/v7-m/nofp\libg.a(libc_a-abort.o)
                0x0800bd90                abort
 .text.raise    0x0800bda0       0x58 I:/ARM-GN~1.3/133167~1.3RE/bin/../lib/gcc/arm-none-eabi/13.3.1/thumb/v7-m/nofp\libg.a(libc_a-signal.o)
                0x0800bda0                raise
 .text._kill_r  0x0800bdf8       0x28 I:/ARM-GN~1.3/133167~1.3RE/bin/../lib/gcc/arm-none-eabi/13.3.1/thumb/v7-m/nofp\libg.a(libc_a-signalr.o)
                0x0800bdf8                _kill_r
 .text._getpid_r
                0x0800be20        0x4 I:/ARM-GN~1.3/133167~1.3RE/bin/../lib/gcc/arm-none-eabi/13.3.1/thumb/v7-m/nofp\libg.a(libc_a-signalr.o)
                0x0800be20                _getpid_r
 *(.glue_7)
 .glue_7        0x0800be24        0x0 linker stubs
 *(.glue_7t)
 .glue_7t       0x0800be24        0x0 linker stubs
 *(.eh_frame)
 .eh_frame      0x0800be24        0x0 I:/ARM-GN~1.3/133167~1.3RE/bin/../lib/gcc/arm-none-eabi/13.3.1/thumb/v7-m/nofp/crtbegin.o
 *(.init)
 .init          0x0800be24        0x4 I:/ARM-GN~1.3/133167~1.3RE/bin/../lib/gcc/arm-none-eabi/13.3.1/thumb/v7-m/nofp/crti.o
                0x0800be24                _init
 .init          0x0800be28        0x8 I:/ARM-GN~1.3/133167~1.3RE/bin/../lib/gcc/arm-none-eabi/13.3.1/thumb/v7-m/nofp/crtn.o
 *(.fini)
 .fini          0x0800be30        0x4 I:/ARM-GN~1.3/133167~1.3RE/bin/../lib/gcc/arm-none-eabi/13.3.1/thumb/v7-m/nofp/crti.o
                0x0800be30                _fini
 .fini          0x0800be34        0x8 I:/ARM-GN~1.3/133167~1.3RE/bin/../lib/gcc/arm-none-eabi/13.3.1/thumb/v7-m/nofp/crtn.o
                0x0800be3c                        . = ALIGN (0x4)
                0x0800be3c                        _etext = .

.vfp11_veneer   0x0800be3c        0x0
 .vfp11_veneer  0x0800be3c        0x0 linker stubs

.v4_bx          0x0800be3c        0x0
 .v4_bx         0x0800be3c        0x0 linker stubs

.iplt           0x0800be3c        0x0
 .iplt          0x0800be3c        0x0 I:/ARM-GN~1.3/133167~1.3RE/bin/../lib/gcc/arm-none-eabi/13.3.1/thumb/v7-m/nofp/crtbegin.o

.rodata         0x0800be40     0x25e4
                0x0800be40                        . = ALIGN (0x4)
 *(.rodata)
 *(.rodata*)
 .rodata.main.str1.4
                0x0800be40      0x2e3 CMakeFiles/Liu_c8t6.elf.dir/Core/Src/main.c.obj
                                 0x9b (size before relaxing)
 *fill*         0x0800c123        0x1 
 .rodata.APBPrescTable
                0x0800c124        0x8 CMakeFiles/Liu_c8t6.elf.dir/Core/Src/system_stm32f1xx.c.obj
                0x0800c124                APBPrescTable
 .rodata.AHBPrescTable
                0x0800c12c       0x10 CMakeFiles/Liu_c8t6.elf.dir/Core/Src/system_stm32f1xx.c.obj
                0x0800c12c                AHBPrescTable
 .rodata.aPredivFactorTable.0
                0x0800c13c        0x2 CMakeFiles/Liu_c8t6.elf.dir/Drivers/STM32F1xx_HAL_Driver/Src/stm32f1xx_hal_rcc.c.obj
 *fill*         0x0800c13e        0x2 
 .rodata.aPLLMULFactorTable.1
                0x0800c140       0x10 CMakeFiles/Liu_c8t6.elf.dir/Drivers/STM32F1xx_HAL_Driver/Src/stm32f1xx_hal_rcc.c.obj
 .rodata.menu_1.str1.4
                0x0800c150       0x12 CMakeFiles/Liu_c8t6.elf.dir/MENU/MENU.c.obj
 .rodata.menu_2.str1.4
                0x0800c150       0x40 CMakeFiles/Liu_c8t6.elf.dir/MENU/MENU.c.obj
 .rodata.menu_3.str1.4
                0x0800c150        0x3 CMakeFiles/Liu_c8t6.elf.dir/MENU/MENU.c.obj
 .rodata.Delete_select.str1.4
                0x0800c150       0x30 CMakeFiles/Liu_c8t6.elf.dir/MENU/MENU.c.obj
 .rodata.Hzk4   0x0800c150      0x200 CMakeFiles/Liu_c8t6.elf.dir/OLED2/OLED2.c.obj
                0x0800c150                Hzk4
 .rodata.Hzk3   0x0800c350       0x80 CMakeFiles/Liu_c8t6.elf.dir/OLED2/OLED2.c.obj
                0x0800c350                Hzk3
 .rodata.Hzk2   0x0800c3d0       0x48 CMakeFiles/Liu_c8t6.elf.dir/OLED2/OLED2.c.obj
                0x0800c3d0                Hzk2
 .rodata.Hzk1   0x0800c418      0x3e0 CMakeFiles/Liu_c8t6.elf.dir/OLED2/OLED2.c.obj
                0x0800c418                Hzk1
 .rodata.asc2_2412
                0x0800c7f8      0xd5c CMakeFiles/Liu_c8t6.elf.dir/OLED2/OLED2.c.obj
                0x0800c7f8                asc2_2412
 .rodata.asc2_1608
                0x0800d554      0x5f0 CMakeFiles/Liu_c8t6.elf.dir/OLED2/OLED2.c.obj
                0x0800d554                asc2_1608
 .rodata.asc2_1206
                0x0800db44      0x474 CMakeFiles/Liu_c8t6.elf.dir/OLED2/OLED2.c.obj
                0x0800db44                asc2_1206
 .rodata.asc2_0806
                0x0800dfb8      0x228 CMakeFiles/Liu_c8t6.elf.dir/OLED2/OLED2.c.obj
                0x0800dfb8                asc2_0806
 .rodata.SHT20_Read.str1.4
                0x0800e1e0       0x16 CMakeFiles/Liu_c8t6.elf.dir/USER/SHT20.c.obj
 .rodata._puts_r.str1.4
                0x0800e1e0        0x2 I:/ARM-GN~1.3/133167~1.3RE/bin/../lib/gcc/arm-none-eabi/13.3.1/thumb/v7-m/nofp\libg.a(libc_a-puts.o)
 .rodata._vfprintf_r.str1.4
                0x0800e1e0       0x42 I:/ARM-GN~1.3/133167~1.3RE/bin/../lib/gcc/arm-none-eabi/13.3.1/thumb/v7-m/nofp\libg.a(libc_a-vfprintf.o)
 .rodata.zeroes.0
                0x0800e1e0       0x10 I:/ARM-GN~1.3/133167~1.3RE/bin/../lib/gcc/arm-none-eabi/13.3.1/thumb/v7-m/nofp\libg.a(libc_a-vfprintf.o)
 .rodata.blanks.1
                0x0800e1f0       0x10 I:/ARM-GN~1.3/133167~1.3RE/bin/../lib/gcc/arm-none-eabi/13.3.1/thumb/v7-m/nofp\libg.a(libc_a-vfprintf.o)
 .rodata.str1.4
                0x0800e200       0x4c I:/ARM-GN~1.3/133167~1.3RE/bin/../lib/gcc/arm-none-eabi/13.3.1/thumb/v7-m/nofp\libg.a(libc_a-locale.o)
 .rodata._dtoa_r.str1.4
                0x0800e200       0x81 I:/ARM-GN~1.3/133167~1.3RE/bin/../lib/gcc/arm-none-eabi/13.3.1/thumb/v7-m/nofp\libg.a(libc_a-dtoa.o)
 .rodata.__multadd.str1.4
                0x0800e200       0x6e I:/ARM-GN~1.3/133167~1.3RE/bin/../lib/gcc/arm-none-eabi/13.3.1/thumb/v7-m/nofp\libg.a(libc_a-mprec.o)
 .rodata.p05.0  0x0800e200        0xc I:/ARM-GN~1.3/133167~1.3RE/bin/../lib/gcc/arm-none-eabi/13.3.1/thumb/v7-m/nofp\libg.a(libc_a-mprec.o)
 *fill*         0x0800e20c        0x4 
 .rodata.__mprec_bigtens
                0x0800e210       0x28 I:/ARM-GN~1.3/133167~1.3RE/bin/../lib/gcc/arm-none-eabi/13.3.1/thumb/v7-m/nofp\libg.a(libc_a-mprec.o)
                0x0800e210                __mprec_bigtens
 .rodata.__mprec_tens
                0x0800e238       0xc8 I:/ARM-GN~1.3/133167~1.3RE/bin/../lib/gcc/arm-none-eabi/13.3.1/thumb/v7-m/nofp\libg.a(libc_a-mprec.o)
                0x0800e238                __mprec_tens
 .rodata._ctype_
                0x0800e300      0x101 I:/ARM-GN~1.3/133167~1.3RE/bin/../lib/gcc/arm-none-eabi/13.3.1/thumb/v7-m/nofp\libg.a(libc_a-ctype_.o)
                0x0800e300                _ctype_
 .rodata.__assert_func.str1.4
                0x0800e401       0x43 I:/ARM-GN~1.3/133167~1.3RE/bin/../lib/gcc/arm-none-eabi/13.3.1/thumb/v7-m/nofp\libg.a(libc_a-assert.o)
 .rodata._vfiprintf_r.str1.4
                0x0800e401       0x2f I:/ARM-GN~1.3/133167~1.3RE/bin/../lib/gcc/arm-none-eabi/13.3.1/thumb/v7-m/nofp\libg.a(libc_a-vfiprintf.o)
 *fill*         0x0800e401        0x3 
 .rodata.zeroes.0
                0x0800e404       0x10 I:/ARM-GN~1.3/133167~1.3RE/bin/../lib/gcc/arm-none-eabi/13.3.1/thumb/v7-m/nofp\libg.a(libc_a-vfiprintf.o)
 .rodata.blanks.1
                0x0800e414       0x10 I:/ARM-GN~1.3/133167~1.3RE/bin/../lib/gcc/arm-none-eabi/13.3.1/thumb/v7-m/nofp\libg.a(libc_a-vfiprintf.o)
                0x0800e424                        . = ALIGN (0x4)

.ARM.extab      0x0800e424        0x0
                0x0800e424                        . = ALIGN (0x4)
 *(.ARM.extab* .gnu.linkonce.armextab.*)
                0x0800e424                        . = ALIGN (0x4)

.ARM            0x0800e424        0x8
                0x0800e424                        . = ALIGN (0x4)
                0x0800e424                        __exidx_start = .
 *(.ARM.exidx*)
 .ARM.exidx     0x0800e424        0x8 I:/ARM-GN~1.3/133167~1.3RE/bin/../lib/gcc/arm-none-eabi/13.3.1/thumb/v7-m/nofp\libg.a(libc_a-memcpy.o)
                0x0800e42c                        __exidx_end = .
                0x0800e42c                        . = ALIGN (0x4)

.preinit_array  0x0800e42c        0x0
                0x0800e42c                        . = ALIGN (0x4)
                0x0800e42c                        PROVIDE (__preinit_array_start = .)
 *(.preinit_array*)
                0x0800e42c                        PROVIDE (__preinit_array_end = .)
                0x0800e42c                        . = ALIGN (0x4)

.init_array     0x0800e42c        0x8
                0x0800e42c                        . = ALIGN (0x4)
                0x0800e42c                        PROVIDE (__init_array_start = .)
 *(SORT_BY_NAME(.init_array.*))
 .init_array.00000
                0x0800e42c        0x4 I:/ARM-GN~1.3/133167~1.3RE/bin/../lib/gcc/arm-none-eabi/13.3.1/thumb/v7-m/nofp\libg.a(libc_a-__call_atexit.o)
 *(.init_array*)
 .init_array    0x0800e430        0x4 I:/ARM-GN~1.3/133167~1.3RE/bin/../lib/gcc/arm-none-eabi/13.3.1/thumb/v7-m/nofp/crtbegin.o
                0x0800e434                        PROVIDE (__init_array_end = .)
                0x0800e434                        . = ALIGN (0x4)

.fini_array     0x0800e434        0x4
                0x0800e434                        . = ALIGN (0x4)
                0x0800e434                        PROVIDE (__fini_array_start = .)
 *(SORT_BY_NAME(.fini_array.*))
 *(.fini_array*)
 .fini_array    0x0800e434        0x4 I:/ARM-GN~1.3/133167~1.3RE/bin/../lib/gcc/arm-none-eabi/13.3.1/thumb/v7-m/nofp/crtbegin.o
                0x0800e438                        PROVIDE (__fini_array_end = .)
                0x0800e438                        . = ALIGN (0x4)
                0x0800e438                        _sidata = LOADADDR (.data)

.rel.dyn        0x0800e438        0x0
 .rel.iplt      0x0800e438        0x0 I:/ARM-GN~1.3/133167~1.3RE/bin/../lib/gcc/arm-none-eabi/13.3.1/thumb/v7-m/nofp/crtbegin.o

.data           0x20000000      0x6fc load address 0x0800e438
                0x20000000                        . = ALIGN (0x4)
                0x20000000                        _sdata = .
 *(.data)
 *(.data*)
 .data.cnt      0x20000000        0x4 CMakeFiles/Liu_c8t6.elf.dir/Core/Src/main.c.obj
                0x20000000                cnt
 .data.count    0x20000004        0x1 CMakeFiles/Liu_c8t6.elf.dir/Core/Src/stm32f1xx_it.c.obj
                0x20000004                count
 .data.c        0x20000005        0x1 CMakeFiles/Liu_c8t6.elf.dir/Core/Src/stm32f1xx_it.c.obj
                0x20000005                c
 *fill*         0x20000006        0x2 
 .data.SystemCoreClock
                0x20000008        0x4 CMakeFiles/Liu_c8t6.elf.dir/Core/Src/system_stm32f1xx.c.obj
                0x20000008                SystemCoreClock
 .data.uwTickFreq
                0x2000000c        0x1 CMakeFiles/Liu_c8t6.elf.dir/Drivers/STM32F1xx_HAL_Driver/Src/stm32f1xx_hal.c.obj
                0x2000000c                uwTickFreq
 *fill*         0x2000000d        0x3 
 .data.uwTickPrio
                0x20000010        0x4 CMakeFiles/Liu_c8t6.elf.dir/Drivers/STM32F1xx_HAL_Driver/Src/stm32f1xx_hal.c.obj
                0x20000010                uwTickPrio
 .data.my_congfig
                0x20000014       0x10 CMakeFiles/Liu_c8t6.elf.dir/MENU/MENU.c.obj
                0x20000014                my_congfig
 .data.__sglue  0x20000024        0xc I:/ARM-GN~1.3/133167~1.3RE/bin/../lib/gcc/arm-none-eabi/13.3.1/thumb/v7-m/nofp\libg.a(libc_a-findfp.o)
                0x20000024                __sglue
 .data._impure_ptr
                0x20000030        0x4 I:/ARM-GN~1.3/133167~1.3RE/bin/../lib/gcc/arm-none-eabi/13.3.1/thumb/v7-m/nofp\libg.a(libc_a-impure.o)
                0x20000030                _impure_ptr
 *fill*         0x20000034        0x4 
 .data._impure_data
                0x20000038      0x140 I:/ARM-GN~1.3/133167~1.3RE/bin/../lib/gcc/arm-none-eabi/13.3.1/thumb/v7-m/nofp\libg.a(libc_a-impure.o)
                0x20000038                _impure_data
 .data.__atexit_recursive_mutex
                0x20000178        0x4 I:/ARM-GN~1.3/133167~1.3RE/bin/../lib/gcc/arm-none-eabi/13.3.1/thumb/v7-m/nofp\libg.a(libc_a-__call_atexit.o)
                0x20000178                __atexit_recursive_mutex
 .data.__malloc_sbrk_base
                0x2000017c        0x4 I:/ARM-GN~1.3/133167~1.3RE/bin/../lib/gcc/arm-none-eabi/13.3.1/thumb/v7-m/nofp\libg.a(libc_a-mallocr.o)
                0x2000017c                __malloc_sbrk_base
 .data.__malloc_trim_threshold
                0x20000180        0x4 I:/ARM-GN~1.3/133167~1.3RE/bin/../lib/gcc/arm-none-eabi/13.3.1/thumb/v7-m/nofp\libg.a(libc_a-mallocr.o)
                0x20000180                __malloc_trim_threshold
 *fill*         0x20000184        0x4 
 .data.__malloc_av_
                0x20000188      0x408 I:/ARM-GN~1.3/133167~1.3RE/bin/../lib/gcc/arm-none-eabi/13.3.1/thumb/v7-m/nofp\libg.a(libc_a-mallocr.o)
                0x20000188                __malloc_av_
 .data.__global_locale
                0x20000590      0x16c I:/ARM-GN~1.3/133167~1.3RE/bin/../lib/gcc/arm-none-eabi/13.3.1/thumb/v7-m/nofp\libg.a(libc_a-locale.o)
                0x20000590                __global_locale
 *(.RamFunc)
 *(.RamFunc*)
                0x200006fc                        . = ALIGN (0x4)
                0x200006fc                        _edata = .

.tm_clone_table
                0x200006fc        0x0 load address 0x0800eb34
 .tm_clone_table
                0x200006fc        0x0 I:/ARM-GN~1.3/133167~1.3RE/bin/../lib/gcc/arm-none-eabi/13.3.1/thumb/v7-m/nofp/crtbegin.o
 .tm_clone_table
                0x200006fc        0x0 I:/ARM-GN~1.3/133167~1.3RE/bin/../lib/gcc/arm-none-eabi/13.3.1/thumb/v7-m/nofp/crtend.o

.igot.plt       0x200006fc        0x0 load address 0x0800eb34
 .igot.plt      0x200006fc        0x0 I:/ARM-GN~1.3/133167~1.3RE/bin/../lib/gcc/arm-none-eabi/13.3.1/thumb/v7-m/nofp/crtbegin.o
                0x200006fc                        . = ALIGN (0x4)

.bss            0x20000700      0xd8c load address 0x0800eb34
                0x20000700                        _sbss = .
                0x20000700                        __bss_start__ = _sbss
 *(.bss)
 *(.bss*)
 .bss.completed.1
                0x20000700        0x1 I:/ARM-GN~1.3/133167~1.3RE/bin/../lib/gcc/arm-none-eabi/13.3.1/thumb/v7-m/nofp/crtbegin.o
 *fill*         0x20000701        0x3 
 .bss.object.0  0x20000704       0x18 I:/ARM-GN~1.3/133167~1.3RE/bin/../lib/gcc/arm-none-eabi/13.3.1/thumb/v7-m/nofp/crtbegin.o
 .bss.hiwdg     0x2000071c        0xc CMakeFiles/Liu_c8t6.elf.dir/Core/Src/iwdg.c.obj
                0x2000071c                hiwdg
 .bss.weekdays_temp
                0x20000728        0x4 CMakeFiles/Liu_c8t6.elf.dir/Core/Src/main.c.obj
                0x20000728                weekdays_temp
 .bss.time_data
                0x2000072c        0x8 CMakeFiles/Liu_c8t6.elf.dir/Core/Src/main.c.obj
                0x2000072c                time_data
 .bss.Data_Distance
                0x20000734        0x2 CMakeFiles/Liu_c8t6.elf.dir/Core/Src/main.c.obj
                0x20000734                Data_Distance
 *fill*         0x20000736        0x2 
 .bss.decimalPart
                0x20000738        0x4 CMakeFiles/Liu_c8t6.elf.dir/Core/Src/main.c.obj
                0x20000738                decimalPart
 .bss.integerPart
                0x2000073c        0x4 CMakeFiles/Liu_c8t6.elf.dir/Core/Src/main.c.obj
                0x2000073c                integerPart
 .bss.displayValue
                0x20000740        0x4 CMakeFiles/Liu_c8t6.elf.dir/Core/Src/main.c.obj
                0x20000740                displayValue
 .bss.distance_offset_1000
                0x20000744        0x4 CMakeFiles/Liu_c8t6.elf.dir/Core/Src/main.c.obj
                0x20000744                distance_offset_1000
 .bss.distance_1000
                0x20000748        0x4 CMakeFiles/Liu_c8t6.elf.dir/Core/Src/main.c.obj
                0x20000748                distance_1000
 .bss.distance  0x2000074c        0x8 CMakeFiles/Liu_c8t6.elf.dir/Core/Src/main.c.obj
                0x2000074c                distance
 .bss.humidity_100
                0x20000754        0x4 CMakeFiles/Liu_c8t6.elf.dir/Core/Src/main.c.obj
                0x20000754                humidity_100
 .bss.temperature_1000
                0x20000758        0x4 CMakeFiles/Liu_c8t6.elf.dir/Core/Src/main.c.obj
                0x20000758                temperature_1000
 .bss.temperature_ds18
                0x2000075c        0x4 CMakeFiles/Liu_c8t6.elf.dir/Core/Src/main.c.obj
                0x2000075c                temperature_ds18
 .bss.humidity  0x20000760        0x4 CMakeFiles/Liu_c8t6.elf.dir/Core/Src/main.c.obj
                0x20000760                humidity
 .bss.temperature
                0x20000764        0x4 CMakeFiles/Liu_c8t6.elf.dir/Core/Src/main.c.obj
                0x20000764                temperature
 .bss.my_Buffer
                0x20000768        0xc CMakeFiles/Liu_c8t6.elf.dir/Core/Src/stm32f1xx_it.c.obj
                0x20000768                my_Buffer
 .bss.get_key   0x20000774        0x1 CMakeFiles/Liu_c8t6.elf.dir/Core/Src/stm32f1xx_it.c.obj
                0x20000774                get_key
 *fill*         0x20000775        0x3 
 .bss.__sbrk_heap_end
                0x20000778        0x4 CMakeFiles/Liu_c8t6.elf.dir/Core/Src/sysmem.c.obj
 .bss.htim2     0x2000077c       0x48 CMakeFiles/Liu_c8t6.elf.dir/Core/Src/tim.c.obj
                0x2000077c                htim2
 .bss.htim1     0x200007c4       0x48 CMakeFiles/Liu_c8t6.elf.dir/Core/Src/tim.c.obj
                0x200007c4                htim1
 .bss.huart1    0x2000080c       0x48 CMakeFiles/Liu_c8t6.elf.dir/Core/Src/usart.c.obj
                0x2000080c                huart1
 .bss.uwTick    0x20000854        0x4 CMakeFiles/Liu_c8t6.elf.dir/Drivers/STM32F1xx_HAL_Driver/Src/stm32f1xx_hal.c.obj
                0x20000854                uwTick
 .bss.pFlash    0x20000858       0x20 CMakeFiles/Liu_c8t6.elf.dir/Drivers/STM32F1xx_HAL_Driver/Src/stm32f1xx_hal_flash.c.obj
                0x20000858                pFlash
 .bss.datatemp  0x20000878        0xc CMakeFiles/Liu_c8t6.elf.dir/MENU/MENU.c.obj
                0x20000878                datatemp
 .bss.Display_Array
                0x20000884       0x4c CMakeFiles/Liu_c8t6.elf.dir/MENU/MENU.c.obj
                0x20000884                Display_Array
 .bss.OLED_GRAM
                0x200008d0      0x480 CMakeFiles/Liu_c8t6.elf.dir/OLED2/OLED2.c.obj
                0x200008d0                OLED_GRAM
 .bss.sound_speed
                0x20000d50        0x4 CMakeFiles/Liu_c8t6.elf.dir/USER/HCSR04.c.obj
                0x20000d50                sound_speed
 .bss.msHcCount
                0x20000d54        0x1 CMakeFiles/Liu_c8t6.elf.dir/USER/HCSR04.c.obj
                0x20000d54                msHcCount
 *fill*         0x20000d55        0x3 
 .bss.STMFLASH_BUF
                0x20000d58      0x400 CMakeFiles/Liu_c8t6.elf.dir/USER/STMflash.c.obj
                0x20000d58                STMFLASH_BUF
 .bss.p_Flash   0x20001158       0x20 CMakeFiles/Liu_c8t6.elf.dir/USER/STMflash.c.obj
                0x20001158                p_Flash
 .bss.__sf      0x20001178      0x138 I:/ARM-GN~1.3/133167~1.3RE/bin/../lib/gcc/arm-none-eabi/13.3.1/thumb/v7-m/nofp\libg.a(libc_a-findfp.o)
                0x20001178                __sf
 .bss.__stdio_exit_handler
                0x200012b0        0x4 I:/ARM-GN~1.3/133167~1.3RE/bin/../lib/gcc/arm-none-eabi/13.3.1/thumb/v7-m/nofp\libg.a(libc_a-findfp.o)
                0x200012b0                __stdio_exit_handler
 .bss.errno     0x200012b4        0x4 I:/ARM-GN~1.3/133167~1.3RE/bin/../lib/gcc/arm-none-eabi/13.3.1/thumb/v7-m/nofp\libg.a(libc_a-reent.o)
                0x200012b4                errno
 .bss.__lock___malloc_recursive_mutex
                0x200012b8        0x1 I:/ARM-GN~1.3/133167~1.3RE/bin/../lib/gcc/arm-none-eabi/13.3.1/thumb/v7-m/nofp\libg.a(libc_a-lock.o)
                0x200012b8                __lock___malloc_recursive_mutex
 *fill*         0x200012b9        0x3 
 .bss.__lock___atexit_recursive_mutex
                0x200012bc        0x1 I:/ARM-GN~1.3/133167~1.3RE/bin/../lib/gcc/arm-none-eabi/13.3.1/thumb/v7-m/nofp\libg.a(libc_a-lock.o)
                0x200012bc                __lock___atexit_recursive_mutex
 *fill*         0x200012bd        0x3 
 .bss.__lock___sfp_recursive_mutex
                0x200012c0        0x1 I:/ARM-GN~1.3/133167~1.3RE/bin/../lib/gcc/arm-none-eabi/13.3.1/thumb/v7-m/nofp\libg.a(libc_a-lock.o)
                0x200012c0                __lock___sfp_recursive_mutex
 *fill*         0x200012c1        0x3 
 .bss.__atexit  0x200012c4        0x4 I:/ARM-GN~1.3/133167~1.3RE/bin/../lib/gcc/arm-none-eabi/13.3.1/thumb/v7-m/nofp\libg.a(libc_a-__call_atexit.o)
                0x200012c4                __atexit
 .bss.__malloc_current_mallinfo
                0x200012c8       0x28 I:/ARM-GN~1.3/133167~1.3RE/bin/../lib/gcc/arm-none-eabi/13.3.1/thumb/v7-m/nofp\libg.a(libc_a-mallocr.o)
                0x200012c8                __malloc_current_mallinfo
 .bss.__malloc_max_total_mem
                0x200012f0        0x4 I:/ARM-GN~1.3/133167~1.3RE/bin/../lib/gcc/arm-none-eabi/13.3.1/thumb/v7-m/nofp\libg.a(libc_a-mallocr.o)
                0x200012f0                __malloc_max_total_mem
 .bss.__malloc_max_sbrked_mem
                0x200012f4        0x4 I:/ARM-GN~1.3/133167~1.3RE/bin/../lib/gcc/arm-none-eabi/13.3.1/thumb/v7-m/nofp\libg.a(libc_a-mallocr.o)
                0x200012f4                __malloc_max_sbrked_mem
 .bss.__malloc_top_pad
                0x200012f8        0x4 I:/ARM-GN~1.3/133167~1.3RE/bin/../lib/gcc/arm-none-eabi/13.3.1/thumb/v7-m/nofp\libg.a(libc_a-mallocr.o)
                0x200012f8                __malloc_top_pad
 .bss.__atexit0
                0x200012fc      0x190 I:/ARM-GN~1.3/133167~1.3RE/bin/../lib/gcc/arm-none-eabi/13.3.1/thumb/v7-m/nofp\libg.a(libc_a-__atexit.o)
                0x200012fc                __atexit0
 *(COMMON)
                0x2000148c                        . = ALIGN (0x4)
                0x2000148c                        _ebss = .
                0x2000148c                        __bss_end__ = _ebss

._user_heap_stack
                0x2000148c      0x604 load address 0x0800eb34
                0x20001490                        . = ALIGN (0x8)
 *fill*         0x2000148c        0x4 
                [!provide]                        PROVIDE (end = .)
                0x20001490                        PROVIDE (_end = .)
                0x20001690                        . = (. + _Min_Heap_Size)
 *fill*         0x20001490      0x200 
                0x20001a90                        . = (. + _Min_Stack_Size)
 *fill*         0x20001690      0x400 
                0x20001a90                        . = ALIGN (0x8)

/DISCARD/
 libc.a(*)
 libm.a(*)
 libgcc.a(*)

.ARM.attributes
                0x00000000       0x29
 *(.ARM.attributes)
 .ARM.attributes
                0x00000000       0x1d I:/ARM-GN~1.3/133167~1.3RE/bin/../lib/gcc/arm-none-eabi/13.3.1/thumb/v7-m/nofp/crti.o
 .ARM.attributes
                0x0000001d       0x2d I:/ARM-GN~1.3/133167~1.3RE/bin/../lib/gcc/arm-none-eabi/13.3.1/thumb/v7-m/nofp/crtbegin.o
 .ARM.attributes
                0x0000004a       0x2d CMakeFiles/Liu_c8t6.elf.dir/Core/Src/gpio.c.obj
 .ARM.attributes
                0x00000077       0x2d CMakeFiles/Liu_c8t6.elf.dir/Core/Src/iwdg.c.obj
 .ARM.attributes
                0x000000a4       0x2d CMakeFiles/Liu_c8t6.elf.dir/Core/Src/main.c.obj
 .ARM.attributes
                0x000000d1       0x2d CMakeFiles/Liu_c8t6.elf.dir/Core/Src/stm32f1xx_hal_msp.c.obj
 .ARM.attributes
                0x000000fe       0x2d CMakeFiles/Liu_c8t6.elf.dir/Core/Src/stm32f1xx_it.c.obj
 .ARM.attributes
                0x0000012b       0x2d CMakeFiles/Liu_c8t6.elf.dir/Core/Src/syscalls.c.obj
 .ARM.attributes
                0x00000158       0x2d CMakeFiles/Liu_c8t6.elf.dir/Core/Src/sysmem.c.obj
 .ARM.attributes
                0x00000185       0x2d CMakeFiles/Liu_c8t6.elf.dir/Core/Src/system_stm32f1xx.c.obj
 .ARM.attributes
                0x000001b2       0x2d CMakeFiles/Liu_c8t6.elf.dir/Core/Src/tim.c.obj
 .ARM.attributes
                0x000001df       0x2d CMakeFiles/Liu_c8t6.elf.dir/Core/Src/usart.c.obj
 .ARM.attributes
                0x0000020c       0x21 CMakeFiles/Liu_c8t6.elf.dir/Core/Startup/startup_stm32f103c8tx.s.obj
 .ARM.attributes
                0x0000022d       0x2d CMakeFiles/Liu_c8t6.elf.dir/Drivers/STM32F1xx_HAL_Driver/Src/stm32f1xx_hal.c.obj
 .ARM.attributes
                0x0000025a       0x2d CMakeFiles/Liu_c8t6.elf.dir/Drivers/STM32F1xx_HAL_Driver/Src/stm32f1xx_hal_cortex.c.obj
 .ARM.attributes
                0x00000287       0x2d CMakeFiles/Liu_c8t6.elf.dir/Drivers/STM32F1xx_HAL_Driver/Src/stm32f1xx_hal_dma.c.obj
 .ARM.attributes
                0x000002b4       0x2d CMakeFiles/Liu_c8t6.elf.dir/Drivers/STM32F1xx_HAL_Driver/Src/stm32f1xx_hal_flash.c.obj
 .ARM.attributes
                0x000002e1       0x2d CMakeFiles/Liu_c8t6.elf.dir/Drivers/STM32F1xx_HAL_Driver/Src/stm32f1xx_hal_gpio.c.obj
 .ARM.attributes
                0x0000030e       0x2d CMakeFiles/Liu_c8t6.elf.dir/Drivers/STM32F1xx_HAL_Driver/Src/stm32f1xx_hal_iwdg.c.obj
 .ARM.attributes
                0x0000033b       0x2d CMakeFiles/Liu_c8t6.elf.dir/Drivers/STM32F1xx_HAL_Driver/Src/stm32f1xx_hal_rcc.c.obj
 .ARM.attributes
                0x00000368       0x2d CMakeFiles/Liu_c8t6.elf.dir/Drivers/STM32F1xx_HAL_Driver/Src/stm32f1xx_hal_tim.c.obj
 .ARM.attributes
                0x00000395       0x2d CMakeFiles/Liu_c8t6.elf.dir/Drivers/STM32F1xx_HAL_Driver/Src/stm32f1xx_hal_tim_ex.c.obj
 .ARM.attributes
                0x000003c2       0x2d CMakeFiles/Liu_c8t6.elf.dir/Drivers/STM32F1xx_HAL_Driver/Src/stm32f1xx_hal_uart.c.obj
 .ARM.attributes
                0x000003ef       0x2d CMakeFiles/Liu_c8t6.elf.dir/MENU/MENU.c.obj
 .ARM.attributes
                0x0000041c       0x2d CMakeFiles/Liu_c8t6.elf.dir/OLED2/OLED2.c.obj
 .ARM.attributes
                0x00000449       0x2d CMakeFiles/Liu_c8t6.elf.dir/USER/DS18B20.c.obj
 .ARM.attributes
                0x00000476       0x2d CMakeFiles/Liu_c8t6.elf.dir/USER/Delay_us.c.obj
 .ARM.attributes
                0x000004a3       0x2d CMakeFiles/Liu_c8t6.elf.dir/USER/HCSR04.c.obj
 .ARM.attributes
                0x000004d0       0x2d CMakeFiles/Liu_c8t6.elf.dir/USER/MAX7219.c.obj
 .ARM.attributes
                0x000004fd       0x2d CMakeFiles/Liu_c8t6.elf.dir/USER/SHT20.c.obj
 .ARM.attributes
                0x0000052a       0x2d CMakeFiles/Liu_c8t6.elf.dir/USER/STMflash.c.obj
 .ARM.attributes
                0x00000557       0x2d CMakeFiles/Liu_c8t6.elf.dir/USER/buzzer.c.obj
 .ARM.attributes
                0x00000584       0x1d I:/ARM-GN~1.3/133167~1.3RE/bin/../lib/gcc/arm-none-eabi/13.3.1/thumb/v7-m/nofp\libgcc.a(_arm_addsubdf3.o)
 .ARM.attributes
                0x000005a1       0x1d I:/ARM-GN~1.3/133167~1.3RE/bin/../lib/gcc/arm-none-eabi/13.3.1/thumb/v7-m/nofp\libgcc.a(_arm_truncdfsf2.o)
 .ARM.attributes
                0x000005be       0x1d I:/ARM-GN~1.3/133167~1.3RE/bin/../lib/gcc/arm-none-eabi/13.3.1/thumb/v7-m/nofp\libgcc.a(_arm_addsubsf3.o)
 .ARM.attributes
                0x000005db       0x1d I:/ARM-GN~1.3/133167~1.3RE/bin/../lib/gcc/arm-none-eabi/13.3.1/thumb/v7-m/nofp\libgcc.a(_arm_muldivsf3.o)
 .ARM.attributes
                0x000005f8       0x1d I:/ARM-GN~1.3/133167~1.3RE/bin/../lib/gcc/arm-none-eabi/13.3.1/thumb/v7-m/nofp\libgcc.a(_arm_cmpsf2.o)
 .ARM.attributes
                0x00000615       0x1d I:/ARM-GN~1.3/133167~1.3RE/bin/../lib/gcc/arm-none-eabi/13.3.1/thumb/v7-m/nofp\libgcc.a(_arm_fixsfsi.o)
 .ARM.attributes
                0x00000632       0x1d I:/ARM-GN~1.3/133167~1.3RE/bin/../lib/gcc/arm-none-eabi/13.3.1/thumb/v7-m/nofp\libgcc.a(_arm_fixunssfsi.o)
 .ARM.attributes
                0x0000064f       0x2d I:/ARM-GN~1.3/133167~1.3RE/bin/../lib/gcc/arm-none-eabi/13.3.1/thumb/v7-m/nofp\libg.a(libc_a-findfp.o)
 .ARM.attributes
                0x0000067c       0x2d I:/ARM-GN~1.3/133167~1.3RE/bin/../lib/gcc/arm-none-eabi/13.3.1/thumb/v7-m/nofp\libg.a(libc_a-fwalk.o)
 .ARM.attributes
                0x000006a9       0x2d I:/ARM-GN~1.3/133167~1.3RE/bin/../lib/gcc/arm-none-eabi/13.3.1/thumb/v7-m/nofp\libg.a(libc_a-printf.o)
 .ARM.attributes
                0x000006d6       0x2d I:/ARM-GN~1.3/133167~1.3RE/bin/../lib/gcc/arm-none-eabi/13.3.1/thumb/v7-m/nofp\libg.a(libc_a-puts.o)
 .ARM.attributes
                0x00000703       0x2d I:/ARM-GN~1.3/133167~1.3RE/bin/../lib/gcc/arm-none-eabi/13.3.1/thumb/v7-m/nofp\libg.a(libc_a-stdio.o)
 .ARM.attributes
                0x00000730       0x2d I:/ARM-GN~1.3/133167~1.3RE/bin/../lib/gcc/arm-none-eabi/13.3.1/thumb/v7-m/nofp\libg.a(libc_a-memset.o)
 .ARM.attributes
                0x0000075d       0x2d I:/ARM-GN~1.3/133167~1.3RE/bin/../lib/gcc/arm-none-eabi/13.3.1/thumb/v7-m/nofp\libg.a(libc_a-closer.o)
 .ARM.attributes
                0x0000078a       0x2d I:/ARM-GN~1.3/133167~1.3RE/bin/../lib/gcc/arm-none-eabi/13.3.1/thumb/v7-m/nofp\libg.a(libc_a-reent.o)
 .ARM.attributes
                0x000007b7       0x2d I:/ARM-GN~1.3/133167~1.3RE/bin/../lib/gcc/arm-none-eabi/13.3.1/thumb/v7-m/nofp\libg.a(libc_a-impure.o)
 .ARM.attributes
                0x000007e4       0x2d I:/ARM-GN~1.3/133167~1.3RE/bin/../lib/gcc/arm-none-eabi/13.3.1/thumb/v7-m/nofp\libg.a(libc_a-lseekr.o)
 .ARM.attributes
                0x00000811       0x2d I:/ARM-GN~1.3/133167~1.3RE/bin/../lib/gcc/arm-none-eabi/13.3.1/thumb/v7-m/nofp\libg.a(libc_a-readr.o)
 .ARM.attributes
                0x0000083e       0x2d I:/ARM-GN~1.3/133167~1.3RE/bin/../lib/gcc/arm-none-eabi/13.3.1/thumb/v7-m/nofp\libg.a(libc_a-writer.o)
 .ARM.attributes
                0x0000086b       0x2d I:/ARM-GN~1.3/133167~1.3RE/bin/../lib/gcc/arm-none-eabi/13.3.1/thumb/v7-m/nofp\libg.a(libc_a-errno.o)
 .ARM.attributes
                0x00000898       0x2d I:/ARM-GN~1.3/133167~1.3RE/bin/../lib/gcc/arm-none-eabi/13.3.1/thumb/v7-m/nofp\libg.a(libc_a-init.o)
 .ARM.attributes
                0x000008c5       0x2d I:/ARM-GN~1.3/133167~1.3RE/bin/../lib/gcc/arm-none-eabi/13.3.1/thumb/v7-m/nofp\libg.a(libc_a-lock.o)
 .ARM.attributes
                0x000008f2       0x2d I:/ARM-GN~1.3/133167~1.3RE/bin/../lib/gcc/arm-none-eabi/13.3.1/thumb/v7-m/nofp\libg.a(libc_a-strlen-stub.o)
 .ARM.attributes
                0x0000091f       0x2d I:/ARM-GN~1.3/133167~1.3RE/bin/../lib/gcc/arm-none-eabi/13.3.1/thumb/v7-m/nofp\libg.a(libc_a-__call_atexit.o)
 .ARM.attributes
                0x0000094c       0x2d I:/ARM-GN~1.3/133167~1.3RE/bin/../lib/gcc/arm-none-eabi/13.3.1/thumb/v7-m/nofp\libg.a(libc_a-atexit.o)
 .ARM.attributes
                0x00000979       0x2d I:/ARM-GN~1.3/133167~1.3RE/bin/../lib/gcc/arm-none-eabi/13.3.1/thumb/v7-m/nofp\libg.a(libc_a-freer.o)
 .ARM.attributes
                0x000009a6       0x2d I:/ARM-GN~1.3/133167~1.3RE/bin/../lib/gcc/arm-none-eabi/13.3.1/thumb/v7-m/nofp\libg.a(libc_a-mallocr.o)
 .ARM.attributes
                0x000009d3       0x2d I:/ARM-GN~1.3/133167~1.3RE/bin/../lib/gcc/arm-none-eabi/13.3.1/thumb/v7-m/nofp\libg.a(libc_a-mlock.o)
 .ARM.attributes
                0x00000a00       0x2d I:/ARM-GN~1.3/133167~1.3RE/bin/../lib/gcc/arm-none-eabi/13.3.1/thumb/v7-m/nofp\libg.a(libc_a-vfprintf.o)
 .ARM.attributes
                0x00000a2d       0x2d I:/ARM-GN~1.3/133167~1.3RE/bin/../lib/gcc/arm-none-eabi/13.3.1/thumb/v7-m/nofp\libg.a(libc_a-sprint_r.o)
 .ARM.attributes
                0x00000a5a       0x2d I:/ARM-GN~1.3/133167~1.3RE/bin/../lib/gcc/arm-none-eabi/13.3.1/thumb/v7-m/nofp\libg.a(libc_a-fclose.o)
 .ARM.attributes
                0x00000a87       0x2d I:/ARM-GN~1.3/133167~1.3RE/bin/../lib/gcc/arm-none-eabi/13.3.1/thumb/v7-m/nofp\libg.a(libc_a-fflush.o)
 .ARM.attributes
                0x00000ab4       0x2d I:/ARM-GN~1.3/133167~1.3RE/bin/../lib/gcc/arm-none-eabi/13.3.1/thumb/v7-m/nofp\libg.a(libc_a-fvwrite.o)
 .ARM.attributes
                0x00000ae1       0x2d I:/ARM-GN~1.3/133167~1.3RE/bin/../lib/gcc/arm-none-eabi/13.3.1/thumb/v7-m/nofp\libg.a(libc_a-wsetup.o)
 .ARM.attributes
                0x00000b0e       0x2d I:/ARM-GN~1.3/133167~1.3RE/bin/../lib/gcc/arm-none-eabi/13.3.1/thumb/v7-m/nofp\libg.a(libc_a-memmove.o)
 .ARM.attributes
                0x00000b3b       0x2d I:/ARM-GN~1.3/133167~1.3RE/bin/../lib/gcc/arm-none-eabi/13.3.1/thumb/v7-m/nofp\libg.a(libc_a-strncpy.o)
 .ARM.attributes
                0x00000b68       0x2d I:/ARM-GN~1.3/133167~1.3RE/bin/../lib/gcc/arm-none-eabi/13.3.1/thumb/v7-m/nofp\libg.a(libc_a-locale.o)
 .ARM.attributes
                0x00000b95       0x2d I:/ARM-GN~1.3/133167~1.3RE/bin/../lib/gcc/arm-none-eabi/13.3.1/thumb/v7-m/nofp\libg.a(libc_a-localeconv.o)
 .ARM.attributes
                0x00000bc2       0x2d I:/ARM-GN~1.3/133167~1.3RE/bin/../lib/gcc/arm-none-eabi/13.3.1/thumb/v7-m/nofp\libg.a(libc_a-sbrkr.o)
 .ARM.attributes
                0x00000bef       0x2d I:/ARM-GN~1.3/133167~1.3RE/bin/../lib/gcc/arm-none-eabi/13.3.1/thumb/v7-m/nofp\libg.a(libc_a-fini.o)
 .ARM.attributes
                0x00000c1c       0x2d I:/ARM-GN~1.3/133167~1.3RE/bin/../lib/gcc/arm-none-eabi/13.3.1/thumb/v7-m/nofp\libg.a(libc_a-sysconf.o)
 .ARM.attributes
                0x00000c49       0x2d I:/ARM-GN~1.3/133167~1.3RE/bin/../lib/gcc/arm-none-eabi/13.3.1/thumb/v7-m/nofp\libg.a(libc_a-memchr-stub.o)
 .ARM.attributes
                0x00000c76       0x1b I:/ARM-GN~1.3/133167~1.3RE/bin/../lib/gcc/arm-none-eabi/13.3.1/thumb/v7-m/nofp\libg.a(libc_a-memcpy.o)
 .ARM.attributes
                0x00000c91       0x2d I:/ARM-GN~1.3/133167~1.3RE/bin/../lib/gcc/arm-none-eabi/13.3.1/thumb/v7-m/nofp\libg.a(libm_a-s_frexp.o)
 .ARM.attributes
                0x00000cbe       0x2d I:/ARM-GN~1.3/133167~1.3RE/bin/../lib/gcc/arm-none-eabi/13.3.1/thumb/v7-m/nofp\libg.a(libc_a-__atexit.o)
 .ARM.attributes
                0x00000ceb       0x2d I:/ARM-GN~1.3/133167~1.3RE/bin/../lib/gcc/arm-none-eabi/13.3.1/thumb/v7-m/nofp\libg.a(libc_a-dtoa.o)
 .ARM.attributes
                0x00000d18       0x2d I:/ARM-GN~1.3/133167~1.3RE/bin/../lib/gcc/arm-none-eabi/13.3.1/thumb/v7-m/nofp\libg.a(libc_a-mbtowc_r.o)
 .ARM.attributes
                0x00000d45       0x2d I:/ARM-GN~1.3/133167~1.3RE/bin/../lib/gcc/arm-none-eabi/13.3.1/thumb/v7-m/nofp\libg.a(libc_a-mprec.o)
 .ARM.attributes
                0x00000d72       0x2d I:/ARM-GN~1.3/133167~1.3RE/bin/../lib/gcc/arm-none-eabi/13.3.1/thumb/v7-m/nofp\libg.a(libc_a-reallocr.o)
 .ARM.attributes
                0x00000d9f       0x2d I:/ARM-GN~1.3/133167~1.3RE/bin/../lib/gcc/arm-none-eabi/13.3.1/thumb/v7-m/nofp\libg.a(libc_a-wctomb_r.o)
 .ARM.attributes
                0x00000dcc       0x2d I:/ARM-GN~1.3/133167~1.3RE/bin/../lib/gcc/arm-none-eabi/13.3.1/thumb/v7-m/nofp\libg.a(libc_a-wcrtomb.o)
 .ARM.attributes
                0x00000df9       0x2d I:/ARM-GN~1.3/133167~1.3RE/bin/../lib/gcc/arm-none-eabi/13.3.1/thumb/v7-m/nofp\libg.a(libc_a-wcsrtombs.o)
 .ARM.attributes
                0x00000e26       0x2d I:/ARM-GN~1.3/133167~1.3RE/bin/../lib/gcc/arm-none-eabi/13.3.1/thumb/v7-m/nofp\libg.a(libc_a-ctype_.o)
 .ARM.attributes